<html>
<body>
<pre>
<h1>µVision Build Log</h1>
<h2>Tool Versions:</h2>
IDE-Version: ¦ÌVision V5.36.0.0
Copyright (C) 2021 ARM Ltd and ARM Germany GmbH. All rights reserved.
License Information:  ,  , LIC=BUURY-IENC7-LQU0Q-NQQBM-RX7R1-3KUPH
 
Tool Versions:
Toolchain:       MDK-ARM Plus  Version: 5.36.0.0
Toolchain Path:  D:\Tool\MDK\Core\ARM\ARMCC\Bin
C Compiler:      Armcc.exe V5.06 update 7 (build 960)
Assembler:       Armasm.exe V5.06 update 7 (build 960)
Linker/Locator:  ArmLink.exe V5.06 update 7 (build 960)
Library Manager: ArmAr.exe V5.06 update 7 (build 960)
Hex Converter:   FromElf.exe V5.06 update 7 (build 960)
CPU DLL:         SARMCM3.DLL V5.36.0.0
Dialog DLL:      DARMCM1.DLL V1.19.4.0
Target DLL:      STLink\ST-LINKIII-KEIL_SWO.dll V3.0.9.0
Dialog DLL:      TARMCM1.DLL V1.14.4.0
 
<h2>Project:</h2>
D:\Workspace\FOC\6.Code\FOC_Motor_Hall\Project\Keil5\FOC_Motor.uvprojx
Project File Date:  09/24/2024

<h2>Output:</h2>
*** Using Compiler 'V5.06 update 7 (build 960)', folder: 'D:\Tool\MDK\Core\ARM\ARMCC\Bin'
Rebuild target 'Test'
compiling Motor_PID.c...
compiling UART_Process.c...
compiling Motor_math.c...
compiling retarget.c...
compiling Motor_SVPWM.c...
compiling ADC_Config.c...
compiling isr.c...
..\..\CODE\APL\isr.c(146): warning:  #177-D: variable "halldata"  was declared but never referenced
  	uint8_t halldata;
..\..\CODE\APL\isr.c: 1 warning, 0 errors
compiling Motor_Control.c...
compiling CCP_Config.c...
compiling main.c...
compiling EPWM_Config.c...
assembling startup_CMS32M55xx.s...
compiling TIM_Config.c...
compiling system_CMS32M55xx.c...
compiling UART_Config.c...
compiling System_Config.c...
compiling adc0.c...
compiling acmp.c...
compiling adc1.c...
compiling ccp.c...
compiling crc.c...
compiling fmc.c...
compiling hwdiv.c...
compiling epwm.c...
compiling gpio.c...
compiling opa.c...
compiling pga.c...
compiling i2c.c...
compiling ssp.c...
compiling system.c...
compiling timer.c...
compiling uart.c...
compiling wwdt.c...
compiling wdt.c...
linking...
Program Size: Code=3688 RO-data=224 RW-data=72 ZI-data=2080  
FromELF: creating hex file...
".\Objects\FOC_Motor.axf" - 0 Error(s), 1 Warning(s).

<h2>Software Packages used:</h2>

Package Vendor: Cmsemicon
                http://www.mcu.com.cn/pack/Cmsemicon.CMS32-Series.1.1.0.pack
                Cmsemicon.CMS32-Series.1.1.0
                Cmsemicon CMS32 Series Device Support

<h2>Collection of Component include folders:</h2>
  D:\Tool\MDK\Pack\Cmsemicon\CMS32-Series\1.1.0\Device\CMS32M55xx\Include

<h2>Collection of Component Files used:</h2>
Build Time Elapsed:  00:00:02
</pre>
</body>
</html>
