Component: ARM Compiler 5.06 update 7 (build 960) Tool: armlink [4d3601]

==============================================================================

Section Cross References

    isr.o(i.ADC1_IRQHandler) refers to adc1.o(i.ADC1_GetChannelIntFlag) for ADC1_GetChannelIntFlag
    isr.o(i.ADC1_IRQHandler) refers to adc1.o(i.ADC1_ClearChannelIntFlag) for ADC1_ClearChannelIntFlag
    isr.o(i.GPIO3_IRQHandler) refers to motor_control.o(i.MC_SensorMode_HallChange) for MC_SensorMode_HallChange
    isr.o(i.GPIO3_IRQHandler) refers to gpio.o(i.GPIO_GetIntFlag) for GPIO_GetIntFlag
    isr.o(i.GPIO3_IRQHandler) refers to gpio.o(i.GPIO_ClearIntFlag) for GPIO_ClearIntFlag
    main.o(i.HardwareInit) refers to adc_config.o(i.ADC_Init) for ADC_Init
    main.o(i.HardwareInit) refers to epwm_config.o(i.EPWM_Init) for EPWM_Init
    main.o(i.HardwareInit) refers to hall_config.o(i.MC_SensorMode_IOInit) for MC_SensorMode_IOInit
    main.o(i.HardwareInit) refers to hall_commutation.o(i.MC_SensorMode_Init) for MC_SensorMode_Init
    main.o(i.HardwareInit) refers to uart_config.o(i.UART_Init) for UART_Init
    main.o(i.NVIC_Init) refers to main.o(i.NVIC_SetPriority) for NVIC_SetPriority
    main.o(i.NVIC_Init) refers to main.o(i.NVIC_EnableIRQ) for NVIC_EnableIRQ
    main.o(i.SoftwareInit) refers to motor_control.o(.bss) for Motor_Ctrl
    main.o(i.SoftwareInit) refers to motor_control.o(.data) for Motor_FaultSource
    main.o(i.SystemConfig) refers to system.o(i.SYS_ConfigHSI) for SYS_ConfigHSI
    main.o(i.SystemConfig) refers to system.o(i.SYS_EnableHSI) for SYS_EnableHSI
    main.o(i.SystemConfig) refers to system.o(i.SYS_ConfigAHBClock) for SYS_ConfigAHBClock
    main.o(i.SystemConfig) refers to system.o(i.SYS_ConfigAPBClock) for SYS_ConfigAPBClock
    main.o(i.SystemConfig) refers to system_cms32m55xx.o(i.SystemCoreClockUpdate) for SystemCoreClockUpdate
    main.o(i.UartData_Processing) refers to main.o(i.show_help) for show_help
    main.o(i.UartData_Processing) refers to uart_config.o(i.Serial_GetRxFlag) for Serial_GetRxFlag
    main.o(i.UartData_Processing) refers to atoi.o(.text) for atoi
    main.o(i.UartData_Processing) refers to printf3.o(i.__0printf$3) for __2printf
    main.o(i.UartData_Processing) refers to adc1.o(i.ADC1_GetResult) for ADC1_GetResult
    main.o(i.UartData_Processing) refers to main.o(.data) for showflag
    main.o(i.UartData_Processing) refers to uart_config.o(.bss) for U_ReceiveData
    main.o(i.UartData_Processing) refers to motor_control.o(.bss) for Motor_Ctrl
    main.o(i.main) refers to main.o(i.SystemConfig) for SystemConfig
    main.o(i.main) refers to main.o(i.SoftwareInit) for SoftwareInit
    main.o(i.main) refers to main.o(i.HardwareInit) for HardwareInit
    main.o(i.main) refers to main.o(i.NVIC_Init) for NVIC_Init
    main.o(i.main) refers to motor_control.o(i.Motor_Control) for Motor_Control
    main.o(i.main) refers to main.o(i.UartData_Processing) for UartData_Processing
    main.o(i.show_help) refers to printf3.o(i.__0printf$3) for __2printf
    hall_commutation.o(i.MC_SensorMode_Init) refers to hall_commutation.o(.data) for strSensor
    motor_control.o(i.MC_SensorMode_HallChange) refers to motor_control.o(i.__ARM_common_switch8) for __ARM_common_switch8
    motor_control.o(i.MC_SensorMode_HallChange) refers to epwm.o(i.EPWM_ConfigChannelSymDuty) for EPWM_ConfigChannelSymDuty
    motor_control.o(i.MC_SensorMode_HallChange) refers to hall_commutation.o(.data) for strSensor
    motor_control.o(i.MC_SensorMode_HallChange) refers to motor_control.o(.bss) for Motor_Ctrl
    motor_control.o(i.Motor_Control) refers to motor_control.o(i.__ARM_common_switch8) for __ARM_common_switch8
    motor_control.o(i.Motor_Control) refers to motor_control.o(i.Motor_Idle) for Motor_Idle
    motor_control.o(i.Motor_Control) refers to motor_control.o(i.Motor_Start) for Motor_Start
    motor_control.o(i.Motor_Control) refers to motor_control.o(i.MOTOR_Running) for MOTOR_Running
    motor_control.o(i.Motor_Control) refers to motor_control.o(i.Motor_Stop) for Motor_Stop
    motor_control.o(i.Motor_Control) refers to motor_control.o(i.Motor_Brake) for Motor_Brake
    motor_control.o(i.Motor_Control) refers to motor_control.o(i.Motor_FaultProcess) for Motor_FaultProcess
    motor_control.o(i.Motor_Control) refers to motor_control.o(.bss) for Motor_Ctrl
    motor_control.o(i.Motor_Idle) refers to motor_control.o(.bss) for Motor_Ctrl
    motor_control.o(i.Motor_Start) refers to epwm.o(i.EPWM_Start) for EPWM_Start
    motor_control.o(i.Motor_Start) refers to motor_control.o(i.MC_SensorMode_HallChange) for MC_SensorMode_HallChange
    motor_control.o(i.Motor_Stop) refers to epwm.o(i.EPWM_Stop) for EPWM_Stop
    adc_config.o(i.ADC_Init) refers to system.o(i.SYS_EnablePeripheralClk) for SYS_EnablePeripheralClk
    adc_config.o(i.ADC_Init) refers to adc1.o(i.ADC1_ConfigRunMode) for ADC1_ConfigRunMode
    adc_config.o(i.ADC_Init) refers to adc1.o(i.ADC1_EnableScanChannel) for ADC1_EnableScanChannel
[...]
    printf6.o(i.__0vsnprintf$6) refers to printf6.o(i._printf_core) for _printf_core
    printf6.o(i.__0vsnprintf$6) refers to printf6.o(i._snputc) for _snputc
    printf6.o(i.__0vsprintf$6) refers to printf6.o(i._printf_core) for _printf_core
    printf6.o(i.__0vsprintf$6) refers to printf6.o(i._sputc) for _sputc
    printf6.o(i._printf_core) refers to printf6.o(i._printf_pre_padding) for _printf_pre_padding
    printf6.o(i._printf_core) refers to printf6.o(i._printf_post_padding) for _printf_post_padding
    printf6.o(i._printf_core) refers to uidiv.o(.text) for __aeabi_uidivmod
    printf7.o(i.__0fprintf$7) refers to printf7.o(i._printf_core) for _printf_core
    printf7.o(i.__0fprintf$7) refers to retarget.o(i.fputc) for fputc
    printf7.o(i.__0printf$7) refers to printf7.o(i._printf_core) for _printf_core
    printf7.o(i.__0printf$7) refers to retarget.o(i.fputc) for fputc
    printf7.o(i.__0printf$7) refers to retarget.o(.data) for __stdout
    printf7.o(i.__0snprintf$7) refers to printf7.o(i._printf_core) for _printf_core
    printf7.o(i.__0snprintf$7) refers to printf7.o(i._snputc) for _snputc
    printf7.o(i.__0sprintf$7) refers to printf7.o(i._printf_core) for _printf_core
    printf7.o(i.__0sprintf$7) refers to printf7.o(i._sputc) for _sputc
    printf7.o(i.__0vfprintf$7) refers to printf7.o(i._printf_core) for _printf_core
    printf7.o(i.__0vfprintf$7) refers to retarget.o(i.fputc) for fputc
    printf7.o(i.__0vprintf$7) refers to printf7.o(i._printf_core) for _printf_core
    printf7.o(i.__0vprintf$7) refers to retarget.o(i.fputc) for fputc
    printf7.o(i.__0vprintf$7) refers to retarget.o(.data) for __stdout
    printf7.o(i.__0vsnprintf$7) refers to printf7.o(i._printf_core) for _printf_core
    printf7.o(i.__0vsnprintf$7) refers to printf7.o(i._snputc) for _snputc
    printf7.o(i.__0vsprintf$7) refers to printf7.o(i._printf_core) for _printf_core
    printf7.o(i.__0vsprintf$7) refers to printf7.o(i._sputc) for _sputc
    printf7.o(i._printf_core) refers to printf7.o(i._printf_pre_padding) for _printf_pre_padding
    printf7.o(i._printf_core) refers to printf7.o(i._printf_post_padding) for _printf_post_padding
    printf7.o(i._printf_core) refers to uldiv.o(.text) for __aeabi_uldivmod
    printf8.o(i.__0fprintf$8) refers to printf8.o(i._printf_core) for _printf_core
    printf8.o(i.__0fprintf$8) refers to retarget.o(i.fputc) for fputc
    printf8.o(i.__0printf$8) refers to printf8.o(i._printf_core) for _printf_core
    printf8.o(i.__0printf$8) refers to retarget.o(i.fputc) for fputc
    printf8.o(i.__0printf$8) refers to retarget.o(.data) for __stdout
    printf8.o(i.__0snprintf$8) refers to printf8.o(i._printf_core) for _printf_core
    printf8.o(i.__0snprintf$8) refers to printf8.o(i._snputc) for _snputc
    printf8.o(i.__0sprintf$8) refers to printf8.o(i._printf_core) for _printf_core
    printf8.o(i.__0sprintf$8) refers to printf8.o(i._sputc) for _sputc
    printf8.o(i.__0vfprintf$8) refers to printf8.o(i._printf_core) for _printf_core
    printf8.o(i.__0vfprintf$8) refers to retarget.o(i.fputc) for fputc
    printf8.o(i.__0vprintf$8) refers to printf8.o(i._printf_core) for _printf_core
    printf8.o(i.__0vprintf$8) refers to retarget.o(i.fputc) for fputc
    printf8.o(i.__0vprintf$8) refers to retarget.o(.data) for __stdout
    printf8.o(i.__0vsnprintf$8) refers to printf8.o(i._printf_core) for _printf_core
    printf8.o(i.__0vsnprintf$8) refers to printf8.o(i._snputc) for _snputc
    printf8.o(i.__0vsprintf$8) refers to printf8.o(i._printf_core) for _printf_core
    printf8.o(i.__0vsprintf$8) refers to printf8.o(i._sputc) for _sputc
    printf8.o(i._printf_core) refers to printf8.o(i._printf_pre_padding) for _printf_pre_padding
    printf8.o(i._printf_core) refers to printf8.o(i._printf_post_padding) for _printf_post_padding
    printf8.o(i._printf_core) refers to uldiv.o(.text) for __aeabi_uldivmod
    printfa.o(i.__0fprintf) refers (Special) to iusefp.o(.text) for __I$use$fp
    printfa.o(i.__0fprintf) refers to printfa.o(i._printf_core) for _printf_core
    printfa.o(i.__0fprintf) refers to retarget.o(i.fputc) for fputc
    printfa.o(i.__0printf) refers (Special) to iusefp.o(.text) for __I$use$fp
    printfa.o(i.__0printf) refers to printfa.o(i._printf_core) for _printf_core
    printfa.o(i.__0printf) refers to retarget.o(i.fputc) for fputc
    printfa.o(i.__0printf) refers to retarget.o(.data) for __stdout
    printfa.o(i.__0snprintf) refers (Special) to iusefp.o(.text) for __I$use$fp
    printfa.o(i.__0snprintf) refers to printfa.o(i._printf_core) for _printf_core
    printfa.o(i.__0snprintf) refers to printfa.o(i._snputc) for _snputc
    printfa.o(i.__0sprintf) refers (Special) to iusefp.o(.text) for __I$use$fp
    printfa.o(i.__0sprintf) refers to printfa.o(i._printf_core) for _printf_core
    printfa.o(i.__0sprintf) refers to printfa.o(i._sputc) for _sputc
    printfa.o(i.__0vfprintf) refers (Special) to iusefp.o(.text) for __I$use$fp
    printfa.o(i.__0vfprintf) refers to printfa.o(i._printf_core) for _printf_core
    printfa.o(i.__0vfprintf) refers to retarget.o(i.fputc) for fputc
    printfa.o(i.__0vprintf) refers (Special) to iusefp.o(.text) for __I$use$fp
    printfa.o(i.__0vprintf) refers to printfa.o(i._printf_core) for _printf_core
    printfa.o(i.__0vprintf) refers to retarget.o(i.fputc) for fputc
    printfa.o(i.__0vprintf) refers to retarget.o(.data) for __stdout
    printfa.o(i.__0vsnprintf) refers (Special) to iusefp.o(.text) for __I$use$fp
    printfa.o(i.__0vsnprintf) refers to printfa.o(i._printf_core) for _printf_core
    printfa.o(i.__0vsnprintf) refers to printfa.o(i._snputc) for _snputc
    printfa.o(i.__0vsprintf) refers (Special) to iusefp.o(.text) for __I$use$fp
    printfa.o(i.__0vsprintf) refers to printfa.o(i._printf_core) for _printf_core
    printfa.o(i.__0vsprintf) refers to printfa.o(i._sputc) for _sputc
    printfa.o(i._fp_digits) refers (Special) to iusefp.o(.text) for __I$use$fp
    printfa.o(i._fp_digits) refers to dmul.o(.text) for __aeabi_dmul
    printfa.o(i._fp_digits) refers to ddiv.o(.text) for __aeabi_ddiv
    printfa.o(i._fp_digits) refers to cdrcmple.o(.text) for __aeabi_cdrcmple
    printfa.o(i._fp_digits) refers to dadd.o(.text) for __aeabi_dadd
    printfa.o(i._fp_digits) refers to dfixul.o(.text) for __aeabi_d2ulz
    printfa.o(i._fp_digits) refers to uldiv.o(.text) for __aeabi_uldivmod
    printfa.o(i._printf_core) refers (Special) to iusefp.o(.text) for __I$use$fp
    printfa.o(i._printf_core) refers to printfa.o(i._printf_pre_padding) for _printf_pre_padding
    printfa.o(i._printf_core) refers to uldiv.o(.text) for __aeabi_uldivmod
    printfa.o(i._printf_core) refers to printfa.o(i._printf_post_padding) for _printf_post_padding
    printfa.o(i._printf_core) refers to printfa.o(i._fp_digits) for _fp_digits
    printfa.o(i._printf_core) refers to uidiv.o(.text) for __aeabi_uidivmod
    printfa.o(i._printf_post_padding) refers (Special) to iusefp.o(.text) for __I$use$fp
    printfa.o(i._printf_pre_padding) refers (Special) to iusefp.o(.text) for __I$use$fp
    printfa.o(i._snputc) refers (Special) to iusefp.o(.text) for __I$use$fp
    printfa.o(i._sputc) refers (Special) to iusefp.o(.text) for __I$use$fp
    atoi.o(.text) refers to errno.o(i.__aeabi_errno_addr) for __aeabi_errno_addr
    atoi.o(.text) refers to strtol.o(.text) for strtol
    entry2.o(.ARM.Collect$$$$00000001) refers to entry2.o(.ARM.Collect$$$$00002712) for __lit__00000000
    entry2.o(.ARM.Collect$$$$00002712) refers to startup_cms32m55xx.o(STACK) for __initial_sp
    entry2.o(__vectab_stack_and_reset_area) refers to startup_cms32m55xx.o(STACK) for __initial_sp
    entry2.o(__vectab_stack_and_reset_area) refers to entry.o(.ARM.Collect$$$$00000000) for __main
    entry5.o(.ARM.Collect$$$$00000004) refers to init.o(.text) for __scatterload
    entry9a.o(.ARM.Collect$$$$0000000B) refers to main.o(i.main) for main
    entry9b.o(.ARM.Collect$$$$0000000C) refers to main.o(i.main) for main
    uldiv.o(.text) refers to llushr.o(.text) for __aeabi_llsr
    uldiv.o(.text) refers to llshl.o(.text) for __aeabi_llsl
    errno.o(i.__aeabi_errno_addr) refers to errno.o(.data) for .data
    errno.o(i.__read_errno) refers to errno.o(.data) for .data
    errno.o(i.__set_errno) refers to errno.o(.data) for .data
    strtol.o(.text) refers to ctype_o.o(.text) for __rt_ctype_table
    strtol.o(.text) refers to _strtoul.o(.text) for _strtoul
    strtol.o(.text) refers to errno.o(i.__aeabi_errno_addr) for __aeabi_errno_addr
    dadd.o(.text) refers to llshl.o(.text) for __aeabi_llsl
    dadd.o(.text) refers to llsshr.o(.text) for __aeabi_lasr
    dadd.o(.text) refers to depilogue.o(.text) for _double_epilogue
    dmul.o(.text) refers to depilogue.o(.text) for _double_epilogue
    ddiv.o(.text) refers to depilogue.o(.text) for _double_round
    dfixul.o(.text) refers to llushr.o(.text) for __aeabi_llsr
    dfixul.o(.text) refers to llshl.o(.text) for __aeabi_llsl
    init.o(.text) refers to entry5.o(.ARM.Collect$$$$00000004) for __main_after_scatterload
    ctype_o.o(.text) refers to ctype_o.o(.constdata) for .constdata
    ctype_o.o(.constdata) refers to ctype_o.o(.constdata) for __ctype_table
    isalnum_o.o(.text) refers to ctype_o.o(.text) for __rt_ctype_table
    isalpha_o.o(.text) refers to ctype_o.o(.text) for __rt_ctype_table
    isblank_o.o(.text) refers to ctype_o.o(.constdata) for __ctype_table
    iscntrl_o.o(.text) refers to ctype_o.o(.text) for __rt_ctype_table
    isdigit_o.o(.text) refers to ctype_o.o(.text) for __rt_ctype_table
    isgraph_o.o(.text) refers to ctype_o.o(.text) for __rt_ctype_table
    islower_o.o(.text) refers to ctype_o.o(.text) for __rt_ctype_table
    isprint_o.o(.text) refers to ctype_o.o(.text) for __rt_ctype_table
    ispunct_o.o(.text) refers to ctype_o.o(.text) for __rt_ctype_table
    isspace_o.o(.text) refers to ctype_o.o(.text) for __rt_ctype_table
    isupper_o.o(.text) refers to ctype_o.o(.text) for __rt_ctype_table
    isxdigit_o.o(.text) refers to ctype_o.o(.text) for __rt_ctype_table
    _strtoul.o(.text) refers to _chval.o(.text) for _chval
    _strtoul.o(.text) refers to errno.o(i.__aeabi_errno_addr) for __aeabi_errno_addr
    depilogue.o(.text) refers to depilogue.o(i.__ARM_clz) for __ARM_clz
    depilogue.o(.text) refers to llshl.o(.text) for __aeabi_llsl
    depilogue.o(.text) refers to llushr.o(.text) for __aeabi_llsr


==============================================================================

Removing Unused input sections from the image.

    Removing isr.o(.rev16_text), (4 bytes).
    Removing isr.o(.revsh_text), (4 bytes).
    Removing main.o(.rev16_text), (4 bytes).
    Removing main.o(.revsh_text), (4 bytes).
    Removing hall_commutation.o(.rev16_text), (4 bytes).
    Removing hall_commutation.o(.revsh_text), (4 bytes).
    Removing motor_control.o(.rev16_text), (4 bytes).
    Removing motor_control.o(.revsh_text), (4 bytes).
    Removing retarget.o(.rev16_text), (4 bytes).
    Removing retarget.o(.revsh_text), (4 bytes).
    Removing retarget.o(i._sys_exit), (4 bytes).
    Removing retarget.o(i._ttywrch), (24 bytes).
    Removing retarget.o(i.ferror), (8 bytes).
    Removing retarget.o(i.fgetc), (48 bytes).
    Removing adc_config.o(.rev16_text), (4 bytes).
    Removing adc_config.o(.revsh_text), (4 bytes).
    Removing epwm_config.o(.rev16_text), (4 bytes).
    Removing epwm_config.o(.revsh_text), (4 bytes).
    Removing hall_config.o(.rev16_text), (4 bytes).
    Removing hall_config.o(.revsh_text), (4 bytes).
    Removing uart_config.o(.rev16_text), (4 bytes).
    Removing uart_config.o(.revsh_text), (4 bytes).
    Removing uart_config.o(i.Serial_SendArray), (26 bytes).
    Removing uart_config.o(i.Serial_SendByte), (24 bytes).
    Removing uart_config.o(i.Serial_SendPacket), (28 bytes).
    Removing uart_config.o(i.Serial_SendString), (26 bytes).
    Removing uart_config.o(i.Uart1_getchar), (26 bytes).
    Removing system_cms32m55xx.o(.rev16_text), (4 bytes).
    Removing system_cms32m55xx.o(.revsh_text), (4 bytes).
    Removing startup_cms32m55xx.o(HEAP), (256 bytes).
    Removing acmp.o(.rev16_text), (4 bytes).
    Removing acmp.o(.revsh_text), (4 bytes).
    Removing acmp.o(i.ACMP_ClearIntFlag), (20 bytes).
    Removing acmp.o(i.ACMP_ConfigEventAndIntMode), (74 bytes).
    Removing acmp.o(i.ACMP_ConfigNegative), (154 bytes).
    Removing acmp.o(i.ACMP_ConfigPositive), (84 bytes).
    Removing acmp.o(i.ACMP_DisableEventOut), (56 bytes).
    Removing acmp.o(i.ACMP_DisableFilter), (58 bytes).
    Removing acmp.o(i.ACMP_DisableHYS), (60 bytes).
    Removing acmp.o(i.ACMP_DisableInt), (30 bytes).
    Removing acmp.o(i.ACMP_DisableReverseOutput), (58 bytes).
    Removing acmp.o(i.ACMP_EnableCADJAdjust), (92 bytes).
    Removing acmp.o(i.ACMP_EnableConfigAdjust), (38 bytes).
    Removing acmp.o(i.ACMP_EnableEventOut), (56 bytes).
    Removing acmp.o(i.ACMP_EnableFilter), (96 bytes).
    Removing acmp.o(i.ACMP_EnableHYS), (102 bytes).
    Removing acmp.o(i.ACMP_EnableInt), (30 bytes).
    Removing acmp.o(i.ACMP_EnableReverseOutput), (58 bytes).
    Removing acmp.o(i.ACMP_GetIntFlag), (26 bytes).
    Removing acmp.o(i.ACMP_GetOffsetAdjValue), (404 bytes).
    Removing acmp.o(i.ACMP_GetResult), (44 bytes).
    Removing acmp.o(i.ACMP_Start), (58 bytes).
    Removing acmp.o(i.ACMP_Stop), (58 bytes).
    Removing adc0.o(.rev16_text), (4 bytes).
    Removing adc0.o(.revsh_text), (4 bytes).
    Removing adc0.o(i.ADC0_ClearChannelIntFlag), (30 bytes).
    Removing adc0.o(i.ADC0_ClearCompareIntFlag), (28 bytes).
    Removing adc0.o(i.ADC0_ConfigCompare), (68 bytes).
    Removing adc0.o(i.ADC0_ConfigRunMode), (40 bytes).
    Removing adc0.o(i.ADC0_DisableChannel), (22 bytes).
    Removing adc0.o(i.ADC0_DisableChannelInt), (22 bytes).
    Removing adc0.o(i.ADC0_DisableCompare), (24 bytes).
    Removing adc0.o(i.ADC0_DisableCompareInt), (24 bytes).
    Removing adc0.o(i.ADC0_DisableHardwareTrigger), (140 bytes).
    Removing adc0.o(i.ADC0_EnableChannel), (22 bytes).
    Removing adc0.o(i.ADC0_EnableChannelInt), (22 bytes).
    Removing adc0.o(i.ADC0_EnableCompare), (28 bytes).
    Removing adc0.o(i.ADC0_EnableCompareInt), (28 bytes).
    Removing adc0.o(i.ADC0_EnableHardwareTrigger), (144 bytes).
    Removing adc0.o(i.ADC0_GetChannelIntFlag), (26 bytes).
    Removing adc0.o(i.ADC0_GetCompareIntFlag), (10 bytes).
    Removing adc0.o(i.ADC0_GetCompareResult), (16 bytes).
    Removing adc0.o(i.ADC0_GetResult), (16 bytes).
    Removing adc0.o(i.ADC0_SelSoftwareSwitchChannel), (24 bytes).
    Removing adc0.o(i.ADC0_SetAN30Channel), (38 bytes).
    Removing adc0.o(i.ADC0_Start), (28 bytes).
    Removing adc0.o(i.ADC0_Stop), (28 bytes).
    Removing adc1.o(.rev16_text), (4 bytes).
    Removing adc1.o(.revsh_text), (4 bytes).
    Removing adc1.o(i.ADC1_ClearAdjustErrorFlag), (30 bytes).
    Removing adc1.o(i.ADC1_ClearCompareIntFlag), (28 bytes).
    Removing adc1.o(i.ADC1_ClearConvertErrorFlag), (30 bytes).
    Removing adc1.o(i.ADC1_ConfigCompare), (68 bytes).
    Removing adc1.o(i.ADC1_DisableAdjust), (28 bytes).
    Removing adc1.o(i.ADC1_DisableChannelInt), (22 bytes).
    Removing adc1.o(i.ADC1_DisableCompare), (24 bytes).
    Removing adc1.o(i.ADC1_DisableCompareInt), (24 bytes).
    Removing adc1.o(i.ADC1_DisableHardwareTrigger), (62 bytes).
    Removing adc1.o(i.ADC1_DisableScanChannel), (22 bytes).
    Removing adc1.o(i.ADC1_EnableCompare), (28 bytes).
    Removing adc1.o(i.ADC1_EnableCompareInt), (28 bytes).
    Removing adc1.o(i.ADC1_EnableHardwareTrigger), (58 bytes).
    Removing adc1.o(i.ADC1_EnableReset), (28 bytes).
    Removing adc1.o(i.ADC1_GetAdjustErrorFlag), (16 bytes).
    Removing adc1.o(i.ADC1_GetCompareIntFlag), (10 bytes).
    Removing adc1.o(i.ADC1_GetCompareResult), (18 bytes).
    Removing adc1.o(i.ADC1_GetConvertErrorFlag), (16 bytes).
    Removing adc1.o(i.ADC1_Stop), (28 bytes).
    Removing ccp.o(.rev16_text), (4 bytes).
    Removing ccp.o(.revsh_text), (4 bytes).
    Removing ccp.o(i.CCP_ClearCAPMode0IntFlag), (20 bytes).
    Removing ccp.o(i.CCP_ClearCAPMode1IntFlag), (24 bytes).
    Removing ccp.o(i.CCP_ClearCompareIntFlag), (20 bytes).
    Removing ccp.o(i.CCP_ClearOverflowIntFlag), (24 bytes).
    Removing ccp.o(i.CCP_ConfigCAPMode0), (76 bytes).
    Removing ccp.o(i.CCP_ConfigCAPMode1), (52 bytes).
    Removing ccp.o(i.CCP_ConfigCLK), (112 bytes).
    Removing ccp.o(i.CCP_ConfigCompare), (140 bytes).
    Removing ccp.o(i.CCP_DisableCAPMode0Int), (32 bytes).
    Removing ccp.o(i.CCP_DisableCAPMode1), (32 bytes).
    Removing ccp.o(i.CCP_DisableCAPMode1Int), (36 bytes).
    Removing ccp.o(i.CCP_DisableCAPnReload), (36 bytes).
    Removing ccp.o(i.CCP_DisableCompareInt), (32 bytes).
    Removing ccp.o(i.CCP_DisableOverflowInt), (32 bytes).
    Removing ccp.o(i.CCP_DisableReverseOutput), (108 bytes).
    Removing ccp.o(i.CCP_DisableRun), (32 bytes).
    Removing ccp.o(i.CCP_EnableCAPMode0), (72 bytes).
    Removing ccp.o(i.CCP_EnableCAPMode0Int), (32 bytes).
    Removing ccp.o(i.CCP_EnableCAPMode1), (32 bytes).
    Removing ccp.o(i.CCP_EnableCAPMode1Int), (36 bytes).
    Removing ccp.o(i.CCP_EnableCAPnReload), (36 bytes).
    Removing ccp.o(i.CCP_EnableCompareInt), (32 bytes).
    Removing ccp.o(i.CCP_EnableOverflowInt), (32 bytes).
    Removing ccp.o(i.CCP_EnablePWMMode), (72 bytes).
    Removing ccp.o(i.CCP_EnableReverseOutput), (108 bytes).
    Removing ccp.o(i.CCP_EnableRun), (32 bytes).
    Removing ccp.o(i.CCP_GetCAPMode0IntFlag), (28 bytes).
    Removing ccp.o(i.CCP_GetCAPMode0Result), (70 bytes).
    Removing ccp.o(i.CCP_GetCAPMode1IntFlag), (32 bytes).
    Removing ccp.o(i.CCP_GetCAPMode1Result), (24 bytes).
    Removing ccp.o(i.CCP_GetCompareIntFlag), (28 bytes).
    Removing ccp.o(i.CCP_GetOverflowIntFlag), (32 bytes).
    Removing ccp.o(i.CCP_SelCAPMode0Channel), (88 bytes).
    Removing ccp.o(i.CCP_SelCAPMode1Channel), (280 bytes).
    Removing ccp.o(i.CCP_Start), (60 bytes).
    Removing ccp.o(i.CCP_Stop), (60 bytes).
    Removing ccp.o(i.CCP_TriggerCaputer), (40 bytes).
    Removing crc.o(.rev16_text), (4 bytes).
    Removing crc.o(.revsh_text), (4 bytes).
    Removing crc.o(i.CRC_Input), (10 bytes).
    Removing crc.o(i.CRC_Output), (10 bytes).
    Removing crc.o(i.CRC_Reset), (10 bytes).
    Removing epwm.o(.rev16_text), (4 bytes).
    Removing epwm.o(.revsh_text), (4 bytes).
    Removing epwm.o(i.EPWM_AllBrakeEnable), (28 bytes).
    Removing epwm.o(i.EPWM_ClearBrakeIntFlag), (20 bytes).
    Removing epwm.o(i.EPWM_ClearCountCmpIntFlag), (24 bytes).
    Removing epwm.o(i.EPWM_ClearDownCmpIntFlag), (24 bytes).
    Removing epwm.o(i.EPWM_ClearHallErrorIntFlag), (20 bytes).
    Removing epwm.o(i.EPWM_ClearHallErrorState), (28 bytes).
    Removing epwm.o(i.EPWM_ClearPeriodIntFlag), (24 bytes).
    Removing epwm.o(i.EPWM_ClearUpCmpIntFlag), (24 bytes).
    Removing epwm.o(i.EPWM_ClearZeroIntFlag), (20 bytes).
    Removing epwm.o(i.EPWM_ConfigChannelAsymDuty), (56 bytes).
    Removing epwm.o(i.EPWM_ConfigCompareTriger), (40 bytes).
    Removing epwm.o(i.EPWM_ConfigFaultBrakeLevel), (44 bytes).
    Removing epwm.o(i.EPWM_ConfigZeroIntSum), (44 bytes).
    Removing epwm.o(i.EPWM_DisableBrakeInt), (28 bytes).
    Removing epwm.o(i.EPWM_DisableChannelRemap), (28 bytes).
    Removing epwm.o(i.EPWM_DisableCountCmpInt), (36 bytes).
    Removing epwm.o(i.EPWM_DisableDeadZone), (120 bytes).
    Removing epwm.o(i.EPWM_DisableDownCmpInt), (28 bytes).
    Removing epwm.o(i.EPWM_DisableFaultBrake), (24 bytes).
    Removing epwm.o(i.EPWM_DisableHall), (28 bytes).
    Removing epwm.o(i.EPWM_DisableHallErrorInt), (28 bytes).
    Removing epwm.o(i.EPWM_DisableOutput), (24 bytes).
    Removing epwm.o(i.EPWM_DisablePeriodInt), (28 bytes).
    Removing epwm.o(i.EPWM_DisableSoftwareBrake), (32 bytes).
    Removing epwm.o(i.EPWM_DisableUpCmpInt), (28 bytes).
    Removing epwm.o(i.EPWM_DisableZeroInt), (24 bytes).
    Removing epwm.o(i.EPWM_DisableZeroIntSum), (28 bytes).
    Removing epwm.o(i.EPWM_EnableBrakeInt), (28 bytes).
    Removing epwm.o(i.EPWM_EnableChannelRemap), (64 bytes).
    Removing epwm.o(i.EPWM_EnableCountCmpInt), (36 bytes).
    Removing epwm.o(i.EPWM_EnableDeadZone), (208 bytes).
    Removing epwm.o(i.EPWM_EnableDownCmpInt), (28 bytes).
    Removing epwm.o(i.EPWM_EnableEXTEEBrake), (40 bytes).
    Removing epwm.o(i.EPWM_EnableEXTLEBrake), (40 bytes).
    Removing epwm.o(i.EPWM_EnableFaultBrake), (24 bytes).
    Removing epwm.o(i.EPWM_EnableHall), (28 bytes).
    Removing epwm.o(i.EPWM_EnableHallErrorInt), (28 bytes).
    Removing epwm.o(i.EPWM_EnableOneShotMode), (32 bytes).
    Removing epwm.o(i.EPWM_EnablePeriodInt), (28 bytes).
    Removing epwm.o(i.EPWM_EnableReverseOutput), (36 bytes).
    Removing epwm.o(i.EPWM_EnableSoftwareBrake), (32 bytes).
    Removing epwm.o(i.EPWM_EnableUpCmpInt), (28 bytes).
    Removing epwm.o(i.EPWM_EnableZeroInt), (24 bytes).
    Removing epwm.o(i.EPWM_EnableZeroIntSum), (28 bytes).
    Removing epwm.o(i.EPWM_ForceStop), (16 bytes).
    Removing epwm.o(i.EPWM_GetBrakeIntFlag), (12 bytes).
    Removing epwm.o(i.EPWM_GetCountCmpIntFlag), (32 bytes).
    Removing epwm.o(i.EPWM_GetDownCmpIntFlag), (32 bytes).
    Removing epwm.o(i.EPWM_GetHallErrorIntFlag), (20 bytes).
    Removing epwm.o(i.EPWM_GetHallState), (20 bytes).
    Removing epwm.o(i.EPWM_GetPeriodIntFlag), (32 bytes).
    Removing epwm.o(i.EPWM_GetUpCmpIntFlag), (32 bytes).
    Removing epwm.o(i.EPWM_GetZeroIntFlag), (28 bytes).
    Removing epwm.o(i.EPWM_WriteMaskBuffer), (40 bytes).
    Removing fmc.o(.rev16_text), (4 bytes).
    Removing fmc.o(.revsh_text), (4 bytes).
    Removing fmc.o(i.FMC_CRC), (52 bytes).
    Removing fmc.o(i.FMC_EraseAll), (28 bytes).
    Removing fmc.o(i.FMC_ErasePage), (32 bytes).
    Removing fmc.o(i.FMC_Read), (36 bytes).
    Removing fmc.o(i.FMC_Write), (36 bytes).
    Removing gpio.o(.rev16_text), (4 bytes).
    Removing gpio.o(.revsh_text), (4 bytes).
    Removing gpio.o(i.GPIO_ConfigRunMode), (56 bytes).
    Removing gpio.o(i.GPIO_DisableFilter), (8 bytes).
    Removing gpio.o(i.GPIO_DisableInt), (8 bytes).
    Removing hwdiv.o(.rev16_text), (4 bytes).
    Removing hwdiv.o(.revsh_text), (4 bytes).
    Removing hwdiv.o(i.HWDIV_Div), (40 bytes).
    Removing hwdiv.o(i.HWDIV_EnableSingedMode), (18 bytes).
    Removing hwdiv.o(i.HWDIV_EnableUnsingedMode), (18 bytes).
    Removing hwdiv.o(i.HWDIV_Mod), (40 bytes).
    Removing i2c.o(.rev16_text), (4 bytes).
    Removing i2c.o(.revsh_text), (4 bytes).
    Removing i2c.o(i.I2C_ClearACKFlag), (18 bytes).
    Removing i2c.o(i.I2C_ClearIntFlag), (18 bytes).
    Removing i2c.o(i.I2C_ClearStartFlag), (18 bytes).
    Removing i2c.o(i.I2C_ConfigClk), (18 bytes).
    Removing i2c.o(i.I2C_ConfigSlaveModeAddr), (104 bytes).
    Removing i2c.o(i.I2C_DisableInt), (18 bytes).
    Removing i2c.o(i.I2C_DisableOutput), (18 bytes).
    Removing i2c.o(i.I2C_EnableInt), (18 bytes).
    Removing i2c.o(i.I2C_EnableOutput), (18 bytes).
    Removing i2c.o(i.I2C_GetData), (10 bytes).
    Removing i2c.o(i.I2C_GetIntFlag), (14 bytes).
    Removing i2c.o(i.I2C_GetSlave10BitAddrFlag), (14 bytes).
    Removing i2c.o(i.I2C_GetSlave7BitAddrFlag), (12 bytes).
    Removing i2c.o(i.I2C_GetStatus), (8 bytes).
    Removing i2c.o(i.I2C_NotSendACK), (18 bytes).
    Removing i2c.o(i.I2C_Reset), (10 bytes).
    Removing i2c.o(i.I2C_SendACK), (18 bytes).
    Removing i2c.o(i.I2C_SendData), (8 bytes).
    Removing i2c.o(i.I2C_SendRestart), (18 bytes).
    Removing i2c.o(i.I2C_SendStart), (18 bytes).
    Removing i2c.o(i.I2C_SendStop), (18 bytes).
    Removing i2c.o(i.I2C_SendStopBeforeStart), (18 bytes).
    Removing opa.o(.rev16_text), (4 bytes).
    Removing opa.o(.revsh_text), (4 bytes).
    Removing opa.o(i.OPA_ConfigNegative), (16 bytes).
    Removing opa.o(i.OPA_ConfigOutput), (16 bytes).
    Removing opa.o(i.OPA_ConfigPositive), (16 bytes).
    Removing opa.o(i.OPA_ConfigRunMode), (16 bytes).
    Removing opa.o(i.OPA_DisableAdjustMode), (10 bytes).
    Removing opa.o(i.OPA_EnableAdjustMode), (22 bytes).
    Removing opa.o(i.OPA_EnableConfigAdjust), (6 bytes).
    Removing opa.o(i.OPA_EnableOPADJAdjust), (24 bytes).
    Removing opa.o(i.OPA_GetAutoAdjustResult), (104 bytes).
    Removing opa.o(i.OPA_GetResult), (12 bytes).
    Removing opa.o(i.OPA_Start), (10 bytes).
    Removing opa.o(i.OPA_Stop), (10 bytes).
    Removing pga.o(.rev16_text), (4 bytes).
    Removing pga.o(.revsh_text), (4 bytes).
    Removing pga.o(i.PGA_ConfigGain), (18 bytes).
    Removing pga.o(i.PGA_ConfigOutput), (18 bytes).
    Removing pga.o(i.PGA_ConfigPositive), (16 bytes).
    Removing pga.o(i.PGA_ConfigResistorGnd), (18 bytes).
    Removing pga.o(i.PGA_Start), (12 bytes).
    Removing pga.o(i.PGA_Stop), (12 bytes).
    Removing ssp.o(.rev16_text), (4 bytes).
    Removing ssp.o(.revsh_text), (4 bytes).
    Removing ssp.o(i.SSP_ConfigClk), (26 bytes).
    Removing ssp.o(i.SSP_ConfigRunMode), (40 bytes).
    Removing ssp.o(i.SSP_DisableMasterAutoControlCS), (18 bytes).
    Removing ssp.o(i.SSP_EnableMasterAutoControlCS), (18 bytes).
    Removing ssp.o(i.SSP_EnableMasterMode), (20 bytes).
    Removing ssp.o(i.SSP_EnableSlaveMode), (20 bytes).
    Removing ssp.o(i.SSP_GetBusyFlag), (14 bytes).
    Removing ssp.o(i.SSP_GetData), (10 bytes).
    Removing ssp.o(i.SSP_GetRFFFlag), (14 bytes).
    Removing ssp.o(i.SSP_GetRNEFlag), (14 bytes).
    Removing ssp.o(i.SSP_GetTFEFlag), (12 bytes).
    Removing ssp.o(i.SSP_GetTNFFlag), (14 bytes).
    Removing ssp.o(i.SSP_MasterClearCS), (18 bytes).
    Removing ssp.o(i.SSP_MasterSetCS), (18 bytes).
    Removing ssp.o(i.SSP_SendData), (8 bytes).
    Removing ssp.o(i.SSP_Start), (20 bytes).
    Removing ssp.o(i.SSP_Stop), (20 bytes).
    Removing system.o(.rev16_text), (4 bytes).
    Removing system.o(.revsh_text), (4 bytes).
    Removing system.o(i.SYS_ClearLVDIntFlag), (20 bytes).
    Removing system.o(i.SYS_ConfigClkOutput), (40 bytes).
    Removing system.o(i.SYS_ConfigLVDLevel), (26 bytes).
    Removing system.o(i.SYS_DisableClkOutput), (20 bytes).
    Removing system.o(i.SYS_DisableHSI), (32 bytes).
    Removing system.o(i.SYS_DisableLVD), (18 bytes).
    Removing system.o(i.SYS_DisableLVDInt), (20 bytes).
    Removing system.o(i.SYS_DisablePeripheralClk), (16 bytes).
    Removing system.o(i.SYS_DisableSARMProtect), (32 bytes).
    Removing system.o(i.SYS_DisableTEMP), (20 bytes).
    Removing system.o(i.SYS_EnableClkOutput), (20 bytes).
    Removing system.o(i.SYS_EnableLVD), (18 bytes).
    Removing system.o(i.SYS_EnableLVDInt), (20 bytes).
    Removing system.o(i.SYS_EnableSARMProtect), (32 bytes).
    Removing system.o(i.SYS_EnableTEMP), (20 bytes).
    Removing system.o(i.SYS_EnableTEMPConfigAdjust), (20 bytes).
    Removing system.o(i.SYS_EnableTRIMAdjustHSI), (20 bytes).
    Removing system.o(i.SYS_EnableTSVADJConfigAdjust), (42 bytes).
    Removing system.o(i.SYS_GetCPUResetFlag), (14 bytes).
    Removing system.o(i.SYS_GetLVDIntFlag), (16 bytes).
    Removing system.o(i.SYS_GetLVDStateFlag), (14 bytes).
    Removing system.o(i.SYS_GetMCUResetFlag), (14 bytes).
    Removing system.o(i.SYS_GetWDTResetFlag), (12 bytes).
    Removing system.o(i.SYS_GetWWDTResetFlag), (14 bytes).
    Removing timer.o(.rev16_text), (4 bytes).
    Removing timer.o(.revsh_text), (4 bytes).
    Removing timer.o(i.TMR_ClearOverflowIntFlag), (6 bytes).
    Removing timer.o(i.TMR_ConfigClk), (16 bytes).
    Removing timer.o(i.TMR_ConfigRunMode), (22 bytes).
    Removing timer.o(i.TMR_DisableOneShotMode), (10 bytes).
    Removing timer.o(i.TMR_DisableOverflowInt), (10 bytes).
    Removing timer.o(i.TMR_EnableOneShotMode), (10 bytes).
    Removing timer.o(i.TMR_EnableOverflowInt), (10 bytes).
    Removing timer.o(i.TMR_GetOverflowIntFlag), (10 bytes).
    Removing timer.o(i.TMR_GetTimingData), (6 bytes).
    Removing timer.o(i.TMR_SetPeriod), (4 bytes).
    Removing timer.o(i.TMR_Start), (10 bytes).
    Removing timer.o(i.TMR_Stop), (10 bytes).
    Removing uart.o(.rev16_text), (4 bytes).
    Removing uart.o(.revsh_text), (4 bytes).
    Removing uart.o(i.UART_DisableAuto), (10 bytes).
    Removing uart.o(i.UART_DisableCTS), (10 bytes).
    Removing uart.o(i.UART_DisableCTSInt), (10 bytes).
    Removing uart.o(i.UART_DisableFIFO), (6 bytes).
    Removing uart.o(i.UART_DisableModemInt), (10 bytes).
    Removing uart.o(i.UART_DisableRBRInt), (10 bytes).
    Removing uart.o(i.UART_DisableRTS), (10 bytes).
    Removing uart.o(i.UART_DisableRTSInt), (10 bytes).
    Removing uart.o(i.UART_DisableRxLineInt), (10 bytes).
    Removing uart.o(i.UART_DisableTHREInt), (10 bytes).
    Removing uart.o(i.UART_DisableXOFInt), (10 bytes).
    Removing uart.o(i.UART_DisableXONAndXOFF), (10 bytes).
    Removing uart.o(i.UART_EnableCTS), (10 bytes).
    Removing uart.o(i.UART_EnableCTSInt), (10 bytes).
    Removing uart.o(i.UART_EnableModemInt), (10 bytes).
    Removing uart.o(i.UART_EnableRTS), (10 bytes).
    Removing uart.o(i.UART_EnableRTSInt), (10 bytes).
    Removing uart.o(i.UART_EnableRxLineInt), (10 bytes).
    Removing uart.o(i.UART_EnableXOFInt), (10 bytes).
    Removing uart.o(i.UART_EnableXONAndXOFF), (16 bytes).
    Removing uart.o(i.UART_GetCTSState), (12 bytes).
    Removing uart.o(i.UART_GetXONAndXOFFState), (12 bytes).
    Removing uart.o(i.UART_RTSClean), (10 bytes).
    Removing uart.o(i.UART_RTSSet), (10 bytes).
    Removing uart.o(i.UART_SetXON1AndXOFF1), (6 bytes).
    Removing uart.o(i.UART_SetXON2AndXOFF2), (6 bytes).
    Removing uart.o(i.UART_WriteTHR), (4 bytes).
    Removing wdt.o(.rev16_text), (4 bytes).
    Removing wdt.o(.revsh_text), (4 bytes).
    Removing wdt.o(i.WDT_ClearOverflowIntFlag), (36 bytes).
    Removing wdt.o(i.WDT_ClearWDT), (36 bytes).
    Removing wdt.o(i.WDT_ConfigClk), (48 bytes).
    Removing wdt.o(i.WDT_ConfigPeriod), (28 bytes).
    Removing wdt.o(i.WDT_DisableOverflowInt), (40 bytes).
    Removing wdt.o(i.WDT_DisableRestSystem), (56 bytes).
    Removing wdt.o(i.WDT_EnableOverflowInt), (40 bytes).
    Removing wdt.o(i.WDT_EnableRestSystem), (40 bytes).
    Removing wdt.o(i.WDT_GetOverflowIntFlag), (12 bytes).
    Removing wdt.o(i.WDT_GetTimingData), (8 bytes).
    Removing wwdt.o(.rev16_text), (4 bytes).
    Removing wwdt.o(.revsh_text), (4 bytes).
    Removing wwdt.o(i.WWDT_ClearCompareIntFlag), (18 bytes).
    Removing wwdt.o(i.WWDT_ConfigClk), (26 bytes).
    Removing wwdt.o(i.WWDT_ConfigCompare), (36 bytes).
    Removing wwdt.o(i.WWDT_DisableCompareInt), (18 bytes).
    Removing wwdt.o(i.WWDT_EnableCompareInt), (18 bytes).
    Removing wwdt.o(i.WWDT_GetCompareIntFlag), (12 bytes).
    Removing wwdt.o(i.WWDT_GetTimingData), (12 bytes).
    Removing wwdt.o(i.WWDT_Reload), (16 bytes).
    Removing wwdt.o(i.WWDT_Start), (18 bytes).
    Removing wwdt.o(i.WWDT_Stop), (18 bytes).
    Removing dadd.o(.text), (360 bytes).
    Removing dmul.o(.text), (208 bytes).
    Removing ddiv.o(.text), (240 bytes).
    Removing dfixul.o(.text), (64 bytes).
    Removing cdrcmple.o(.text), (40 bytes).
    Removing depilogue.o(.text), (190 bytes).
    Removing depilogue.o(i.__ARM_clz), (46 bytes).

381 unused section(s) (total 11740 bytes) removed from the image.

==============================================================================

Image Symbol Table

    Local Symbols

    Symbol Name                              Value     Ov Type        Size  Object(Section)

    RESET                                    0x00000000   Section      192  startup_cms32m55xx.o(RESET)
    ../clib/microlib/ctype/ctype.c           0x00000000   Number         0  isdigit_o.o ABSOLUTE
    ../clib/microlib/ctype/ctype.c           0x00000000   Number         0  isalnum_o.o ABSOLUTE
    ../clib/microlib/ctype/ctype.c           0x00000000   Number         0  isxdigit_o.o ABSOLUTE
    ../clib/microlib/ctype/ctype.c           0x00000000   Number         0  ctype_o.o ABSOLUTE
    ../clib/microlib/ctype/ctype.c           0x00000000   Number         0  isspace_o.o ABSOLUTE
    ../clib/microlib/ctype/ctype.c           0x00000000   Number         0  ispunct_o.o ABSOLUTE
    ../clib/microlib/ctype/ctype.c           0x00000000   Number         0  isprint_o.o ABSOLUTE
    ../clib/microlib/ctype/ctype.c           0x00000000   Number         0  isupper_o.o ABSOLUTE
    ../clib/microlib/ctype/ctype.c           0x00000000   Number         0  islower_o.o ABSOLUTE
    ../clib/microlib/ctype/ctype.c           0x00000000   Number         0  isgraph_o.o ABSOLUTE
    ../clib/microlib/ctype/ctype.c           0x00000000   Number         0  iscntrl_o.o ABSOLUTE
    ../clib/microlib/ctype/ctype.c           0x00000000   Number         0  isblank_o.o ABSOLUTE
    ../clib/microlib/ctype/ctype.c           0x00000000   Number         0  isalpha_o.o ABSOLUTE
    ../clib/microlib/division.c              0x00000000   Number         0  uidiv.o ABSOLUTE
    ../clib/microlib/division.c              0x00000000   Number         0  uldiv.o ABSOLUTE
    ../clib/microlib/errno.c                 0x00000000   Number         0  errno.o ABSOLUTE
    ../clib/microlib/init/entry.s            0x00000000   Number         0  entry12b.o ABSOLUTE
    ../clib/microlib/init/entry.s            0x00000000   Number         0  entry12a.o ABSOLUTE
    ../clib/microlib/init/entry.s            0x00000000   Number         0  entry11b.o ABSOLUTE
    ../clib/microlib/init/entry.s            0x00000000   Number         0  entry11a.o ABSOLUTE
    ../clib/microlib/init/entry.s            0x00000000   Number         0  entry10a.o ABSOLUTE
    ../clib/microlib/init/entry.s            0x00000000   Number         0  entry5.o ABSOLUTE
    ../clib/microlib/init/entry.s            0x00000000   Number         0  entry8a.o ABSOLUTE
    ../clib/microlib/init/entry.s            0x00000000   Number         0  entry7a.o ABSOLUTE
    ../clib/microlib/init/entry.s            0x00000000   Number         0  entry9b.o ABSOLUTE
    ../clib/microlib/init/entry.s            0x00000000   Number         0  entry9a.o ABSOLUTE
    ../clib/microlib/init/entry.s            0x00000000   Number         0  entry7b.o ABSOLUTE
    ../clib/microlib/init/entry.s            0x00000000   Number         0  entry2.o ABSOLUTE
    ../clib/microlib/init/entry.s            0x00000000   Number         0  entry.o ABSOLUTE
    ../clib/microlib/init/entry.s            0x00000000   Number         0  entry8b.o ABSOLUTE
    ../clib/microlib/init/entry.s            0x00000000   Number         0  entry10b.o ABSOLUTE
    ../clib/microlib/longlong.c              0x00000000   Number         0  llsshr.o ABSOLUTE
    ../clib/microlib/longlong.c              0x00000000   Number         0  llushr.o ABSOLUTE
    ../clib/microlib/longlong.c              0x00000000   Number         0  llshl.o ABSOLUTE
    ../clib/microlib/printf/printf.c         0x00000000   Number         0  printf5.o ABSOLUTE
    ../clib/microlib/printf/printf.c         0x00000000   Number         0  printfb.o ABSOLUTE
    ../clib/microlib/printf/printf.c         0x00000000   Number         0  printf0.o ABSOLUTE
    ../clib/microlib/printf/printf.c         0x00000000   Number         0  printf1.o ABSOLUTE
    ../clib/microlib/printf/printf.c         0x00000000   Number         0  printf2.o ABSOLUTE
    ../clib/microlib/printf/printf.c         0x00000000   Number         0  printf3.o ABSOLUTE
    ../clib/microlib/printf/printf.c         0x00000000   Number         0  printf4.o ABSOLUTE
    ../clib/microlib/printf/printf.c         0x00000000   Number         0  printf6.o ABSOLUTE
    ../clib/microlib/printf/printf.c         0x00000000   Number         0  printf7.o ABSOLUTE
    ../clib/microlib/printf/printf.c         0x00000000   Number         0  printf8.o ABSOLUTE
    ../clib/microlib/printf/printf.c         0x00000000   Number         0  printfa.o ABSOLUTE
    ../clib/microlib/printf/stubs.s          0x00000000   Number         0  stubs.o ABSOLUTE
    ../clib/microlib/stubs.s                 0x00000000   Number         0  iusefp.o ABSOLUTE
    ../clib/scanf.c                          0x00000000   Number         0  _chval.o ABSOLUTE
    ../clib/scanf.c                          0x00000000   Number         0  _strtoul.o ABSOLUTE
    ../clib/scanf.c                          0x00000000   Number         0  atoi.o ABSOLUTE
    ../clib/scanf.c                          0x00000000   Number         0  strtol.o ABSOLUTE
    ../fplib/microlib/fpadd.c                0x00000000   Number         0  dadd.o ABSOLUTE
    ../fplib/microlib/fpdiv.c                0x00000000   Number         0  ddiv.o ABSOLUTE
    ../fplib/microlib/fpepilogue.c           0x00000000   Number         0  depilogue.o ABSOLUTE
    ../fplib/microlib/fpfix.c                0x00000000   Number         0  dfixul.o ABSOLUTE
    ../fplib/microlib/fpmul.c                0x00000000   Number         0  dmul.o ABSOLUTE
    ..\..\CODE\APL\isr.c                     0x00000000   Number         0  isr.o ABSOLUTE
    ..\..\CODE\APL\main.c                    0x00000000   Number         0  main.o ABSOLUTE
    ..\..\CODE\FML\Source\Hall_Commutation.c 0x00000000   Number         0  hall_commutation.o ABSOLUTE
    ..\..\CODE\FML\Source\Motor_Control.c    0x00000000   Number         0  motor_control.o ABSOLUTE
    ..\..\CODE\FML\Source\retarget.c         0x00000000   Number         0  retarget.o ABSOLUTE
    ..\..\CODE\HAL\CORE\Source\ARM\startup_CMS32M55xx.s 0x00000000   Number         0  startup_cms32m55xx.o ABSOLUTE
    ..\..\CODE\HAL\CORE\Source\system_CMS32M55xx.c 0x00000000   Number         0  system_cms32m55xx.o ABSOLUTE
    ..\..\CODE\HAL\FWLIB\src\acmp.c          0x00000000   Number         0  acmp.o ABSOLUTE
    ..\..\CODE\HAL\FWLIB\src\adc0.c          0x00000000   Number         0  adc0.o ABSOLUTE
    ..\..\CODE\HAL\FWLIB\src\adc1.c          0x00000000   Number         0  adc1.o ABSOLUTE
    ..\..\CODE\HAL\FWLIB\src\ccp.c           0x00000000   Number         0  ccp.o ABSOLUTE
    ..\..\CODE\HAL\FWLIB\src\crc.c           0x00000000   Number         0  crc.o ABSOLUTE
    ..\..\CODE\HAL\FWLIB\src\epwm.c          0x00000000   Number         0  epwm.o ABSOLUTE
    ..\..\CODE\HAL\FWLIB\src\fmc.c           0x00000000   Number         0  fmc.o ABSOLUTE
    ..\..\CODE\HAL\FWLIB\src\gpio.c          0x00000000   Number         0  gpio.o ABSOLUTE
    ..\..\CODE\HAL\FWLIB\src\hwdiv.c         0x00000000   Number         0  hwdiv.o ABSOLUTE
    ..\..\CODE\HAL\FWLIB\src\i2c.c           0x00000000   Number         0  i2c.o ABSOLUTE
    ..\..\CODE\HAL\FWLIB\src\opa.c           0x00000000   Number         0  opa.o ABSOLUTE
    ..\..\CODE\HAL\FWLIB\src\pga.c           0x00000000   Number         0  pga.o ABSOLUTE
    ..\..\CODE\HAL\FWLIB\src\ssp.c           0x00000000   Number         0  ssp.o ABSOLUTE
    ..\..\CODE\HAL\FWLIB\src\system.c        0x00000000   Number         0  system.o ABSOLUTE
    ..\..\CODE\HAL\FWLIB\src\timer.c         0x00000000   Number         0  timer.o ABSOLUTE
    ..\..\CODE\HAL\FWLIB\src\uart.c          0x00000000   Number         0  uart.o ABSOLUTE
    ..\..\CODE\HAL\FWLIB\src\wdt.c           0x00000000   Number         0  wdt.o ABSOLUTE
    ..\..\CODE\HAL\FWLIB\src\wwdt.c          0x00000000   Number         0  wwdt.o ABSOLUTE
    ..\..\CODE\HDL\Source\ADC_Config.c       0x00000000   Number         0  adc_config.o ABSOLUTE
    ..\..\CODE\HDL\Source\CCP_Config.c       0x00000000   Number         0  ccp_config.o ABSOLUTE
    ..\..\CODE\HDL\Source\EPWM_Config.c      0x00000000   Number         0  epwm_config.o ABSOLUTE
    ..\..\CODE\HDL\Source\GPIO_Config.c      0x00000000   Number         0  gpio_config.o ABSOLUTE
    ..\..\CODE\HDL\Source\Hall_Config.c      0x00000000   Number         0  hall_config.o ABSOLUTE
    ..\..\CODE\HDL\Source\TIM_Config.c       0x00000000   Number         0  tim_config.o ABSOLUTE
    ..\..\CODE\HDL\Source\UART_Config.c      0x00000000   Number         0  uart_config.o ABSOLUTE
    ..\\..\\CODE\\APL\\isr.c                 0x00000000   Number         0  isr.o ABSOLUTE
    ..\\..\\CODE\\APL\\main.c                0x00000000   Number         0  main.o ABSOLUTE
    ..\\..\\CODE\\FML\\Source\\Hall_Commutation.c 0x00000000   Number         0  hall_commutation.o ABSOLUTE
    ..\\..\\CODE\\FML\\Source\\Motor_Control.c 0x00000000   Number         0  motor_control.o ABSOLUTE
    ..\\..\\CODE\\FML\\Source\\retarget.c    0x00000000   Number         0  retarget.o ABSOLUTE
    ..\\..\\CODE\\HAL\\CORE\\Source\\system_CMS32M55xx.c 0x00000000   Number         0  system_cms32m55xx.o ABSOLUTE
    ..\\..\\CODE\\HAL\\FWLIB\\src\\acmp.c    0x00000000   Number         0  acmp.o ABSOLUTE
    ..\\..\\CODE\\HAL\\FWLIB\\src\\adc0.c    0x00000000   Number         0  adc0.o ABSOLUTE
    ..\\..\\CODE\\HAL\\FWLIB\\src\\adc1.c    0x00000000   Number         0  adc1.o ABSOLUTE
    ..\\..\\CODE\\HAL\\FWLIB\\src\\ccp.c     0x00000000   Number         0  ccp.o ABSOLUTE
    ..\\..\\CODE\\HAL\\FWLIB\\src\\crc.c     0x00000000   Number         0  crc.o ABSOLUTE
    ..\\..\\CODE\\HAL\\FWLIB\\src\\epwm.c    0x00000000   Number         0  epwm.o ABSOLUTE
    ..\\..\\CODE\\HAL\\FWLIB\\src\\fmc.c     0x00000000   Number         0  fmc.o ABSOLUTE
    ..\\..\\CODE\\HAL\\FWLIB\\src\\gpio.c    0x00000000   Number         0  gpio.o ABSOLUTE
    ..\\..\\CODE\\HAL\\FWLIB\\src\\hwdiv.c   0x00000000   Number         0  hwdiv.o ABSOLUTE
    ..\\..\\CODE\\HAL\\FWLIB\\src\\i2c.c     0x00000000   Number         0  i2c.o ABSOLUTE
    ..\\..\\CODE\\HAL\\FWLIB\\src\\opa.c     0x00000000   Number         0  opa.o ABSOLUTE
    ..\\..\\CODE\\HAL\\FWLIB\\src\\pga.c     0x00000000   Number         0  pga.o ABSOLUTE
    ..\\..\\CODE\\HAL\\FWLIB\\src\\ssp.c     0x00000000   Number         0  ssp.o ABSOLUTE
    ..\\..\\CODE\\HAL\\FWLIB\\src\\system.c  0x00000000   Number         0  system.o ABSOLUTE
    ..\\..\\CODE\\HAL\\FWLIB\\src\\timer.c   0x00000000   Number         0  timer.o ABSOLUTE
    ..\\..\\CODE\\HAL\\FWLIB\\src\\uart.c    0x00000000   Number         0  uart.o ABSOLUTE
    ..\\..\\CODE\\HAL\\FWLIB\\src\\wdt.c     0x00000000   Number         0  wdt.o ABSOLUTE
    ..\\..\\CODE\\HAL\\FWLIB\\src\\wwdt.c    0x00000000   Number         0  wwdt.o ABSOLUTE
    ..\\..\\CODE\\HDL\\Source\\ADC_Config.c  0x00000000   Number         0  adc_config.o ABSOLUTE
    ..\\..\\CODE\\HDL\\Source\\EPWM_Config.c 0x00000000   Number         0  epwm_config.o ABSOLUTE
    ..\\..\\CODE\\HDL\\Source\\Hall_Config.c 0x00000000   Number         0  hall_config.o ABSOLUTE
    ..\\..\\CODE\\HDL\\Source\\UART_Config.c 0x00000000   Number         0  uart_config.o ABSOLUTE
    cdrcmple.s                               0x00000000   Number         0  cdrcmple.o ABSOLUTE
    dc.s                                     0x00000000   Number         0  dc.o ABSOLUTE
    handlers.s                               0x00000000   Number         0  handlers.o ABSOLUTE
    init.s                                   0x00000000   Number         0  init.o ABSOLUTE
    .ARM.Collect$$$$00000000                 0x000000c0   Section        0  entry.o(.ARM.Collect$$$$00000000)
    .ARM.Collect$$$$00000001                 0x000000c0   Section        4  entry2.o(.ARM.Collect$$$$00000001)
    .ARM.Collect$$$$00000004                 0x000000c4   Section        4  entry5.o(.ARM.Collect$$$$00000004)
    .ARM.Collect$$$$00000008                 0x000000c8   Section        0  entry7b.o(.ARM.Collect$$$$00000008)
    .ARM.Collect$$$$0000000A                 0x000000c8   Section        0  entry8b.o(.ARM.Collect$$$$0000000A)
    .ARM.Collect$$$$0000000B                 0x000000c8   Section        8  entry9a.o(.ARM.Collect$$$$0000000B)
    .ARM.Collect$$$$0000000E                 0x000000d0   Section        4  entry12b.o(.ARM.Collect$$$$0000000E)
    .ARM.Collect$$$$0000000F                 0x000000d4   Section        0  entry10a.o(.ARM.Collect$$$$0000000F)
    .ARM.Collect$$$$00000011                 0x000000d4   Section        0  entry11a.o(.ARM.Collect$$$$00000011)
    .ARM.Collect$$$$00002712                 0x000000d4   Section        4  entry2.o(.ARM.Collect$$$$00002712)
    __lit__00000000                          0x000000d4   Data           4  entry2.o(.ARM.Collect$$$$00002712)
    .text                                    0x000000d8   Section       32  startup_cms32m55xx.o(.text)
    .text                                    0x000000f8   Section        0  uidiv.o(.text)
    .text                                    0x00000124   Section        0  atoi.o(.text)
    .text                                    0x00000140   Section        0  strtol.o(.text)
    .text                                    0x000001b0   Section       36  init.o(.text)
    .text                                    0x000001d4   Section        0  ctype_o.o(.text)
    .text                                    0x000001dc   Section        0  _strtoul.o(.text)
    .text                                    0x00000282   Section        0  _chval.o(.text)
    i.ACMP_IRQHandler                        0x000002a0   Section        0  isr.o(i.ACMP_IRQHandler)
    i.ADC0_IRQHandler                        0x000002a2   Section        0  isr.o(i.ADC0_IRQHandler)
    i.ADC1_ClearChannelIntFlag               0x000002a4   Section        0  adc1.o(i.ADC1_ClearChannelIntFlag)
    i.ADC1_ConfigRunMode                     0x000002c4   Section        0  adc1.o(i.ADC1_ConfigRunMode)
    i.ADC1_EnableAdjust                      0x000002fc   Section        0  adc1.o(i.ADC1_EnableAdjust)
    i.ADC1_EnableChannelInt                  0x00000318   Section        0  adc1.o(i.ADC1_EnableChannelInt)
    i.ADC1_EnableScanChannel                 0x0000032e   Section        0  adc1.o(i.ADC1_EnableScanChannel)
    i.ADC1_GetChannelIntFlag                 0x00000344   Section        0  adc1.o(i.ADC1_GetChannelIntFlag)
    i.ADC1_GetResult                         0x00000360   Section        0  adc1.o(i.ADC1_GetResult)
    i.ADC1_IRQHandler                        0x00000370   Section        0  isr.o(i.ADC1_IRQHandler)
    i.ADC1_SetAN30Channel                    0x00000384   Section        0  adc1.o(i.ADC1_SetAN30Channel)
    i.ADC1_Start                             0x000003aa   Section        0  adc1.o(i.ADC1_Start)
    i.ADC1_StartAdjust                       0x000003c6   Section        0  adc1.o(i.ADC1_StartAdjust)
    i.ADC_Init                               0x000003f4   Section        0  adc_config.o(i.ADC_Init)
    i.CCP_IRQHandler                         0x00000440   Section        0  isr.o(i.CCP_IRQHandler)
    i.EPWM_AllBrakeDisable                   0x00000444   Section        0  epwm.o(i.EPWM_AllBrakeDisable)
    i.EPWM_ConfigChannelClk                  0x00000460   Section        0  epwm.o(i.EPWM_ConfigChannelClk)
    i.EPWM_ConfigChannelPeriod               0x000004a4   Section        0  epwm.o(i.EPWM_ConfigChannelPeriod)
    i.EPWM_ConfigChannelSymDuty              0x000004d8   Section        0  epwm.o(i.EPWM_ConfigChannelSymDuty)
    i.EPWM_ConfigLoadAndIntMode              0x00000528   Section        0  epwm.o(i.EPWM_ConfigLoadAndIntMode)
    i.EPWM_ConfigRunMode                     0x00000568   Section        0  epwm.o(i.EPWM_ConfigRunMode)
    i.EPWM_DisableReverseOutput              0x00000594   Section        0  epwm.o(i.EPWM_DisableReverseOutput)
    i.EPWM_EnableAutoLoadMode                0x000005b8   Section        0  epwm.o(i.EPWM_EnableAutoLoadMode)
    i.EPWM_EnableOutput                      0x000005d8   Section        0  epwm.o(i.EPWM_EnableOutput)
    i.EPWM_GPIO_Config                       0x000005f0   Section        0  epwm_config.o(i.EPWM_GPIO_Config)
    i.EPWM_IRQHandler                        0x000006b4   Section        0  isr.o(i.EPWM_IRQHandler)
    i.EPWM_Init                              0x000006b6   Section        0  epwm_config.o(i.EPWM_Init)
    i.EPWM_Mode_Config                       0x000006c2   Section        0  epwm_config.o(i.EPWM_Mode_Config)
    i.EPWM_Start                             0x00000758   Section        0  epwm.o(i.EPWM_Start)
    i.EPWM_Stop                              0x00000778   Section        0  epwm.o(i.EPWM_Stop)
    i.GPIO0_IRQHandler                       0x000007a0   Section        0  isr.o(i.GPIO0_IRQHandler)
    i.GPIO2_IRQHandler                       0x000007a2   Section        0  isr.o(i.GPIO2_IRQHandler)
    i.GPIO3_IRQHandler                       0x000007a4   Section        0  isr.o(i.GPIO3_IRQHandler)
    i.GPIO4_IRQHandler                       0x000007f4   Section        0  isr.o(i.GPIO4_IRQHandler)
    i.GPIO_ClearIntFlag                      0x000007f6   Section        0  gpio.o(i.GPIO_ClearIntFlag)
    i.GPIO_EnableFilter                      0x00000802   Section        0  gpio.o(i.GPIO_EnableFilter)
    i.GPIO_EnableInt                         0x0000081a   Section        0  gpio.o(i.GPIO_EnableInt)
    i.GPIO_GetIntFlag                        0x00000888   Section        0  gpio.o(i.GPIO_GetIntFlag)
    i.HardFault_Handler                      0x0000089e   Section        0  isr.o(i.HardFault_Handler)
    i.HardwareInit                           0x000008a0   Section        0  main.o(i.HardwareInit)
    i.I2C0_IRQHandler                        0x000008b8   Section        0  isr.o(i.I2C0_IRQHandler)
    i.MC_SensorMode_HallChange               0x000008bc   Section        0  motor_control.o(i.MC_SensorMode_HallChange)
    i.MC_SensorMode_IOInit                   0x00000a98   Section        0  hall_config.o(i.MC_SensorMode_IOInit)
    i.MC_SensorMode_Init                     0x00000b60   Section        0  hall_commutation.o(i.MC_SensorMode_Init)
    i.MOTOR_Running                          0x00000b80   Section        0  motor_control.o(i.MOTOR_Running)
    i.Motor_Brake                            0x00000b82   Section        0  motor_control.o(i.Motor_Brake)
    i.Motor_Control                          0x00000b84   Section        0  motor_control.o(i.Motor_Control)
    i.Motor_FaultProcess                     0x00000bd4   Section        0  motor_control.o(i.Motor_FaultProcess)
    i.Motor_Idle                             0x00000bd8   Section        0  motor_control.o(i.Motor_Idle)
    i.Motor_Start                            0x00000be4   Section        0  motor_control.o(i.Motor_Start)
    i.Motor_Stop                             0x00000bf2   Section        0  motor_control.o(i.Motor_Stop)
    i.NMI_Handler                            0x00000c1a   Section        0  isr.o(i.NMI_Handler)
    i.NVIC_EnableIRQ                         0x00000c1c   Section        0  main.o(i.NVIC_EnableIRQ)
    NVIC_EnableIRQ                           0x00000c1d   Thumb Code    14  main.o(i.NVIC_EnableIRQ)
    i.NVIC_Init                              0x00000c30   Section        0  main.o(i.NVIC_Init)
    i.NVIC_SetPriority                       0x00000c60   Section        0  main.o(i.NVIC_SetPriority)
    NVIC_SetPriority                         0x00000c61   Thumb Code   110  main.o(i.NVIC_SetPriority)
    i.PendSV_Handler                         0x00000cd8   Section        0  isr.o(i.PendSV_Handler)
    i.SSP0_IRQHandler                        0x00000cda   Section        0  isr.o(i.SSP0_IRQHandler)
    i.SVC_Handler                            0x00000cdc   Section        0  isr.o(i.SVC_Handler)
    i.SYS_CHK_IRQHandler                     0x00000cde   Section        0  isr.o(i.SYS_CHK_IRQHandler)
    i.SYS_ConfigAHBClock                     0x00000ce0   Section        0  system.o(i.SYS_ConfigAHBClock)
    i.SYS_ConfigAPBClock                     0x00000d14   Section        0  system.o(i.SYS_ConfigAPBClock)
    i.SYS_ConfigHSI                          0x00000d1c   Section        0  system.o(i.SYS_ConfigHSI)
    i.SYS_EnableHSI                          0x00000d40   Section        0  system.o(i.SYS_EnableHSI)
    i.SYS_EnablePeripheralClk                0x00000d5c   Section        0  system.o(i.SYS_EnablePeripheralClk)
    i.SYS_GetHSIState                        0x00000d6c   Section        0  system.o(i.SYS_GetHSIState)
    i.Serial_GetRxFlag                       0x00000d78   Section        0  uart_config.o(i.Serial_GetRxFlag)
    i.SoftwareInit                           0x00000d94   Section        0  main.o(i.SoftwareInit)
    i.SysTick_Handler                        0x00000db8   Section        0  isr.o(i.SysTick_Handler)
    i.SystemConfig                           0x00000dbc   Section        0  main.o(i.SystemConfig)
    i.SystemCoreClockUpdate                  0x00000e08   Section        0  system_cms32m55xx.o(i.SystemCoreClockUpdate)
    i.SystemInit                             0x00000ebc   Section        0  system_cms32m55xx.o(i.SystemInit)
    i.TIMER0_IRQHandler                      0x00000ec4   Section        0  isr.o(i.TIMER0_IRQHandler)
    i.TIMER1_IRQHandler                      0x00000ec6   Section        0  isr.o(i.TIMER1_IRQHandler)
    i.UART0_IRQHandler                       0x00000ec8   Section        0  isr.o(i.UART0_IRQHandler)
    i.UART1_IRQHandler                       0x00000ecc   Section        0  uart_config.o(i.UART1_IRQHandler)
    i.UART_ConfigRunMode                     0x00000f74   Section        0  uart.o(i.UART_ConfigRunMode)
    i.UART_EnableAuto                        0x00000fac   Section        0  uart.o(i.UART_EnableAuto)
    i.UART_EnableFIFO                        0x00000fb6   Section        0  uart.o(i.UART_EnableFIFO)
    i.UART_EnableRBRInt                      0x00000fce   Section        0  uart.o(i.UART_EnableRBRInt)
    i.UART_EnableTHREInt                     0x00000fd8   Section        0  uart.o(i.UART_EnableTHREInt)
    i.UART_Init                              0x00000fe4   Section        0  uart_config.o(i.UART_Init)
    i.UART_ReadRBR                           0x00001048   Section        0  uart.o(i.UART_ReadRBR)
    i.UartData_Processing                    0x00001050   Section        0  main.o(i.UartData_Processing)
    i.WDT_IRQHandler                         0x0000127c   Section        0  isr.o(i.WDT_IRQHandler)
    i.WWDT_IRQHandler                        0x0000127e   Section        0  isr.o(i.WWDT_IRQHandler)
    i.__0printf$3                            0x00001280   Section        0  printf3.o(i.__0printf$3)
    i.__ARM_common_switch8                   0x000012a0   Section        0  motor_control.o(i.__ARM_common_switch8)
    i.__aeabi_errno_addr                     0x000012bc   Section        0  errno.o(i.__aeabi_errno_addr)
    i.__scatterload_copy                     0x000012c4   Section       14  handlers.o(i.__scatterload_copy)
    i.__scatterload_null                     0x000012d2   Section        2  handlers.o(i.__scatterload_null)
    i.__scatterload_zeroinit                 0x000012d4   Section       14  handlers.o(i.__scatterload_zeroinit)
    i._printf_core                           0x000012e4   Section        0  printf3.o(i._printf_core)
    _printf_core                             0x000012e5   Thumb Code   456  printf3.o(i._printf_core)
    i.fputc                                  0x000014b0   Section        0  retarget.o(i.fputc)
    i.main                                   0x000014e4   Section        0  main.o(i.main)
    i.show_help                              0x00001500   Section        0  main.o(i.show_help)
    .constdata                               0x00001638   Section      129  ctype_o.o(.constdata)
    .constdata                               0x000016bc   Section        4  ctype_o.o(.constdata)
    table                                    0x000016bc   Data           4  ctype_o.o(.constdata)
    .data                                    0x20000000   Section        5  main.o(.data)
    showflag                                 0x20000004   Data           1  main.o(.data)
    .data                                    0x20000005   Section       20  hall_commutation.o(.data)
    .data                                    0x20000019   Section        1  motor_control.o(.data)
    .data                                    0x2000001c   Section        8  retarget.o(.data)
    .data                                    0x20000024   Section       20  uart_config.o(.data)
    U_IntID                                  0x2000002c   Data           4  uart_config.o(.data)
    U_LSRFlag                                0x20000030   Data           4  uart_config.o(.data)
    U_count                                  0x20000034   Data           4  uart_config.o(.data)
    .data                                    0x20000038   Section       12  system_cms32m55xx.o(.data)
    .data                                    0x20000044   Section        4  errno.o(.data)
    _errno                                   0x20000044   Data           4  errno.o(.data)
    .bss                                     0x20000048   Section       12  motor_control.o(.bss)
    .bss                                     0x20000054   Section       32  uart_config.o(.bss)
    STACK                                    0x20000078   Section     2048  startup_cms32m55xx.o(STACK)

    Global Symbols

    Symbol Name                              Value     Ov Type        Size  Object(Section)

    BuildAttributes$$THM_ISAv3M$S$PE$A:L22$X:L11$S22$IEEE1$IW$USESV6$~STKCKD$USESV7$~SHL$OSPACE$ROPI$EBA8$MICROLIB$REQ8$PRES8$EABIv2 0x00000000   Number         0  anon$$obj.o ABSOLUTE
    __ARM_use_no_argv                        0x00000000   Number         0  main.o ABSOLUTE
    __Vectors                                0x00000000   Data           4  startup_cms32m55xx.o(RESET)
    _printf_a                                0x00000000   Number         0  stubs.o ABSOLUTE
    _printf_c                                0x00000000   Number         0  stubs.o ABSOLUTE
    _printf_charcount                        0x00000000   Number         0  stubs.o ABSOLUTE
    _printf_d                                0x00000000   Number         0  stubs.o ABSOLUTE
    _printf_e                                0x00000000   Number         0  stubs.o ABSOLUTE
    _printf_f                                0x00000000   Number         0  stubs.o ABSOLUTE
    _printf_flags                            0x00000000   Number         0  stubs.o ABSOLUTE
    _printf_fp_dec                           0x00000000   Number         0  stubs.o ABSOLUTE
    _printf_fp_hex                           0x00000000   Number         0  stubs.o ABSOLUTE
    _printf_g                                0x00000000   Number         0  stubs.o ABSOLUTE
    _printf_i                                0x00000000   Number         0  stubs.o ABSOLUTE
    _printf_int_dec                          0x00000000   Number         0  stubs.o ABSOLUTE
    _printf_l                                0x00000000   Number         0  stubs.o ABSOLUTE
    _printf_lc                               0x00000000   Number         0  stubs.o ABSOLUTE
    _printf_ll                               0x00000000   Number         0  stubs.o ABSOLUTE
    _printf_lld                              0x00000000   Number         0  stubs.o ABSOLUTE
    _printf_lli                              0x00000000   Number         0  stubs.o ABSOLUTE
    _printf_llo                              0x00000000   Number         0  stubs.o ABSOLUTE
    _printf_llu                              0x00000000   Number         0  stubs.o ABSOLUTE
    _printf_llx                              0x00000000   Number         0  stubs.o ABSOLUTE
    _printf_longlong_dec                     0x00000000   Number         0  stubs.o ABSOLUTE
    _printf_longlong_hex                     0x00000000   Number         0  stubs.o ABSOLUTE
    _printf_longlong_oct                     0x00000000   Number         0  stubs.o ABSOLUTE
    _printf_ls                               0x00000000   Number         0  stubs.o ABSOLUTE
    _printf_mbtowc                           0x00000000   Number         0  stubs.o ABSOLUTE
    _printf_n                                0x00000000   Number         0  stubs.o ABSOLUTE
    _printf_o                                0x00000000   Number         0  stubs.o ABSOLUTE
    _printf_p                                0x00000000   Number         0  stubs.o ABSOLUTE
    _printf_percent                          0x00000000   Number         0  stubs.o ABSOLUTE
    _printf_pre_padding                      0x00000000   Number         0  stubs.o ABSOLUTE
    _printf_return_value                     0x00000000   Number         0  stubs.o ABSOLUTE
    _printf_s                                0x00000000   Number         0  stubs.o ABSOLUTE
    _printf_sizespec                         0x00000000   Number         0  stubs.o ABSOLUTE
    _printf_str                              0x00000000   Number         0  stubs.o ABSOLUTE
    _printf_truncate_signed                  0x00000000   Number         0  stubs.o ABSOLUTE
    _printf_truncate_unsigned                0x00000000   Number         0  stubs.o ABSOLUTE
    _printf_u                                0x00000000   Number         0  stubs.o ABSOLUTE
    _printf_wc                               0x00000000   Number         0  stubs.o ABSOLUTE
    _printf_wctomb                           0x00000000   Number         0  stubs.o ABSOLUTE
    _printf_widthprec                        0x00000000   Number         0  stubs.o ABSOLUTE
    _printf_x                                0x00000000   Number         0  stubs.o ABSOLUTE
    __arm_fini_                               - Undefined Weak Reference
    __cpp_initialize__aeabi_                  - Undefined Weak Reference
    __cxa_finalize                            - Undefined Weak Reference
    __decompress                              - Undefined Weak Reference
    _clock_init                               - Undefined Weak Reference
    _microlib_exit                            - Undefined Weak Reference
    __main                                   0x000000c1   Thumb Code     0  entry.o(.ARM.Collect$$$$00000000)
    _main_stk                                0x000000c1   Thumb Code     0  entry2.o(.ARM.Collect$$$$00000001)
    _main_scatterload                        0x000000c5   Thumb Code     0  entry5.o(.ARM.Collect$$$$00000004)
    __main_after_scatterload                 0x000000c9   Thumb Code     0  entry5.o(.ARM.Collect$$$$00000004)
    _main_clock                              0x000000c9   Thumb Code     0  entry7b.o(.ARM.Collect$$$$00000008)
    _main_cpp_init                           0x000000c9   Thumb Code     0  entry8b.o(.ARM.Collect$$$$0000000A)
    _main_init                               0x000000c9   Thumb Code     0  entry9a.o(.ARM.Collect$$$$0000000B)
    __rt_lib_shutdown_fini                   0x000000d1   Thumb Code     0  entry12b.o(.ARM.Collect$$$$0000000E)
    __rt_final_cpp                           0x000000d5   Thumb Code     0  entry10a.o(.ARM.Collect$$$$0000000F)
    __rt_final_exit                          0x000000d5   Thumb Code     0  entry11a.o(.ARM.Collect$$$$00000011)
    Reset_Handler                            0x000000d9   Thumb Code     8  startup_cms32m55xx.o(.text)
    Reserved_IRQHandler                      0x000000eb   Thumb Code     2  startup_cms32m55xx.o(.text)
    GPIO1_IRQHandler                         0x000000ed   Thumb Code     0  startup_cms32m55xx.o(.text)
    __aeabi_uidiv                            0x000000f9   Thumb Code     0  uidiv.o(.text)
    __aeabi_uidivmod                         0x000000f9   Thumb Code    44  uidiv.o(.text)
    atoi                                     0x00000125   Thumb Code    26  atoi.o(.text)
    strtol                                   0x00000141   Thumb Code   108  strtol.o(.text)
    __scatterload                            0x000001b1   Thumb Code    28  init.o(.text)
    __scatterload_rt2                        0x000001b1   Thumb Code     0  init.o(.text)
    __rt_ctype_table                         0x000001d5   Thumb Code     4  ctype_o.o(.text)
    _strtoul                                 0x000001dd   Thumb Code   166  _strtoul.o(.text)
    _chval                                   0x00000283   Thumb Code    30  _chval.o(.text)
    ACMP_IRQHandler                          0x000002a1   Thumb Code     2  isr.o(i.ACMP_IRQHandler)
    ADC0_IRQHandler                          0x000002a3   Thumb Code     2  isr.o(i.ADC0_IRQHandler)
    ADC1_ClearChannelIntFlag                 0x000002a5   Thumb Code    30  adc1.o(i.ADC1_ClearChannelIntFlag)
    ADC1_ConfigRunMode                       0x000002c5   Thumb Code    52  adc1.o(i.ADC1_ConfigRunMode)
    ADC1_EnableAdjust                        0x000002fd   Thumb Code    28  adc1.o(i.ADC1_EnableAdjust)
    ADC1_EnableChannelInt                    0x00000319   Thumb Code    22  adc1.o(i.ADC1_EnableChannelInt)
    ADC1_EnableScanChannel                   0x0000032f   Thumb Code    22  adc1.o(i.ADC1_EnableScanChannel)
    ADC1_GetChannelIntFlag                   0x00000345   Thumb Code    26  adc1.o(i.ADC1_GetChannelIntFlag)
    ADC1_GetResult                           0x00000361   Thumb Code    10  adc1.o(i.ADC1_GetResult)
    ADC1_IRQHandler                          0x00000371   Thumb Code    20  isr.o(i.ADC1_IRQHandler)
    ADC1_SetAN30Channel                      0x00000385   Thumb Code    38  adc1.o(i.ADC1_SetAN30Channel)
    ADC1_Start                               0x000003ab   Thumb Code    28  adc1.o(i.ADC1_Start)
    ADC1_StartAdjust                         0x000003c7   Thumb Code    44  adc1.o(i.ADC1_StartAdjust)
    ADC_Init                                 0x000003f5   Thumb Code    66  adc_config.o(i.ADC_Init)
    CCP_IRQHandler                           0x00000441   Thumb Code     2  isr.o(i.CCP_IRQHandler)
    EPWM_AllBrakeDisable                     0x00000445   Thumb Code    22  epwm.o(i.EPWM_AllBrakeDisable)
    EPWM_ConfigChannelClk                    0x00000461   Thumb Code    60  epwm.o(i.EPWM_ConfigChannelClk)
    EPWM_ConfigChannelPeriod                 0x000004a5   Thumb Code    48  epwm.o(i.EPWM_ConfigChannelPeriod)
    EPWM_ConfigChannelSymDuty                0x000004d9   Thumb Code    74  epwm.o(i.EPWM_ConfigChannelSymDuty)
    EPWM_ConfigLoadAndIntMode                0x00000529   Thumb Code    58  epwm.o(i.EPWM_ConfigLoadAndIntMode)
    EPWM_ConfigRunMode                       0x00000569   Thumb Code    40  epwm.o(i.EPWM_ConfigRunMode)
    EPWM_DisableReverseOutput                0x00000595   Thumb Code    30  epwm.o(i.EPWM_DisableReverseOutput)
    EPWM_EnableAutoLoadMode                  0x000005b9   Thumb Code    28  epwm.o(i.EPWM_EnableAutoLoadMode)
    EPWM_EnableOutput                        0x000005d9   Thumb Code    20  epwm.o(i.EPWM_EnableOutput)
    EPWM_GPIO_Config                         0x000005f1   Thumb Code   192  epwm_config.o(i.EPWM_GPIO_Config)
    EPWM_IRQHandler                          0x000006b5   Thumb Code     2  isr.o(i.EPWM_IRQHandler)
    EPWM_Init                                0x000006b7   Thumb Code    12  epwm_config.o(i.EPWM_Init)
    EPWM_Mode_Config                         0x000006c3   Thumb Code   148  epwm_config.o(i.EPWM_Mode_Config)
    EPWM_Start                               0x00000759   Thumb Code    28  epwm.o(i.EPWM_Start)
    EPWM_Stop                                0x00000779   Thumb Code    36  epwm.o(i.EPWM_Stop)
    GPIO0_IRQHandler                         0x000007a1   Thumb Code     2  isr.o(i.GPIO0_IRQHandler)
    GPIO2_IRQHandler                         0x000007a3   Thumb Code     2  isr.o(i.GPIO2_IRQHandler)
    GPIO3_IRQHandler                         0x000007a5   Thumb Code    80  isr.o(i.GPIO3_IRQHandler)
    GPIO4_IRQHandler                         0x000007f5   Thumb Code     2  isr.o(i.GPIO4_IRQHandler)
    GPIO_ClearIntFlag                        0x000007f7   Thumb Code    12  gpio.o(i.GPIO_ClearIntFlag)
    GPIO_EnableFilter                        0x00000803   Thumb Code    24  gpio.o(i.GPIO_EnableFilter)
    GPIO_EnableInt                           0x0000081b   Thumb Code   110  gpio.o(i.GPIO_EnableInt)
    GPIO_GetIntFlag                          0x00000889   Thumb Code    22  gpio.o(i.GPIO_GetIntFlag)
    HardFault_Handler                        0x0000089f   Thumb Code     2  isr.o(i.HardFault_Handler)
    HardwareInit                             0x000008a1   Thumb Code    24  main.o(i.HardwareInit)
    I2C0_IRQHandler                          0x000008b9   Thumb Code     2  isr.o(i.I2C0_IRQHandler)
    MC_SensorMode_HallChange                 0x000008bd   Thumb Code   462  motor_control.o(i.MC_SensorMode_HallChange)
    MC_SensorMode_IOInit                     0x00000a99   Thumb Code   194  hall_config.o(i.MC_SensorMode_IOInit)
    MC_SensorMode_Init                       0x00000b61   Thumb Code    26  hall_commutation.o(i.MC_SensorMode_Init)
    MOTOR_Running                            0x00000b81   Thumb Code     2  motor_control.o(i.MOTOR_Running)
    Motor_Brake                              0x00000b83   Thumb Code     2  motor_control.o(i.Motor_Brake)
    Motor_Control                            0x00000b85   Thumb Code    74  motor_control.o(i.Motor_Control)
    Motor_FaultProcess                       0x00000bd5   Thumb Code     2  motor_control.o(i.Motor_FaultProcess)
    Motor_Idle                               0x00000bd9   Thumb Code     8  motor_control.o(i.Motor_Idle)
    Motor_Start                              0x00000be5   Thumb Code    14  motor_control.o(i.Motor_Start)
    Motor_Stop                               0x00000bf3   Thumb Code    40  motor_control.o(i.Motor_Stop)
    NMI_Handler                              0x00000c1b   Thumb Code     2  isr.o(i.NMI_Handler)
    NVIC_Init                                0x00000c31   Thumb Code    46  main.o(i.NVIC_Init)
    PendSV_Handler                           0x00000cd9   Thumb Code     2  isr.o(i.PendSV_Handler)
    SSP0_IRQHandler                          0x00000cdb   Thumb Code     2  isr.o(i.SSP0_IRQHandler)
    SVC_Handler                              0x00000cdd   Thumb Code     2  isr.o(i.SVC_Handler)
    SYS_CHK_IRQHandler                       0x00000cdf   Thumb Code     2  isr.o(i.SYS_CHK_IRQHandler)
    SYS_ConfigAHBClock                       0x00000ce1   Thumb Code    44  system.o(i.SYS_ConfigAHBClock)
    SYS_ConfigAPBClock                       0x00000d15   Thumb Code     8  system.o(i.SYS_ConfigAPBClock)
    SYS_ConfigHSI                            0x00000d1d   Thumb Code    32  system.o(i.SYS_ConfigHSI)
    SYS_EnableHSI                            0x00000d41   Thumb Code    24  system.o(i.SYS_EnableHSI)
    SYS_EnablePeripheralClk                  0x00000d5d   Thumb Code    16  system.o(i.SYS_EnablePeripheralClk)
    SYS_GetHSIState                          0x00000d6d   Thumb Code    12  system.o(i.SYS_GetHSIState)
    Serial_GetRxFlag                         0x00000d79   Thumb Code    22  uart_config.o(i.Serial_GetRxFlag)
    SoftwareInit                             0x00000d95   Thumb Code    28  main.o(i.SoftwareInit)
    SysTick_Handler                          0x00000db9   Thumb Code     2  isr.o(i.SysTick_Handler)
    SystemConfig                             0x00000dbd   Thumb Code    72  main.o(i.SystemConfig)
    SystemCoreClockUpdate                    0x00000e09   Thumb Code   150  system_cms32m55xx.o(i.SystemCoreClockUpdate)
    SystemInit                               0x00000ebd   Thumb Code     8  system_cms32m55xx.o(i.SystemInit)
    TIMER0_IRQHandler                        0x00000ec5   Thumb Code     2  isr.o(i.TIMER0_IRQHandler)
    TIMER1_IRQHandler                        0x00000ec7   Thumb Code     2  isr.o(i.TIMER1_IRQHandler)
    UART0_IRQHandler                         0x00000ec9   Thumb Code     2  isr.o(i.UART0_IRQHandler)
    UART1_IRQHandler                         0x00000ecd   Thumb Code   142  uart_config.o(i.UART1_IRQHandler)
    UART_ConfigRunMode                       0x00000f75   Thumb Code    50  uart.o(i.UART_ConfigRunMode)
    UART_EnableAuto                          0x00000fad   Thumb Code    10  uart.o(i.UART_EnableAuto)
    UART_EnableFIFO                          0x00000fb7   Thumb Code    24  uart.o(i.UART_EnableFIFO)
    UART_EnableRBRInt                        0x00000fcf   Thumb Code    10  uart.o(i.UART_EnableRBRInt)
    UART_EnableTHREInt                       0x00000fd9   Thumb Code    10  uart.o(i.UART_EnableTHREInt)
    UART_Init                                0x00000fe5   Thumb Code    94  uart_config.o(i.UART_Init)
    UART_ReadRBR                             0x00001049   Thumb Code     6  uart.o(i.UART_ReadRBR)
    UartData_Processing                      0x00001051   Thumb Code   352  main.o(i.UartData_Processing)
    WDT_IRQHandler                           0x0000127d   Thumb Code     2  isr.o(i.WDT_IRQHandler)
    WWDT_IRQHandler                          0x0000127f   Thumb Code     2  isr.o(i.WWDT_IRQHandler)
    __0printf$3                              0x00001281   Thumb Code    24  printf3.o(i.__0printf$3)
    __1printf$3                              0x00001281   Thumb Code     0  printf3.o(i.__0printf$3)
    __2printf                                0x00001281   Thumb Code     0  printf3.o(i.__0printf$3)
    __ARM_common_switch8                     0x000012a1   Thumb Code    28  motor_control.o(i.__ARM_common_switch8)
    __aeabi_errno_addr                       0x000012bd   Thumb Code     4  errno.o(i.__aeabi_errno_addr)
    __rt_errno_addr                          0x000012bd   Thumb Code     0  errno.o(i.__aeabi_errno_addr)
    __scatterload_copy                       0x000012c5   Thumb Code    14  handlers.o(i.__scatterload_copy)
    __scatterload_null                       0x000012d3   Thumb Code     2  handlers.o(i.__scatterload_null)
    __scatterload_zeroinit                   0x000012d5   Thumb Code    14  handlers.o(i.__scatterload_zeroinit)
    fputc                                    0x000014b1   Thumb Code    52  retarget.o(i.fputc)
    main                                     0x000014e5   Thumb Code    28  main.o(i.main)
    show_help                                0x00001501   Thumb Code    40  main.o(i.show_help)
    __ctype_table                            0x00001638   Data         129  ctype_o.o(.constdata)
    Region$$Table$$Base                      0x000016c0   Number         0  anon$$obj.o(Region$$Table)
    Region$$Table$$Limit                     0x000016e0   Number         0  anon$$obj.o(Region$$Table)
    ADCValue                                 0x20000000   Data           4  main.o(.data)
    hall_index                               0x20000005   Data           6  hall_commutation.o(.data)
    sectorTableOfHall                        0x2000000b   Data           7  hall_commutation.o(.data)
    strSensor                                0x20000012   Data           7  hall_commutation.o(.data)
    Motor_FaultSource                        0x20000019   Data           1  motor_control.o(.data)
    __stdout                                 0x2000001c   Data           4  retarget.o(.data)
    __stdin                                  0x20000020   Data           4  retarget.o(.data)
    U_RxdFlag                                0x20000024   Data           4  uart_config.o(.data)
    U_TxdFlag                                0x20000028   Data           4  uart_config.o(.data)
    SystemCoreClock                          0x20000038   Data           4  system_cms32m55xx.o(.data)
    SystemAPBClock                           0x2000003c   Data           4  system_cms32m55xx.o(.data)
    CyclesPerUs                              0x20000040   Data           4  system_cms32m55xx.o(.data)
    Motor_Ctrl                               0x20000048   Data          12  motor_control.o(.bss)
    U_ReceiveData                            0x20000054   Data          16  uart_config.o(.bss)
    U_SendData                               0x20000064   Data          16  uart_config.o(.bss)
    __initial_sp                             0x20000878   Data           0  startup_cms32m55xx.o(STACK)



==============================================================================

Memory Map of the image

  Image Entry point : 0x000000c1

  Load Region LR_IROM1 (Base: 0x00000000, Size: 0x00001728, Max: 0x00008000, ABSOLUTE)

    Execution Region ER_IROM1 (Exec base: 0x00000000, Load base: 0x00000000, Size: 0x000016e0, Max: 0x00008000, ABSOLUTE)

    Exec Addr    Load Addr    Size         Type   Attr      Idx    E Section Name        Object

    0x00000000   0x00000000   0x000000c0   Data   RO          693    RESET               startup_cms32m55xx.o
    0x000000c0   0x000000c0   0x00000000   Code   RO         3020  * .ARM.Collect$$$$00000000  mc_p.l(entry.o)
    0x000000c0   0x000000c0   0x00000004   Code   RO         3288    .ARM.Collect$$$$00000001  mc_p.l(entry2.o)
    0x000000c4   0x000000c4   0x00000004   Code   RO         3291    .ARM.Collect$$$$00000004  mc_p.l(entry5.o)
    0x000000c8   0x000000c8   0x00000000   Code   RO         3293    .ARM.Collect$$$$00000008  mc_p.l(entry7b.o)
    0x000000c8   0x000000c8   0x00000000   Code   RO         3295    .ARM.Collect$$$$0000000A  mc_p.l(entry8b.o)
    0x000000c8   0x000000c8   0x00000008   Code   RO         3296    .ARM.Collect$$$$0000000B  mc_p.l(entry9a.o)
    0x000000d0   0x000000d0   0x00000004   Code   RO         3303    .ARM.Collect$$$$0000000E  mc_p.l(entry12b.o)
    0x000000d4   0x000000d4   0x00000000   Code   RO         3298    .ARM.Collect$$$$0000000F  mc_p.l(entry10a.o)
    0x000000d4   0x000000d4   0x00000000   Code   RO         3300    .ARM.Collect$$$$00000011  mc_p.l(entry11a.o)
    0x000000d4   0x000000d4   0x00000004   Code   RO         3289    .ARM.Collect$$$$00002712  mc_p.l(entry2.o)
    0x000000d8   0x000000d8   0x00000020   Code   RO          694    .text               startup_cms32m55xx.o
    0x000000f8   0x000000f8   0x0000002c   Code   RO         3023    .text               mc_p.l(uidiv.o)
    0x00000124   0x00000124   0x0000001a   Code   RO         3286    .text               mc_p.l(atoi.o)
    0x0000013e   0x0000013e   0x00000002   PAD
    0x00000140   0x00000140   0x00000070   Code   RO         3313    .text               mc_p.l(strtol.o)
    0x000001b0   0x000001b0   0x00000024   Code   RO         3326    .text               mc_p.l(init.o)
    0x000001d4   0x000001d4   0x00000008   Code   RO         3334    .text               mc_p.l(ctype_o.o)
    0x000001dc   0x000001dc   0x000000a6   Code   RO         3362    .text               mc_p.l(_strtoul.o)
    0x00000282   0x00000282   0x0000001e   Code   RO         3368    .text               mc_p.l(_chval.o)
    0x000002a0   0x000002a0   0x00000002   Code   RO            3    i.ACMP_IRQHandler   isr.o
    0x000002a2   0x000002a2   0x00000002   Code   RO            4    i.ADC0_IRQHandler   isr.o
    0x000002a4   0x000002a4   0x0000001e   Code   RO          987    i.ADC1_ClearChannelIntFlag  adc1.o
    0x000002c2   0x000002c2   0x00000002   PAD
    0x000002c4   0x000002c4   0x00000038   Code   RO          991    i.ADC1_ConfigRunMode  adc1.o
    0x000002fc   0x000002fc   0x0000001c   Code   RO          998    i.ADC1_EnableAdjust  adc1.o
    0x00000318   0x00000318   0x00000016   Code   RO          999    i.ADC1_EnableChannelInt  adc1.o
    0x0000032e   0x0000032e   0x00000016   Code   RO         1004    i.ADC1_EnableScanChannel  adc1.o
    0x00000344   0x00000344   0x0000001a   Code   RO         1006    i.ADC1_GetChannelIntFlag  adc1.o
    0x0000035e   0x0000035e   0x00000002   PAD
    0x00000360   0x00000360   0x00000010   Code   RO         1010    i.ADC1_GetResult    adc1.o
    0x00000370   0x00000370   0x00000014   Code   RO            5    i.ADC1_IRQHandler   isr.o
    0x00000384   0x00000384   0x00000026   Code   RO         1011    i.ADC1_SetAN30Channel  adc1.o
    0x000003aa   0x000003aa   0x0000001c   Code   RO         1012    i.ADC1_Start        adc1.o
    0x000003c6   0x000003c6   0x0000002c   Code   RO         1013    i.ADC1_StartAdjust  adc1.o
    0x000003f2   0x000003f2   0x00000002   PAD
    0x000003f4   0x000003f4   0x0000004c   Code   RO          499    i.ADC_Init          adc_config.o
    0x00000440   0x00000440   0x00000002   Code   RO            6    i.CCP_IRQHandler    isr.o
    0x00000442   0x00000442   0x00000002   PAD
    0x00000444   0x00000444   0x0000001c   Code   RO         1442    i.EPWM_AllBrakeDisable  epwm.o
    0x00000460   0x00000460   0x00000044   Code   RO         1453    i.EPWM_ConfigChannelClk  epwm.o
    0x000004a4   0x000004a4   0x00000034   Code   RO         1454    i.EPWM_ConfigChannelPeriod  epwm.o
    0x000004d8   0x000004d8   0x00000050   Code   RO         1455    i.EPWM_ConfigChannelSymDuty  epwm.o
    0x00000528   0x00000528   0x00000040   Code   RO         1458    i.EPWM_ConfigLoadAndIntMode  epwm.o
    0x00000568   0x00000568   0x0000002c   Code   RO         1459    i.EPWM_ConfigRunMode  epwm.o
    0x00000594   0x00000594   0x00000024   Code   RO         1471    i.EPWM_DisableReverseOutput  epwm.o
    0x000005b8   0x000005b8   0x00000020   Code   RO         1476    i.EPWM_EnableAutoLoadMode  epwm.o
    0x000005d8   0x000005d8   0x00000018   Code   RO         1488    i.EPWM_EnableOutput  epwm.o
    0x000005f0   0x000005f0   0x000000c4   Code   RO          528    i.EPWM_GPIO_Config  epwm_config.o
    0x000006b4   0x000006b4   0x00000002   Code   RO            7    i.EPWM_IRQHandler   isr.o
    0x000006b6   0x000006b6   0x0000000c   Code   RO          529    i.EPWM_Init         epwm_config.o
    0x000006c2   0x000006c2   0x00000094   Code   RO          530    i.EPWM_Mode_Config  epwm_config.o
    0x00000756   0x00000756   0x00000002   PAD
    0x00000758   0x00000758   0x00000020   Code   RO         1504    i.EPWM_Start        epwm.o
    0x00000778   0x00000778   0x00000028   Code   RO         1505    i.EPWM_Stop         epwm.o
    0x000007a0   0x000007a0   0x00000002   Code   RO            8    i.GPIO0_IRQHandler  isr.o
    0x000007a2   0x000007a2   0x00000002   Code   RO            9    i.GPIO2_IRQHandler  isr.o
    0x000007a4   0x000007a4   0x00000050   Code   RO           10    i.GPIO3_IRQHandler  isr.o
    0x000007f4   0x000007f4   0x00000002   Code   RO           11    i.GPIO4_IRQHandler  isr.o
    0x000007f6   0x000007f6   0x0000000c   Code   RO         1890    i.GPIO_ClearIntFlag  gpio.o
    0x00000802   0x00000802   0x00000018   Code   RO         1894    i.GPIO_EnableFilter  gpio.o
    0x0000081a   0x0000081a   0x0000006e   Code   RO         1895    i.GPIO_EnableInt    gpio.o
    0x00000888   0x00000888   0x00000016   Code   RO         1896    i.GPIO_GetIntFlag   gpio.o
    0x0000089e   0x0000089e   0x00000002   Code   RO           12    i.HardFault_Handler  isr.o
    0x000008a0   0x000008a0   0x00000018   Code   RO          235    i.HardwareInit      main.o
    0x000008b8   0x000008b8   0x00000002   Code   RO           13    i.I2C0_IRQHandler   isr.o
    0x000008ba   0x000008ba   0x00000002   PAD
    0x000008bc   0x000008bc   0x000001dc   Code   RO          373    i.MC_SensorMode_HallChange  motor_control.o
    0x00000a98   0x00000a98   0x000000c8   Code   RO          563    i.MC_SensorMode_IOInit  hall_config.o
    0x00000b60   0x00000b60   0x00000020   Code   RO          344    i.MC_SensorMode_Init  hall_commutation.o
    0x00000b80   0x00000b80   0x00000002   Code   RO          374    i.MOTOR_Running     motor_control.o
    0x00000b82   0x00000b82   0x00000002   Code   RO          375    i.Motor_Brake       motor_control.o
    0x00000b84   0x00000b84   0x00000050   Code   RO          376    i.Motor_Control     motor_control.o
    0x00000bd4   0x00000bd4   0x00000002   Code   RO          377    i.Motor_FaultProcess  motor_control.o
    0x00000bd6   0x00000bd6   0x00000002   PAD
    0x00000bd8   0x00000bd8   0x0000000c   Code   RO          378    i.Motor_Idle        motor_control.o
    0x00000be4   0x00000be4   0x0000000e   Code   RO          379    i.Motor_Start       motor_control.o
    0x00000bf2   0x00000bf2   0x00000028   Code   RO          380    i.Motor_Stop        motor_control.o
    0x00000c1a   0x00000c1a   0x00000002   Code   RO           14    i.NMI_Handler       isr.o
    0x00000c1c   0x00000c1c   0x00000014   Code   RO          236    i.NVIC_EnableIRQ    main.o
    0x00000c30   0x00000c30   0x0000002e   Code   RO          237    i.NVIC_Init         main.o
    0x00000c5e   0x00000c5e   0x00000002   PAD
    0x00000c60   0x00000c60   0x00000078   Code   RO          238    i.NVIC_SetPriority  main.o
    0x00000cd8   0x00000cd8   0x00000002   Code   RO           15    i.PendSV_Handler    isr.o
    0x00000cda   0x00000cda   0x00000002   Code   RO           16    i.SSP0_IRQHandler   isr.o
    0x00000cdc   0x00000cdc   0x00000002   Code   RO           17    i.SVC_Handler       isr.o
    0x00000cde   0x00000cde   0x00000002   Code   RO           18    i.SYS_CHK_IRQHandler  isr.o
    0x00000ce0   0x00000ce0   0x00000034   Code   RO         2383    i.SYS_ConfigAHBClock  system.o
    0x00000d14   0x00000d14   0x00000008   Code   RO         2384    i.SYS_ConfigAPBClock  system.o
    0x00000d1c   0x00000d1c   0x00000024   Code   RO         2386    i.SYS_ConfigHSI     system.o
    0x00000d40   0x00000d40   0x0000001c   Code   RO         2396    i.SYS_EnableHSI     system.o
    0x00000d5c   0x00000d5c   0x00000010   Code   RO         2399    i.SYS_EnablePeripheralClk  system.o
    0x00000d6c   0x00000d6c   0x0000000c   Code   RO         2406    i.SYS_GetHSIState   system.o
    0x00000d78   0x00000d78   0x0000001c   Code   RO          592    i.Serial_GetRxFlag  uart_config.o
    0x00000d94   0x00000d94   0x00000024   Code   RO          239    i.SoftwareInit      main.o
    0x00000db8   0x00000db8   0x00000002   Code   RO           19    i.SysTick_Handler   isr.o
    0x00000dba   0x00000dba   0x00000002   PAD
    0x00000dbc   0x00000dbc   0x0000004c   Code   RO          240    i.SystemConfig      main.o
    0x00000e08   0x00000e08   0x000000b4   Code   RO          661    i.SystemCoreClockUpdate  system_cms32m55xx.o
    0x00000ebc   0x00000ebc   0x00000008   Code   RO          662    i.SystemInit        system_cms32m55xx.o
    0x00000ec4   0x00000ec4   0x00000002   Code   RO           20    i.TIMER0_IRQHandler  isr.o
    0x00000ec6   0x00000ec6   0x00000002   Code   RO           21    i.TIMER1_IRQHandler  isr.o
    0x00000ec8   0x00000ec8   0x00000002   Code   RO           22    i.UART0_IRQHandler  isr.o
    0x00000eca   0x00000eca   0x00000002   PAD
    0x00000ecc   0x00000ecc   0x000000a8   Code   RO          597    i.UART1_IRQHandler  uart_config.o
    0x00000f74   0x00000f74   0x00000038   Code   RO         2662    i.UART_ConfigRunMode  uart.o
    0x00000fac   0x00000fac   0x0000000a   Code   RO         2675    i.UART_EnableAuto   uart.o
    0x00000fb6   0x00000fb6   0x00000018   Code   RO         2678    i.UART_EnableFIFO   uart.o
    0x00000fce   0x00000fce   0x0000000a   Code   RO         2680    i.UART_EnableRBRInt  uart.o
    0x00000fd8   0x00000fd8   0x0000000a   Code   RO         2684    i.UART_EnableTHREInt  uart.o
    0x00000fe2   0x00000fe2   0x00000002   PAD
    0x00000fe4   0x00000fe4   0x00000064   Code   RO          598    i.UART_Init         uart_config.o
    0x00001048   0x00001048   0x00000006   Code   RO         2691    i.UART_ReadRBR      uart.o
    0x0000104e   0x0000104e   0x00000002   PAD
    0x00001050   0x00001050   0x0000022c   Code   RO          241    i.UartData_Processing  main.o
    0x0000127c   0x0000127c   0x00000002   Code   RO           23    i.WDT_IRQHandler    isr.o
    0x0000127e   0x0000127e   0x00000002   Code   RO           24    i.WWDT_IRQHandler   isr.o
    0x00001280   0x00001280   0x00000020   Code   RO         3114    i.__0printf$3       mc_p.l(printf3.o)
    0x000012a0   0x000012a0   0x0000001c   Code   RO          434    i.__ARM_common_switch8  motor_control.o
    0x000012bc   0x000012bc   0x00000008   Code   RO         3306    i.__aeabi_errno_addr  mc_p.l(errno.o)
    0x000012c4   0x000012c4   0x0000000e   Code   RO         3372    i.__scatterload_copy  mc_p.l(handlers.o)
    0x000012d2   0x000012d2   0x00000002   Code   RO         3373    i.__scatterload_null  mc_p.l(handlers.o)
    0x000012d4   0x000012d4   0x0000000e   Code   RO         3374    i.__scatterload_zeroinit  mc_p.l(handlers.o)
    0x000012e2   0x000012e2   0x00000002   PAD
    0x000012e4   0x000012e4   0x000001cc   Code   RO         3121    i._printf_core      mc_p.l(printf3.o)
    0x000014b0   0x000014b0   0x00000034   Code   RO          452    i.fputc             retarget.o
    0x000014e4   0x000014e4   0x0000001c   Code   RO          242    i.main              main.o
    0x00001500   0x00001500   0x00000138   Code   RO          243    i.show_help         main.o
    0x00001638   0x00001638   0x00000081   Data   RO         3335    .constdata          mc_p.l(ctype_o.o)
    0x000016b9   0x000016b9   0x00000003   PAD
    0x000016bc   0x000016bc   0x00000004   Data   RO         3336    .constdata          mc_p.l(ctype_o.o)
    0x000016c0   0x000016c0   0x00000020   Data   RO         3370    Region$$Table       anon$$obj.o


    Execution Region RW_IRAM1 (Exec base: 0x20000000, Load base: 0x000016e0, Size: 0x00000878, Max: 0x00002000, ABSOLUTE)

    Exec Addr    Load Addr    Size         Type   Attr      Idx    E Section Name        Object

    0x20000000   0x000016e0   0x00000005   Data   RW          244    .data               main.o
    0x20000005   0x000016e5   0x00000014   Data   RW          345    .data               hall_commutation.o
    0x20000019   0x000016f9   0x00000001   Data   RW          382    .data               motor_control.o
    0x2000001a   0x000016fa   0x00000002   PAD
    0x2000001c   0x000016fc   0x00000008   Data   RW          453    .data               retarget.o
    0x20000024   0x00001704   0x00000014   Data   RW          601    .data               uart_config.o
    0x20000038   0x00001718   0x0000000c   Data   RW          663    .data               system_cms32m55xx.o
    0x20000044   0x00001724   0x00000004   Data   RW         3309    .data               mc_p.l(errno.o)
    0x20000048        -       0x0000000c   Zero   RW          381    .bss                motor_control.o
    0x20000054        -       0x00000020   Zero   RW          600    .bss                uart_config.o
    0x20000074   0x00001728   0x00000004   PAD
    0x20000078        -       0x00000800   Zero   RW          691    STACK               startup_cms32m55xx.o


==============================================================================

Image component sizes


      Code (inc. data)   RO Data    RW Data    ZI Data      Debug   Object Name

       310         10          0          0          0       4897   adc1.o
        76         10          0          0          0        479   adc_config.o
       500         56          0          0          0       5538   epwm.o
       356          4          0          0          0       1498   epwm_config.o
       168          8          0          0          0       2559   gpio.o
        32          6          0         20          0       1786   hall_commutation.o
       200          6          0          0          0        527   hall_config.o
       140          0          0          0          0      13379   isr.o
      1218        504          0          5          0      73857   main.o
       656         42          0          1         12       5325   motor_control.o
        52          0          0          8          0       2358   retarget.o
        32         10        192          0       2048        692   startup_cms32m55xx.o
       152         16          0          0          0       2954   system.o
       188         30          0         12          0       1358   system_cms32m55xx.o
       116          6          0          0          0       3573   uart.o
       296         48          0         20         32       2265   uart_config.o

    ----------------------------------------------------------------------
      4516        756        224         68       2096     123045   Object Totals
         0          0         32          0          0          0   (incl. Generated)
        24          0          0          2          4          0   (incl. Padding)

    ----------------------------------------------------------------------

      Code (inc. data)   RO Data    RW Data    ZI Data      Debug   Library Member Name

        30          0          0          0          0         60   _chval.o
       166          0          0          0          0         84   _strtoul.o
        26          0          0          0          0         72   atoi.o
         8          4        133          0          0         60   ctype_o.o
         0          0          0          0          0          0   entry.o
         0          0          0          0          0          0   entry10a.o
         0          0          0          0          0          0   entry11a.o
         4          0          0          0          0          0   entry12b.o
         8          4          0          0          0          0   entry2.o
         4          0          0          0          0          0   entry5.o
         0          0          0          0          0          0   entry7b.o
         0          0          0          0          0          0   entry8b.o
         8          4          0          0          0          0   entry9a.o
         8          4          0          4          0         60   errno.o
        30          0          0          0          0          0   handlers.o
        36          8          0          0          0         68   init.o
       492         12          0          0          0        168   printf3.o
       112          4          0          0          0         76   strtol.o
        44          0          0          0          0         72   uidiv.o

    ----------------------------------------------------------------------
       980         40        136          4          0        720   Library Totals
         4          0          3          0          0          0   (incl. Padding)

    ----------------------------------------------------------------------

      Code (inc. data)   RO Data    RW Data    ZI Data      Debug   Library Name

       976         40        133          4          0        720   mc_p.l

    ----------------------------------------------------------------------
       980         40        136          4          0        720   Library Totals

    ----------------------------------------------------------------------

==============================================================================


      Code (inc. data)   RO Data    RW Data    ZI Data      Debug   

      5496        796        360         72       2096     119913   Grand Totals
      5496        796        360         72       2096     119913   ELF Image Totals
      5496        796        360         72          0          0   ROM Totals

==============================================================================

    Total RO  Size (Code + RO Data)                 5856 (   5.72kB)
    Total RW  Size (RW Data + ZI Data)              2168 (   2.12kB)
    Total ROM Size (Code + RO Data + RW Data)       5928 (   5.79kB)

==============================================================================

