Component: ARM Compiler 5.06 update 7 (build 960) Tool: armlink [4d3601]

==============================================================================

Section Cross References

    isr.o(i.ADC1_IRQHandler) refers to adc1.o(i.ADC1_GetChannelIntFlag) for ADC1_GetChannelIntFlag
    isr.o(i.ADC1_IRQHandler) refers to printf1.o(i.__0printf$1) for __2printf
    isr.o(i.ADC1_IRQHandler) refers to epwm.o(i.EPWM_ConfigCompareTriger) for EPWM_ConfigCompareTriger
    isr.o(i.ADC1_IRQHandler) refers to adc1.o(i.ADC1_GetResult) for ADC1_GetResult
    isr.o(i.ADC1_IRQHandler) refers to adc1.o(i.ADC1_ClearChannelIntFlag) for ADC1_ClearChannelIntFlag
    isr.o(i.ADC1_IRQHandler) refers to isr.o(.data) for ADCFlag
    isr.o(i.CCP_IRQHandler) refers to ccp.o(i.CCP_GetOverflowIntFlag) for CCP_GetOverflowIntFlag
    isr.o(i.CCP_IRQHandler) refers to ccp.o(i.CCP_ClearOverflowIntFlag) for CCP_ClearOverflowIntFlag
    isr.o(i.CCP_IRQHandler) refers to ccp.o(i.CCP_GetCAPMode1IntFlag) for CCP_GetCAPMode1IntFlag
    isr.o(i.CCP_IRQHandler) refers to ccp.o(i.CCP_ClearCAPMode1IntFlag) for CCP_ClearCAPMode1IntFlag
    isr.o(i.EPWM_IRQHandler) refers to epwm.o(i.EPWM_GetPeriodIntFlag) for EPWM_GetPeriodIntFlag
    isr.o(i.EPWM_IRQHandler) refers to epwm.o(i.EPWM_ClearPeriodIntFlag) for EPWM_ClearPeriodIntFlag
    main.o(i.HardwareInit) refers to adc_config.o(i.ADC_Init) for ADC_Init
    main.o(i.HardwareInit) refers to epwm_config.o(i.EPWM_Init) for EPWM_Init
    main.o(i.HardwareInit) refers to uart_config.o(i.UART_Init) for UART_Init
    main.o(i.HardwareInit) refers to main.o(i.NVIC_Init) for NVIC_Init
    main.o(i.NVIC_Init) refers to main.o(i.NVIC_SetPriority) for NVIC_SetPriority
    main.o(i.NVIC_Init) refers to main.o(i.NVIC_EnableIRQ) for NVIC_EnableIRQ
    main.o(i.main) refers to system_config.o(i.System_Init) for System_Init
    main.o(i.main) refers to main.o(i.SoftwareInit) for SoftwareInit
    main.o(i.main) refers to main.o(i.HardwareInit) for HardwareInit
    motor_control.o(i.FOC_Model) refers to motor_math.o(i.MCM_Rev_Park) for MCM_Rev_Park
    motor_control.o(i.FOC_Model) refers to motor_svpwm.o(i.SVPWM_SetPhaseVoltage) for SVPWM_SetPhaseVoltage
    motor_control.o(i.FOC_Model) refers to motor_control.o(.data) for Stat_Volt_q_d
    motor_math.o(i.MCM_Park) refers to motor_math.o(i.MCM_Trig_Functions) for MCM_Trig_Functions
    motor_math.o(i.MCM_Rev_Park) refers to motor_math.o(i.MCM_Trig_Functions) for MCM_Trig_Functions
    motor_math.o(i.MCM_Sqrt) refers to idiv.o(.text) for __aeabi_idivmod
    motor_math.o(i.MCM_Trig_Functions) refers to motor_math.o(.constdata) for hSin_Cos_Table
    motor_svpwm.o(i.SVPWM_SetPhaseVoltage) refers to epwm.o(i.EPWM_ConfigChannelSymDuty) for EPWM_ConfigChannelSymDuty
    motor_svpwm.o(i.SVPWM_SetPhaseVoltage) refers to motor_svpwm.o(.data) for Period
    adc_config.o(i.ADC_Init) refers to system.o(i.SYS_EnablePeripheralClk) for SYS_EnablePeripheralClk
    adc_config.o(i.ADC_Init) refers to adc1.o(i.ADC1_ConfigRunMode) for ADC1_ConfigRunMode
    adc_config.o(i.ADC_Init) refers to adc1.o(i.ADC1_EnableScanChannel) for ADC1_EnableScanChannel
    adc_config.o(i.ADC_Init) refers to adc1.o(i.ADC1_SetAN30Channel) for ADC1_SetAN30Channel
    adc_config.o(i.ADC_Init) refers to adc1.o(i.ADC1_EnableHardwareTrigger) for ADC1_EnableHardwareTrigger
    adc_config.o(i.ADC_Init) refers to adc1.o(i.ADC1_EnableEPWMCmp0TiggerChannel) for ADC1_EnableEPWMCmp0TiggerChannel
    adc_config.o(i.ADC_Init) refers to adc1.o(i.ADC1_EnableChannelInt) for ADC1_EnableChannelInt
    adc_config.o(i.ADC_Init) refers to adc1.o(i.ADC1_Start) for ADC1_Start
    adc_config.o(i.ADC_Init) refers to adc1.o(i.ADC1_StartAdjust) for ADC1_StartAdjust
    adc_config.o(i.ADC_Init) refers to adc1.o(i.ADC1_EnableAdjust) for ADC1_EnableAdjust
    ccp_config.o(i.CCP_Init) refers to system.o(i.SYS_EnablePeripheralClk) for SYS_EnablePeripheralClk
    ccp_config.o(i.CCP_Init) refers to ccp.o(i.CCP_ConfigCLK) for CCP_ConfigCLK
    ccp_config.o(i.CCP_Init) refers to ccp.o(i.CCP_EnableCAPMode1) for CCP_EnableCAPMode1
    ccp_config.o(i.CCP_Init) refers to ccp.o(i.CCP_ConfigCAPMode1) for CCP_ConfigCAPMode1
    ccp_config.o(i.CCP_Init) refers to ccp.o(i.CCP_SelCAPMode1Channel) for CCP_SelCAPMode1Channel
    ccp_config.o(i.CCP_Init) refers to ccp.o(i.CCP_EnableOverflowInt) for CCP_EnableOverflowInt
    ccp_config.o(i.CCP_Init) refers to ccp.o(i.CCP_EnableCAPMode1Int) for CCP_EnableCAPMode1Int
    ccp_config.o(i.CCP_Init) refers to ccp.o(i.CCP_EnableRun) for CCP_EnableRun
    ccp_config.o(i.CCP_Init) refers to ccp.o(i.CCP_Start) for CCP_Start
    epwm_config.o(i.EPWM_Init) refers to epwm.o(i.EPWM_ConfigRunMode) for EPWM_ConfigRunMode
    epwm_config.o(i.EPWM_Init) refers to system.o(i.SYS_EnablePeripheralClk) for SYS_EnablePeripheralClk
    epwm_config.o(i.EPWM_Init) refers to epwm.o(i.EPWM_ConfigChannelClk) for EPWM_ConfigChannelClk
    epwm_config.o(i.EPWM_Init) refers to epwm.o(i.EPWM_ConfigChannelPeriod) for EPWM_ConfigChannelPeriod
[...]
    printf0.o(i.__0snprintf$0) refers to printf0.o(i._printf_core) for _printf_core
    printf0.o(i.__0snprintf$0) refers to printf0.o(i._snputc) for _snputc
    printf0.o(i.__0sprintf$0) refers to printf0.o(i._printf_core) for _printf_core
    printf0.o(i.__0sprintf$0) refers to printf0.o(i._sputc) for _sputc
    printf0.o(i.__0vfprintf$0) refers to printf0.o(i._printf_core) for _printf_core
    printf0.o(i.__0vfprintf$0) refers to retarget.o(i.fputc) for fputc
    printf0.o(i.__0vprintf$0) refers to printf0.o(i._printf_core) for _printf_core
    printf0.o(i.__0vprintf$0) refers to retarget.o(i.fputc) for fputc
    printf0.o(i.__0vprintf$0) refers to retarget.o(.data) for __stdout
    printf0.o(i.__0vsnprintf$0) refers to printf0.o(i._printf_core) for _printf_core
    printf0.o(i.__0vsnprintf$0) refers to printf0.o(i._snputc) for _snputc
    printf0.o(i.__0vsprintf$0) refers to printf0.o(i._printf_core) for _printf_core
    printf0.o(i.__0vsprintf$0) refers to printf0.o(i._sputc) for _sputc
    printf1.o(i.__0fprintf$1) refers to printf1.o(i._printf_core) for _printf_core
    printf1.o(i.__0fprintf$1) refers to retarget.o(i.fputc) for fputc
    printf1.o(i.__0printf$1) refers to printf1.o(i._printf_core) for _printf_core
    printf1.o(i.__0printf$1) refers to retarget.o(i.fputc) for fputc
    printf1.o(i.__0printf$1) refers to retarget.o(.data) for __stdout
    printf1.o(i.__0snprintf$1) refers to printf1.o(i._printf_core) for _printf_core
    printf1.o(i.__0snprintf$1) refers to printf1.o(i._snputc) for _snputc
    printf1.o(i.__0sprintf$1) refers to printf1.o(i._printf_core) for _printf_core
    printf1.o(i.__0sprintf$1) refers to printf1.o(i._sputc) for _sputc
    printf1.o(i.__0vfprintf$1) refers to printf1.o(i._printf_core) for _printf_core
    printf1.o(i.__0vfprintf$1) refers to retarget.o(i.fputc) for fputc
    printf1.o(i.__0vprintf$1) refers to printf1.o(i._printf_core) for _printf_core
    printf1.o(i.__0vprintf$1) refers to retarget.o(i.fputc) for fputc
    printf1.o(i.__0vprintf$1) refers to retarget.o(.data) for __stdout
    printf1.o(i.__0vsnprintf$1) refers to printf1.o(i._printf_core) for _printf_core
    printf1.o(i.__0vsnprintf$1) refers to printf1.o(i._snputc) for _snputc
    printf1.o(i.__0vsprintf$1) refers to printf1.o(i._printf_core) for _printf_core
    printf1.o(i.__0vsprintf$1) refers to printf1.o(i._sputc) for _sputc
    printf1.o(i._printf_core) refers to uidiv.o(.text) for __aeabi_uidivmod
    printf2.o(i.__0fprintf$2) refers to printf2.o(i._printf_core) for _printf_core
    printf2.o(i.__0fprintf$2) refers to retarget.o(i.fputc) for fputc
    printf2.o(i.__0printf$2) refers to printf2.o(i._printf_core) for _printf_core
    printf2.o(i.__0printf$2) refers to retarget.o(i.fputc) for fputc
    printf2.o(i.__0printf$2) refers to retarget.o(.data) for __stdout
    printf2.o(i.__0snprintf$2) refers to printf2.o(i._printf_core) for _printf_core
    printf2.o(i.__0snprintf$2) refers to printf2.o(i._snputc) for _snputc
    printf2.o(i.__0sprintf$2) refers to printf2.o(i._printf_core) for _printf_core
    printf2.o(i.__0sprintf$2) refers to printf2.o(i._sputc) for _sputc
    printf2.o(i.__0vfprintf$2) refers to printf2.o(i._printf_core) for _printf_core
    printf2.o(i.__0vfprintf$2) refers to retarget.o(i.fputc) for fputc
    printf2.o(i.__0vprintf$2) refers to printf2.o(i._printf_core) for _printf_core
    printf2.o(i.__0vprintf$2) refers to retarget.o(i.fputc) for fputc
    printf2.o(i.__0vprintf$2) refers to retarget.o(.data) for __stdout
    printf2.o(i.__0vsnprintf$2) refers to printf2.o(i._printf_core) for _printf_core
    printf2.o(i.__0vsnprintf$2) refers to printf2.o(i._snputc) for _snputc
    printf2.o(i.__0vsprintf$2) refers to printf2.o(i._printf_core) for _printf_core
    printf2.o(i.__0vsprintf$2) refers to printf2.o(i._sputc) for _sputc
    printf3.o(i.__0fprintf$3) refers to printf3.o(i._printf_core) for _printf_core
    printf3.o(i.__0fprintf$3) refers to retarget.o(i.fputc) for fputc
    printf3.o(i.__0printf$3) refers to printf3.o(i._printf_core) for _printf_core
    printf3.o(i.__0printf$3) refers to retarget.o(i.fputc) for fputc
    printf3.o(i.__0printf$3) refers to retarget.o(.data) for __stdout
    printf3.o(i.__0snprintf$3) refers to printf3.o(i._printf_core) for _printf_core
    printf3.o(i.__0snprintf$3) refers to printf3.o(i._snputc) for _snputc
    printf3.o(i.__0sprintf$3) refers to printf3.o(i._printf_core) for _printf_core
    printf3.o(i.__0sprintf$3) refers to printf3.o(i._sputc) for _sputc
    printf3.o(i.__0vfprintf$3) refers to printf3.o(i._printf_core) for _printf_core
    printf3.o(i.__0vfprintf$3) refers to retarget.o(i.fputc) for fputc
    printf3.o(i.__0vprintf$3) refers to printf3.o(i._printf_core) for _printf_core
    printf3.o(i.__0vprintf$3) refers to retarget.o(i.fputc) for fputc
    printf3.o(i.__0vprintf$3) refers to retarget.o(.data) for __stdout
    printf3.o(i.__0vsnprintf$3) refers to printf3.o(i._printf_core) for _printf_core
    printf3.o(i.__0vsnprintf$3) refers to printf3.o(i._snputc) for _snputc
    printf3.o(i.__0vsprintf$3) refers to printf3.o(i._printf_core) for _printf_core
    printf3.o(i.__0vsprintf$3) refers to printf3.o(i._sputc) for _sputc
    printf3.o(i._printf_core) refers to uidiv.o(.text) for __aeabi_uidivmod
    printf4.o(i.__0fprintf$4) refers to printf4.o(i._printf_core) for _printf_core
    printf4.o(i.__0fprintf$4) refers to retarget.o(i.fputc) for fputc
    printf4.o(i.__0printf$4) refers to printf4.o(i._printf_core) for _printf_core
    printf4.o(i.__0printf$4) refers to retarget.o(i.fputc) for fputc
    printf4.o(i.__0printf$4) refers to retarget.o(.data) for __stdout
    printf4.o(i.__0snprintf$4) refers to printf4.o(i._printf_core) for _printf_core
    printf4.o(i.__0snprintf$4) refers to printf4.o(i._snputc) for _snputc
    printf4.o(i.__0sprintf$4) refers to printf4.o(i._printf_core) for _printf_core
    printf4.o(i.__0sprintf$4) refers to printf4.o(i._sputc) for _sputc
    printf4.o(i.__0vfprintf$4) refers to printf4.o(i._printf_core) for _printf_core
    printf4.o(i.__0vfprintf$4) refers to retarget.o(i.fputc) for fputc
    printf4.o(i.__0vprintf$4) refers to printf4.o(i._printf_core) for _printf_core
    printf4.o(i.__0vprintf$4) refers to retarget.o(i.fputc) for fputc
    printf4.o(i.__0vprintf$4) refers to retarget.o(.data) for __stdout
    printf4.o(i.__0vsnprintf$4) refers to printf4.o(i._printf_core) for _printf_core
    printf4.o(i.__0vsnprintf$4) refers to printf4.o(i._snputc) for _snputc
    printf4.o(i.__0vsprintf$4) refers to printf4.o(i._printf_core) for _printf_core
    printf4.o(i.__0vsprintf$4) refers to printf4.o(i._sputc) for _sputc
    printf4.o(i._printf_core) refers to uldiv.o(.text) for __aeabi_uldivmod
    printf5.o(i.__0fprintf$5) refers to printf5.o(i._printf_core) for _printf_core
    printf5.o(i.__0fprintf$5) refers to retarget.o(i.fputc) for fputc
    printf5.o(i.__0printf$5) refers to printf5.o(i._printf_core) for _printf_core
    printf5.o(i.__0printf$5) refers to retarget.o(i.fputc) for fputc
    printf5.o(i.__0printf$5) refers to retarget.o(.data) for __stdout
    printf5.o(i.__0snprintf$5) refers to printf5.o(i._printf_core) for _printf_core
    printf5.o(i.__0snprintf$5) refers to printf5.o(i._snputc) for _snputc
    printf5.o(i.__0sprintf$5) refers to printf5.o(i._printf_core) for _printf_core
    printf5.o(i.__0sprintf$5) refers to printf5.o(i._sputc) for _sputc
    printf5.o(i.__0vfprintf$5) refers to printf5.o(i._printf_core) for _printf_core
    printf5.o(i.__0vfprintf$5) refers to retarget.o(i.fputc) for fputc
    printf5.o(i.__0vprintf$5) refers to printf5.o(i._printf_core) for _printf_core
    printf5.o(i.__0vprintf$5) refers to retarget.o(i.fputc) for fputc
    printf5.o(i.__0vprintf$5) refers to retarget.o(.data) for __stdout
    printf5.o(i.__0vsnprintf$5) refers to printf5.o(i._printf_core) for _printf_core
    printf5.o(i.__0vsnprintf$5) refers to printf5.o(i._snputc) for _snputc
    printf5.o(i.__0vsprintf$5) refers to printf5.o(i._printf_core) for _printf_core
    printf5.o(i.__0vsprintf$5) refers to printf5.o(i._sputc) for _sputc
    printf5.o(i._printf_core) refers to uldiv.o(.text) for __aeabi_uldivmod
    printf6.o(i.__0fprintf$6) refers to printf6.o(i._printf_core) for _printf_core
    printf6.o(i.__0fprintf$6) refers to retarget.o(i.fputc) for fputc
    printf6.o(i.__0printf$6) refers to printf6.o(i._printf_core) for _printf_core
    printf6.o(i.__0printf$6) refers to retarget.o(i.fputc) for fputc
    printf6.o(i.__0printf$6) refers to retarget.o(.data) for __stdout
    printf6.o(i.__0snprintf$6) refers to printf6.o(i._printf_core) for _printf_core
    printf6.o(i.__0snprintf$6) refers to printf6.o(i._snputc) for _snputc
    printf6.o(i.__0sprintf$6) refers to printf6.o(i._printf_core) for _printf_core
    printf6.o(i.__0sprintf$6) refers to printf6.o(i._sputc) for _sputc
    printf6.o(i.__0vfprintf$6) refers to printf6.o(i._printf_core) for _printf_core
    printf6.o(i.__0vfprintf$6) refers to retarget.o(i.fputc) for fputc
    printf6.o(i.__0vprintf$6) refers to printf6.o(i._printf_core) for _printf_core
    printf6.o(i.__0vprintf$6) refers to retarget.o(i.fputc) for fputc
    printf6.o(i.__0vprintf$6) refers to retarget.o(.data) for __stdout
    printf6.o(i.__0vsnprintf$6) refers to printf6.o(i._printf_core) for _printf_core
    printf6.o(i.__0vsnprintf$6) refers to printf6.o(i._snputc) for _snputc
    printf6.o(i.__0vsprintf$6) refers to printf6.o(i._printf_core) for _printf_core
    printf6.o(i.__0vsprintf$6) refers to printf6.o(i._sputc) for _sputc
    printf6.o(i._printf_core) refers to printf6.o(i._printf_pre_padding) for _printf_pre_padding
    printf6.o(i._printf_core) refers to printf6.o(i._printf_post_padding) for _printf_post_padding
    printf6.o(i._printf_core) refers to uidiv.o(.text) for __aeabi_uidivmod
    printf7.o(i.__0fprintf$7) refers to printf7.o(i._printf_core) for _printf_core
    printf7.o(i.__0fprintf$7) refers to retarget.o(i.fputc) for fputc
    printf7.o(i.__0printf$7) refers to printf7.o(i._printf_core) for _printf_core
    printf7.o(i.__0printf$7) refers to retarget.o(i.fputc) for fputc
    printf7.o(i.__0printf$7) refers to retarget.o(.data) for __stdout
    printf7.o(i.__0snprintf$7) refers to printf7.o(i._printf_core) for _printf_core
    printf7.o(i.__0snprintf$7) refers to printf7.o(i._snputc) for _snputc
    printf7.o(i.__0sprintf$7) refers to printf7.o(i._printf_core) for _printf_core
    printf7.o(i.__0sprintf$7) refers to printf7.o(i._sputc) for _sputc
    printf7.o(i.__0vfprintf$7) refers to printf7.o(i._printf_core) for _printf_core
    printf7.o(i.__0vfprintf$7) refers to retarget.o(i.fputc) for fputc
    printf7.o(i.__0vprintf$7) refers to printf7.o(i._printf_core) for _printf_core
    printf7.o(i.__0vprintf$7) refers to retarget.o(i.fputc) for fputc
    printf7.o(i.__0vprintf$7) refers to retarget.o(.data) for __stdout
    printf7.o(i.__0vsnprintf$7) refers to printf7.o(i._printf_core) for _printf_core
    printf7.o(i.__0vsnprintf$7) refers to printf7.o(i._snputc) for _snputc
    printf7.o(i.__0vsprintf$7) refers to printf7.o(i._printf_core) for _printf_core
    printf7.o(i.__0vsprintf$7) refers to printf7.o(i._sputc) for _sputc
    printf7.o(i._printf_core) refers to printf7.o(i._printf_pre_padding) for _printf_pre_padding
    printf7.o(i._printf_core) refers to printf7.o(i._printf_post_padding) for _printf_post_padding
    printf7.o(i._printf_core) refers to uldiv.o(.text) for __aeabi_uldivmod
    printf8.o(i.__0fprintf$8) refers to printf8.o(i._printf_core) for _printf_core
    printf8.o(i.__0fprintf$8) refers to retarget.o(i.fputc) for fputc
    printf8.o(i.__0printf$8) refers to printf8.o(i._printf_core) for _printf_core
    printf8.o(i.__0printf$8) refers to retarget.o(i.fputc) for fputc
    printf8.o(i.__0printf$8) refers to retarget.o(.data) for __stdout
    printf8.o(i.__0snprintf$8) refers to printf8.o(i._printf_core) for _printf_core
    printf8.o(i.__0snprintf$8) refers to printf8.o(i._snputc) for _snputc
    printf8.o(i.__0sprintf$8) refers to printf8.o(i._printf_core) for _printf_core
    printf8.o(i.__0sprintf$8) refers to printf8.o(i._sputc) for _sputc
    printf8.o(i.__0vfprintf$8) refers to printf8.o(i._printf_core) for _printf_core
    printf8.o(i.__0vfprintf$8) refers to retarget.o(i.fputc) for fputc
    printf8.o(i.__0vprintf$8) refers to printf8.o(i._printf_core) for _printf_core
    printf8.o(i.__0vprintf$8) refers to retarget.o(i.fputc) for fputc
    printf8.o(i.__0vprintf$8) refers to retarget.o(.data) for __stdout
    printf8.o(i.__0vsnprintf$8) refers to printf8.o(i._printf_core) for _printf_core
    printf8.o(i.__0vsnprintf$8) refers to printf8.o(i._snputc) for _snputc
    printf8.o(i.__0vsprintf$8) refers to printf8.o(i._printf_core) for _printf_core
    printf8.o(i.__0vsprintf$8) refers to printf8.o(i._sputc) for _sputc
    printf8.o(i._printf_core) refers to printf8.o(i._printf_pre_padding) for _printf_pre_padding
    printf8.o(i._printf_core) refers to printf8.o(i._printf_post_padding) for _printf_post_padding
    printf8.o(i._printf_core) refers to uldiv.o(.text) for __aeabi_uldivmod
    printfa.o(i.__0fprintf) refers (Special) to iusefp.o(.text) for __I$use$fp
    printfa.o(i.__0fprintf) refers to printfa.o(i._printf_core) for _printf_core
    printfa.o(i.__0fprintf) refers to retarget.o(i.fputc) for fputc
    printfa.o(i.__0printf) refers (Special) to iusefp.o(.text) for __I$use$fp
    printfa.o(i.__0printf) refers to printfa.o(i._printf_core) for _printf_core
    printfa.o(i.__0printf) refers to retarget.o(i.fputc) for fputc
    printfa.o(i.__0printf) refers to retarget.o(.data) for __stdout
    printfa.o(i.__0snprintf) refers (Special) to iusefp.o(.text) for __I$use$fp
    printfa.o(i.__0snprintf) refers to printfa.o(i._printf_core) for _printf_core
    printfa.o(i.__0snprintf) refers to printfa.o(i._snputc) for _snputc
    printfa.o(i.__0sprintf) refers (Special) to iusefp.o(.text) for __I$use$fp
    printfa.o(i.__0sprintf) refers to printfa.o(i._printf_core) for _printf_core
    printfa.o(i.__0sprintf) refers to printfa.o(i._sputc) for _sputc
    printfa.o(i.__0vfprintf) refers (Special) to iusefp.o(.text) for __I$use$fp
    printfa.o(i.__0vfprintf) refers to printfa.o(i._printf_core) for _printf_core
    printfa.o(i.__0vfprintf) refers to retarget.o(i.fputc) for fputc
    printfa.o(i.__0vprintf) refers (Special) to iusefp.o(.text) for __I$use$fp
    printfa.o(i.__0vprintf) refers to printfa.o(i._printf_core) for _printf_core
    printfa.o(i.__0vprintf) refers to retarget.o(i.fputc) for fputc
    printfa.o(i.__0vprintf) refers to retarget.o(.data) for __stdout
    printfa.o(i.__0vsnprintf) refers (Special) to iusefp.o(.text) for __I$use$fp
    printfa.o(i.__0vsnprintf) refers to printfa.o(i._printf_core) for _printf_core
    printfa.o(i.__0vsnprintf) refers to printfa.o(i._snputc) for _snputc
    printfa.o(i.__0vsprintf) refers (Special) to iusefp.o(.text) for __I$use$fp
    printfa.o(i.__0vsprintf) refers to printfa.o(i._printf_core) for _printf_core
    printfa.o(i.__0vsprintf) refers to printfa.o(i._sputc) for _sputc
    printfa.o(i._fp_digits) refers (Special) to iusefp.o(.text) for __I$use$fp
    printfa.o(i._fp_digits) refers to dmul.o(.text) for __aeabi_dmul
    printfa.o(i._fp_digits) refers to ddiv.o(.text) for __aeabi_ddiv
    printfa.o(i._fp_digits) refers to cdrcmple.o(.text) for __aeabi_cdrcmple
    printfa.o(i._fp_digits) refers to dadd.o(.text) for __aeabi_dadd
    printfa.o(i._fp_digits) refers to dfixul.o(.text) for __aeabi_d2ulz
    printfa.o(i._fp_digits) refers to uldiv.o(.text) for __aeabi_uldivmod
    printfa.o(i._printf_core) refers (Special) to iusefp.o(.text) for __I$use$fp
    printfa.o(i._printf_core) refers to printfa.o(i._printf_pre_padding) for _printf_pre_padding
    printfa.o(i._printf_core) refers to uldiv.o(.text) for __aeabi_uldivmod
    printfa.o(i._printf_core) refers to printfa.o(i._printf_post_padding) for _printf_post_padding
    printfa.o(i._printf_core) refers to printfa.o(i._fp_digits) for _fp_digits
    printfa.o(i._printf_core) refers to uidiv.o(.text) for __aeabi_uidivmod
    printfa.o(i._printf_post_padding) refers (Special) to iusefp.o(.text) for __I$use$fp
    printfa.o(i._printf_pre_padding) refers (Special) to iusefp.o(.text) for __I$use$fp
    printfa.o(i._snputc) refers (Special) to iusefp.o(.text) for __I$use$fp
    printfa.o(i._sputc) refers (Special) to iusefp.o(.text) for __I$use$fp
    entry2.o(.ARM.Collect$$$$00000001) refers to entry2.o(.ARM.Collect$$$$00002712) for __lit__00000000
    entry2.o(.ARM.Collect$$$$00002712) refers to startup_cms32m55xx.o(STACK) for __initial_sp
    entry2.o(__vectab_stack_and_reset_area) refers to startup_cms32m55xx.o(STACK) for __initial_sp
    entry2.o(__vectab_stack_and_reset_area) refers to entry.o(.ARM.Collect$$$$00000000) for __main
    entry5.o(.ARM.Collect$$$$00000004) refers to init.o(.text) for __scatterload
    entry9a.o(.ARM.Collect$$$$0000000B) refers to main.o(i.main) for main
    entry9b.o(.ARM.Collect$$$$0000000C) refers to main.o(i.main) for main
    uldiv.o(.text) refers to llushr.o(.text) for __aeabi_llsr
    uldiv.o(.text) refers to llshl.o(.text) for __aeabi_llsl
    dadd.o(.text) refers to llshl.o(.text) for __aeabi_llsl
    dadd.o(.text) refers to llsshr.o(.text) for __aeabi_lasr
    dadd.o(.text) refers to depilogue.o(.text) for _double_epilogue
    dmul.o(.text) refers to depilogue.o(.text) for _double_epilogue
    ddiv.o(.text) refers to depilogue.o(.text) for _double_round
    dfixul.o(.text) refers to llushr.o(.text) for __aeabi_llsr
    dfixul.o(.text) refers to llshl.o(.text) for __aeabi_llsl
    init.o(.text) refers to entry5.o(.ARM.Collect$$$$00000004) for __main_after_scatterload
    depilogue.o(.text) refers to depilogue.o(i.__ARM_clz) for __ARM_clz
    depilogue.o(.text) refers to llshl.o(.text) for __aeabi_llsl
    depilogue.o(.text) refers to llushr.o(.text) for __aeabi_llsr


==============================================================================

Removing Unused input sections from the image.

    Removing isr.o(.rev16_text), (4 bytes).
    Removing isr.o(.revsh_text), (4 bytes).
    Removing main.o(.rev16_text), (4 bytes).
    Removing main.o(.revsh_text), (4 bytes).
    Removing motor_control.o(.rev16_text), (4 bytes).
    Removing motor_control.o(.revsh_text), (4 bytes).
    Removing motor_control.o(i.FOC_Model), (120 bytes).
    Removing motor_control.o(.data), (30 bytes).
    Removing motor_math.o(.rev16_text), (4 bytes).
    Removing motor_math.o(.revsh_text), (4 bytes).
    Removing motor_math.o(i.MCM_Clarke), (100 bytes).
    Removing motor_math.o(i.MCM_Park), (184 bytes).
    Removing motor_math.o(i.MCM_Rev_Park), (92 bytes).
    Removing motor_math.o(i.MCM_Sqrt), (80 bytes).
    Removing motor_math.o(i.MCM_Trig_Functions), (208 bytes).
    Removing motor_math.o(i.MCM_floatToIntBit), (8 bytes).
    Removing motor_math.o(.constdata), (512 bytes).
    Removing motor_svpwm.o(.rev16_text), (4 bytes).
    Removing motor_svpwm.o(.revsh_text), (4 bytes).
    Removing motor_svpwm.o(i.SVPWM_SetPhaseVoltage), (552 bytes).
    Removing motor_svpwm.o(.data), (8 bytes).
    Removing retarget.o(.rev16_text), (4 bytes).
    Removing retarget.o(.revsh_text), (4 bytes).
    Removing retarget.o(i._sys_exit), (4 bytes).
    Removing retarget.o(i._ttywrch), (24 bytes).
    Removing retarget.o(i.ferror), (8 bytes).
    Removing retarget.o(i.fgetc), (48 bytes).
    Removing adc_config.o(.rev16_text), (4 bytes).
    Removing adc_config.o(.revsh_text), (4 bytes).
    Removing ccp_config.o(.rev16_text), (4 bytes).
    Removing ccp_config.o(.revsh_text), (4 bytes).
    Removing ccp_config.o(i.CCP_Init), (148 bytes).
    Removing epwm_config.o(.rev16_text), (4 bytes).
    Removing epwm_config.o(.revsh_text), (4 bytes).
    Removing tim_config.o(.rev16_text), (4 bytes).
    Removing tim_config.o(.revsh_text), (4 bytes).
    Removing tim_config.o(i.TIMER1_Init), (96 bytes).
    Removing uart_config.o(.rev16_text), (4 bytes).
    Removing uart_config.o(.revsh_text), (4 bytes).
    Removing uart_config.o(i.Serial_GetRxFlag), (28 bytes).
    Removing uart_config.o(i.Serial_SendArray), (26 bytes).
    Removing uart_config.o(i.Serial_SendByte), (24 bytes).
    Removing uart_config.o(i.Serial_SendPacket), (28 bytes).
    Removing uart_config.o(i.Serial_SendString), (26 bytes).
    Removing uart_config.o(i.Uart1_getchar), (26 bytes).
    Removing system_config.o(.rev16_text), (4 bytes).
    Removing system_config.o(.revsh_text), (4 bytes).
    Removing system_cms32m55xx.o(.rev16_text), (4 bytes).
    Removing system_cms32m55xx.o(.revsh_text), (4 bytes).
    Removing startup_cms32m55xx.o(HEAP), (256 bytes).
    Removing acmp.o(.rev16_text), (4 bytes).
    Removing acmp.o(.revsh_text), (4 bytes).
    Removing acmp.o(i.ACMP_ClearIntFlag), (20 bytes).
    Removing acmp.o(i.ACMP_ConfigEventAndIntMode), (74 bytes).
    Removing acmp.o(i.ACMP_ConfigNegative), (154 bytes).
    Removing acmp.o(i.ACMP_ConfigPositive), (84 bytes).
    Removing acmp.o(i.ACMP_DisableEventOut), (56 bytes).
    Removing acmp.o(i.ACMP_DisableFilter), (58 bytes).
    Removing acmp.o(i.ACMP_DisableHYS), (60 bytes).
    Removing acmp.o(i.ACMP_DisableInt), (30 bytes).
    Removing acmp.o(i.ACMP_DisableReverseOutput), (58 bytes).
    Removing acmp.o(i.ACMP_EnableCADJAdjust), (92 bytes).
    Removing acmp.o(i.ACMP_EnableConfigAdjust), (38 bytes).
    Removing acmp.o(i.ACMP_EnableEventOut), (56 bytes).
    Removing acmp.o(i.ACMP_EnableFilter), (96 bytes).
    Removing acmp.o(i.ACMP_EnableHYS), (102 bytes).
    Removing acmp.o(i.ACMP_EnableInt), (30 bytes).
    Removing acmp.o(i.ACMP_EnableReverseOutput), (58 bytes).
    Removing acmp.o(i.ACMP_GetIntFlag), (26 bytes).
    Removing acmp.o(i.ACMP_GetOffsetAdjValue), (404 bytes).
    Removing acmp.o(i.ACMP_GetResult), (44 bytes).
    Removing acmp.o(i.ACMP_Start), (58 bytes).
    Removing acmp.o(i.ACMP_Stop), (58 bytes).
    Removing adc0.o(.rev16_text), (4 bytes).
    Removing adc0.o(.revsh_text), (4 bytes).
    Removing adc0.o(i.ADC0_ClearChannelIntFlag), (30 bytes).
    Removing adc0.o(i.ADC0_ClearCompareIntFlag), (28 bytes).
    Removing adc0.o(i.ADC0_ConfigCompare), (68 bytes).
    Removing adc0.o(i.ADC0_ConfigRunMode), (40 bytes).
    Removing adc0.o(i.ADC0_DisableChannel), (22 bytes).
    Removing adc0.o(i.ADC0_DisableChannelInt), (22 bytes).
    Removing adc0.o(i.ADC0_DisableCompare), (24 bytes).
    Removing adc0.o(i.ADC0_DisableCompareInt), (24 bytes).
    Removing adc0.o(i.ADC0_DisableHardwareTrigger), (140 bytes).
    Removing adc0.o(i.ADC0_EnableChannel), (22 bytes).
    Removing adc0.o(i.ADC0_EnableChannelInt), (22 bytes).
    Removing adc0.o(i.ADC0_EnableCompare), (28 bytes).
    Removing adc0.o(i.ADC0_EnableCompareInt), (28 bytes).
    Removing adc0.o(i.ADC0_EnableHardwareTrigger), (144 bytes).
    Removing adc0.o(i.ADC0_GetChannelIntFlag), (26 bytes).
    Removing adc0.o(i.ADC0_GetCompareIntFlag), (10 bytes).
    Removing adc0.o(i.ADC0_GetCompareResult), (16 bytes).
    Removing adc0.o(i.ADC0_GetResult), (16 bytes).
    Removing adc0.o(i.ADC0_SelSoftwareSwitchChannel), (24 bytes).
    Removing adc0.o(i.ADC0_SetAN30Channel), (38 bytes).
    Removing adc0.o(i.ADC0_Start), (28 bytes).
    Removing adc0.o(i.ADC0_Stop), (28 bytes).
    Removing adc1.o(.rev16_text), (4 bytes).
    Removing adc1.o(.revsh_text), (4 bytes).
    Removing adc1.o(i.ADC1_ClearAdjustErrorFlag), (30 bytes).
    Removing adc1.o(i.ADC1_ClearCompareIntFlag), (28 bytes).
    Removing adc1.o(i.ADC1_ClearConvertErrorFlag), (30 bytes).
    Removing adc1.o(i.ADC1_ConfigCompare), (68 bytes).
    Removing adc1.o(i.ADC1_DisableAdjust), (28 bytes).
    Removing adc1.o(i.ADC1_DisableChannelInt), (22 bytes).
    Removing adc1.o(i.ADC1_DisableCompare), (24 bytes).
    Removing adc1.o(i.ADC1_DisableCompareInt), (24 bytes).
    Removing adc1.o(i.ADC1_DisableHardwareTrigger), (62 bytes).
    Removing adc1.o(i.ADC1_DisableScanChannel), (22 bytes).
    Removing adc1.o(i.ADC1_EnableCompare), (28 bytes).
    Removing adc1.o(i.ADC1_EnableCompareInt), (28 bytes).
    Removing adc1.o(i.ADC1_EnableReset), (28 bytes).
    Removing adc1.o(i.ADC1_GetAdjustErrorFlag), (16 bytes).
    Removing adc1.o(i.ADC1_GetCompareIntFlag), (10 bytes).
    Removing adc1.o(i.ADC1_GetCompareResult), (18 bytes).
    Removing adc1.o(i.ADC1_GetConvertErrorFlag), (16 bytes).
    Removing adc1.o(i.ADC1_Stop), (28 bytes).
    Removing ccp.o(.rev16_text), (4 bytes).
    Removing ccp.o(.revsh_text), (4 bytes).
    Removing ccp.o(i.CCP_ClearCAPMode0IntFlag), (20 bytes).
    Removing ccp.o(i.CCP_ClearCompareIntFlag), (20 bytes).
    Removing ccp.o(i.CCP_ConfigCAPMode0), (76 bytes).
    Removing ccp.o(i.CCP_ConfigCAPMode1), (52 bytes).
    Removing ccp.o(i.CCP_ConfigCLK), (112 bytes).
    Removing ccp.o(i.CCP_ConfigCompare), (140 bytes).
    Removing ccp.o(i.CCP_DisableCAPMode0Int), (32 bytes).
    Removing ccp.o(i.CCP_DisableCAPMode1), (32 bytes).
    Removing ccp.o(i.CCP_DisableCAPMode1Int), (36 bytes).
    Removing ccp.o(i.CCP_DisableCAPnReload), (36 bytes).
    Removing ccp.o(i.CCP_DisableCompareInt), (32 bytes).
    Removing ccp.o(i.CCP_DisableOverflowInt), (32 bytes).
    Removing ccp.o(i.CCP_DisableReverseOutput), (108 bytes).
    Removing ccp.o(i.CCP_DisableRun), (32 bytes).
    Removing ccp.o(i.CCP_EnableCAPMode0), (72 bytes).
    Removing ccp.o(i.CCP_EnableCAPMode0Int), (32 bytes).
    Removing ccp.o(i.CCP_EnableCAPMode1), (32 bytes).
    Removing ccp.o(i.CCP_EnableCAPMode1Int), (36 bytes).
    Removing ccp.o(i.CCP_EnableCAPnReload), (36 bytes).
    Removing ccp.o(i.CCP_EnableCompareInt), (32 bytes).
    Removing ccp.o(i.CCP_EnableOverflowInt), (32 bytes).
    Removing ccp.o(i.CCP_EnablePWMMode), (72 bytes).
    Removing ccp.o(i.CCP_EnableReverseOutput), (108 bytes).
    Removing ccp.o(i.CCP_EnableRun), (32 bytes).
    Removing ccp.o(i.CCP_GetCAPMode0IntFlag), (28 bytes).
    Removing ccp.o(i.CCP_GetCAPMode0Result), (70 bytes).
    Removing ccp.o(i.CCP_GetCAPMode1Result), (24 bytes).
    Removing ccp.o(i.CCP_GetCompareIntFlag), (28 bytes).
    Removing ccp.o(i.CCP_SelCAPMode0Channel), (88 bytes).
    Removing ccp.o(i.CCP_SelCAPMode1Channel), (280 bytes).
    Removing ccp.o(i.CCP_Start), (60 bytes).
    Removing ccp.o(i.CCP_Stop), (60 bytes).
    Removing ccp.o(i.CCP_TriggerCaputer), (40 bytes).
    Removing crc.o(.rev16_text), (4 bytes).
    Removing crc.o(.revsh_text), (4 bytes).
    Removing crc.o(i.CRC_Input), (10 bytes).
    Removing crc.o(i.CRC_Output), (10 bytes).
    Removing crc.o(i.CRC_Reset), (10 bytes).
    Removing epwm.o(.rev16_text), (4 bytes).
    Removing epwm.o(.revsh_text), (4 bytes).
    Removing epwm.o(i.EPWM_AllBrakeEnable), (28 bytes).
    Removing epwm.o(i.EPWM_ClearBrakeIntFlag), (20 bytes).
    Removing epwm.o(i.EPWM_ClearCountCmpIntFlag), (24 bytes).
    Removing epwm.o(i.EPWM_ClearDownCmpIntFlag), (24 bytes).
    Removing epwm.o(i.EPWM_ClearHallErrorIntFlag), (20 bytes).
    Removing epwm.o(i.EPWM_ClearHallErrorState), (28 bytes).
    Removing epwm.o(i.EPWM_ClearUpCmpIntFlag), (24 bytes).
    Removing epwm.o(i.EPWM_ClearZeroIntFlag), (20 bytes).
    Removing epwm.o(i.EPWM_ConfigChannelAsymDuty), (56 bytes).
    Removing epwm.o(i.EPWM_ConfigFaultBrakeLevel), (44 bytes).
    Removing epwm.o(i.EPWM_ConfigZeroIntSum), (44 bytes).
    Removing epwm.o(i.EPWM_DisableBrakeInt), (28 bytes).
    Removing epwm.o(i.EPWM_DisableChannelRemap), (28 bytes).
    Removing epwm.o(i.EPWM_DisableCountCmpInt), (36 bytes).
    Removing epwm.o(i.EPWM_DisableDownCmpInt), (28 bytes).
    Removing epwm.o(i.EPWM_DisableFaultBrake), (24 bytes).
    Removing epwm.o(i.EPWM_DisableHall), (28 bytes).
    Removing epwm.o(i.EPWM_DisableHallErrorInt), (28 bytes).
    Removing epwm.o(i.EPWM_DisableOutput), (24 bytes).
    Removing epwm.o(i.EPWM_DisablePeriodInt), (28 bytes).
    Removing epwm.o(i.EPWM_DisableReverseOutput), (36 bytes).
    Removing epwm.o(i.EPWM_DisableSoftwareBrake), (32 bytes).
    Removing epwm.o(i.EPWM_DisableUpCmpInt), (28 bytes).
    Removing epwm.o(i.EPWM_DisableZeroInt), (24 bytes).
    Removing epwm.o(i.EPWM_DisableZeroIntSum), (28 bytes).
    Removing epwm.o(i.EPWM_EnableBrakeInt), (28 bytes).
    Removing epwm.o(i.EPWM_EnableChannelRemap), (64 bytes).
    Removing epwm.o(i.EPWM_EnableCountCmpInt), (36 bytes).
    Removing epwm.o(i.EPWM_EnableDeadZone), (208 bytes).
    Removing epwm.o(i.EPWM_EnableDownCmpInt), (28 bytes).
    Removing epwm.o(i.EPWM_EnableEXTEEBrake), (40 bytes).
    Removing epwm.o(i.EPWM_EnableEXTLEBrake), (40 bytes).
    Removing epwm.o(i.EPWM_EnableFaultBrake), (24 bytes).
    Removing epwm.o(i.EPWM_EnableHall), (28 bytes).
    Removing epwm.o(i.EPWM_EnableHallErrorInt), (28 bytes).
    Removing epwm.o(i.EPWM_EnableOneShotMode), (32 bytes).
    Removing epwm.o(i.EPWM_EnableSoftwareBrake), (32 bytes).
    Removing epwm.o(i.EPWM_EnableUpCmpInt), (28 bytes).
    Removing epwm.o(i.EPWM_EnableZeroInt), (24 bytes).
    Removing epwm.o(i.EPWM_EnableZeroIntSum), (28 bytes).
    Removing epwm.o(i.EPWM_ForceStop), (16 bytes).
    Removing epwm.o(i.EPWM_GetBrakeIntFlag), (12 bytes).
    Removing epwm.o(i.EPWM_GetCountCmpIntFlag), (32 bytes).
    Removing epwm.o(i.EPWM_GetDownCmpIntFlag), (32 bytes).
    Removing epwm.o(i.EPWM_GetHallErrorIntFlag), (20 bytes).
    Removing epwm.o(i.EPWM_GetHallState), (20 bytes).
    Removing epwm.o(i.EPWM_GetUpCmpIntFlag), (32 bytes).
    Removing epwm.o(i.EPWM_GetZeroIntFlag), (28 bytes).
    Removing epwm.o(i.EPWM_Stop), (40 bytes).
    Removing epwm.o(i.EPWM_WriteMaskBuffer), (40 bytes).
    Removing fmc.o(.rev16_text), (4 bytes).
    Removing fmc.o(.revsh_text), (4 bytes).
    Removing fmc.o(i.FMC_CRC), (52 bytes).
    Removing fmc.o(i.FMC_EraseAll), (28 bytes).
    Removing fmc.o(i.FMC_ErasePage), (32 bytes).
    Removing fmc.o(i.FMC_Read), (36 bytes).
    Removing fmc.o(i.FMC_Write), (36 bytes).
    Removing gpio.o(.rev16_text), (4 bytes).
    Removing gpio.o(.revsh_text), (4 bytes).
    Removing gpio.o(i.GPIO_ClearIntFlag), (12 bytes).
    Removing gpio.o(i.GPIO_ConfigRunMode), (56 bytes).
    Removing gpio.o(i.GPIO_DisableFilter), (8 bytes).
    Removing gpio.o(i.GPIO_DisableInt), (8 bytes).
    Removing gpio.o(i.GPIO_EnableFilter), (24 bytes).
    Removing gpio.o(i.GPIO_EnableInt), (110 bytes).
    Removing gpio.o(i.GPIO_GetIntFlag), (22 bytes).
    Removing hwdiv.o(.rev16_text), (4 bytes).
    Removing hwdiv.o(.revsh_text), (4 bytes).
    Removing hwdiv.o(i.HWDIV_Div), (40 bytes).
    Removing hwdiv.o(i.HWDIV_EnableSingedMode), (18 bytes).
    Removing hwdiv.o(i.HWDIV_EnableUnsingedMode), (18 bytes).
    Removing hwdiv.o(i.HWDIV_Mod), (40 bytes).
    Removing i2c.o(.rev16_text), (4 bytes).
    Removing i2c.o(.revsh_text), (4 bytes).
    Removing i2c.o(i.I2C_ClearACKFlag), (18 bytes).
    Removing i2c.o(i.I2C_ClearIntFlag), (18 bytes).
    Removing i2c.o(i.I2C_ClearStartFlag), (18 bytes).
    Removing i2c.o(i.I2C_ConfigClk), (18 bytes).
    Removing i2c.o(i.I2C_ConfigSlaveModeAddr), (104 bytes).
    Removing i2c.o(i.I2C_DisableInt), (18 bytes).
    Removing i2c.o(i.I2C_DisableOutput), (18 bytes).
    Removing i2c.o(i.I2C_EnableInt), (18 bytes).
    Removing i2c.o(i.I2C_EnableOutput), (18 bytes).
    Removing i2c.o(i.I2C_GetData), (10 bytes).
    Removing i2c.o(i.I2C_GetIntFlag), (14 bytes).
    Removing i2c.o(i.I2C_GetSlave10BitAddrFlag), (14 bytes).
    Removing i2c.o(i.I2C_GetSlave7BitAddrFlag), (12 bytes).
    Removing i2c.o(i.I2C_GetStatus), (8 bytes).
    Removing i2c.o(i.I2C_NotSendACK), (18 bytes).
    Removing i2c.o(i.I2C_Reset), (10 bytes).
    Removing i2c.o(i.I2C_SendACK), (18 bytes).
    Removing i2c.o(i.I2C_SendData), (8 bytes).
    Removing i2c.o(i.I2C_SendRestart), (18 bytes).
    Removing i2c.o(i.I2C_SendStart), (18 bytes).
    Removing i2c.o(i.I2C_SendStop), (18 bytes).
    Removing i2c.o(i.I2C_SendStopBeforeStart), (18 bytes).
    Removing opa.o(.rev16_text), (4 bytes).
    Removing opa.o(.revsh_text), (4 bytes).
    Removing opa.o(i.OPA_ConfigNegative), (16 bytes).
    Removing opa.o(i.OPA_ConfigOutput), (16 bytes).
    Removing opa.o(i.OPA_ConfigPositive), (16 bytes).
    Removing opa.o(i.OPA_ConfigRunMode), (16 bytes).
    Removing opa.o(i.OPA_DisableAdjustMode), (10 bytes).
    Removing opa.o(i.OPA_EnableAdjustMode), (22 bytes).
    Removing opa.o(i.OPA_EnableConfigAdjust), (6 bytes).
    Removing opa.o(i.OPA_EnableOPADJAdjust), (24 bytes).
    Removing opa.o(i.OPA_GetAutoAdjustResult), (104 bytes).
    Removing opa.o(i.OPA_GetResult), (12 bytes).
    Removing opa.o(i.OPA_Start), (10 bytes).
    Removing opa.o(i.OPA_Stop), (10 bytes).
    Removing pga.o(.rev16_text), (4 bytes).
    Removing pga.o(.revsh_text), (4 bytes).
    Removing pga.o(i.PGA_ConfigGain), (18 bytes).
    Removing pga.o(i.PGA_ConfigOutput), (18 bytes).
    Removing pga.o(i.PGA_ConfigPositive), (16 bytes).
    Removing pga.o(i.PGA_ConfigResistorGnd), (18 bytes).
    Removing pga.o(i.PGA_Start), (12 bytes).
    Removing pga.o(i.PGA_Stop), (12 bytes).
    Removing ssp.o(.rev16_text), (4 bytes).
    Removing ssp.o(.revsh_text), (4 bytes).
    Removing ssp.o(i.SSP_ConfigClk), (26 bytes).
    Removing ssp.o(i.SSP_ConfigRunMode), (40 bytes).
    Removing ssp.o(i.SSP_DisableMasterAutoControlCS), (18 bytes).
    Removing ssp.o(i.SSP_EnableMasterAutoControlCS), (18 bytes).
    Removing ssp.o(i.SSP_EnableMasterMode), (20 bytes).
    Removing ssp.o(i.SSP_EnableSlaveMode), (20 bytes).
    Removing ssp.o(i.SSP_GetBusyFlag), (14 bytes).
    Removing ssp.o(i.SSP_GetData), (10 bytes).
    Removing ssp.o(i.SSP_GetRFFFlag), (14 bytes).
    Removing ssp.o(i.SSP_GetRNEFlag), (14 bytes).
    Removing ssp.o(i.SSP_GetTFEFlag), (12 bytes).
    Removing ssp.o(i.SSP_GetTNFFlag), (14 bytes).
    Removing ssp.o(i.SSP_MasterClearCS), (18 bytes).
    Removing ssp.o(i.SSP_MasterSetCS), (18 bytes).
    Removing ssp.o(i.SSP_SendData), (8 bytes).
    Removing ssp.o(i.SSP_Start), (20 bytes).
    Removing ssp.o(i.SSP_Stop), (20 bytes).
    Removing system.o(.rev16_text), (4 bytes).
    Removing system.o(.revsh_text), (4 bytes).
    Removing system.o(i.SYS_ClearLVDIntFlag), (20 bytes).
    Removing system.o(i.SYS_ConfigClkOutput), (40 bytes).
    Removing system.o(i.SYS_ConfigLVDLevel), (26 bytes).
    Removing system.o(i.SYS_DisableClkOutput), (20 bytes).
    Removing system.o(i.SYS_DisableHSI), (32 bytes).
    Removing system.o(i.SYS_DisableLVD), (18 bytes).
    Removing system.o(i.SYS_DisableLVDInt), (20 bytes).
    Removing system.o(i.SYS_DisablePeripheralClk), (16 bytes).
    Removing system.o(i.SYS_DisableSARMProtect), (32 bytes).
    Removing system.o(i.SYS_DisableTEMP), (20 bytes).
    Removing system.o(i.SYS_EnableClkOutput), (20 bytes).
    Removing system.o(i.SYS_EnableLVD), (18 bytes).
    Removing system.o(i.SYS_EnableLVDInt), (20 bytes).
    Removing system.o(i.SYS_EnableSARMProtect), (32 bytes).
    Removing system.o(i.SYS_EnableTEMP), (20 bytes).
    Removing system.o(i.SYS_EnableTEMPConfigAdjust), (20 bytes).
    Removing system.o(i.SYS_EnableTRIMAdjustHSI), (20 bytes).
    Removing system.o(i.SYS_EnableTSVADJConfigAdjust), (42 bytes).
    Removing system.o(i.SYS_GetCPUResetFlag), (14 bytes).
    Removing system.o(i.SYS_GetLVDIntFlag), (16 bytes).
    Removing system.o(i.SYS_GetLVDStateFlag), (14 bytes).
    Removing system.o(i.SYS_GetMCUResetFlag), (14 bytes).
    Removing system.o(i.SYS_GetWDTResetFlag), (12 bytes).
    Removing system.o(i.SYS_GetWWDTResetFlag), (14 bytes).
    Removing timer.o(.rev16_text), (4 bytes).
    Removing timer.o(.revsh_text), (4 bytes).
    Removing timer.o(i.TMR_ClearOverflowIntFlag), (6 bytes).
    Removing timer.o(i.TMR_ConfigClk), (16 bytes).
    Removing timer.o(i.TMR_ConfigRunMode), (22 bytes).
    Removing timer.o(i.TMR_DisableOneShotMode), (10 bytes).
    Removing timer.o(i.TMR_DisableOverflowInt), (10 bytes).
    Removing timer.o(i.TMR_EnableOneShotMode), (10 bytes).
    Removing timer.o(i.TMR_EnableOverflowInt), (10 bytes).
    Removing timer.o(i.TMR_GetOverflowIntFlag), (10 bytes).
    Removing timer.o(i.TMR_GetTimingData), (6 bytes).
    Removing timer.o(i.TMR_SetPeriod), (4 bytes).
    Removing timer.o(i.TMR_Start), (10 bytes).
    Removing timer.o(i.TMR_Stop), (10 bytes).
    Removing uart.o(.rev16_text), (4 bytes).
    Removing uart.o(.revsh_text), (4 bytes).
    Removing uart.o(i.UART_DisableAuto), (10 bytes).
    Removing uart.o(i.UART_DisableCTS), (10 bytes).
    Removing uart.o(i.UART_DisableCTSInt), (10 bytes).
    Removing uart.o(i.UART_DisableFIFO), (6 bytes).
    Removing uart.o(i.UART_DisableModemInt), (10 bytes).
    Removing uart.o(i.UART_DisableRBRInt), (10 bytes).
    Removing uart.o(i.UART_DisableRTS), (10 bytes).
    Removing uart.o(i.UART_DisableRTSInt), (10 bytes).
    Removing uart.o(i.UART_DisableRxLineInt), (10 bytes).
    Removing uart.o(i.UART_DisableTHREInt), (10 bytes).
    Removing uart.o(i.UART_DisableXOFInt), (10 bytes).
    Removing uart.o(i.UART_DisableXONAndXOFF), (10 bytes).
    Removing uart.o(i.UART_EnableCTS), (10 bytes).
    Removing uart.o(i.UART_EnableCTSInt), (10 bytes).
    Removing uart.o(i.UART_EnableModemInt), (10 bytes).
    Removing uart.o(i.UART_EnableRTS), (10 bytes).
    Removing uart.o(i.UART_EnableRTSInt), (10 bytes).
    Removing uart.o(i.UART_EnableRxLineInt), (10 bytes).
    Removing uart.o(i.UART_EnableXOFInt), (10 bytes).
    Removing uart.o(i.UART_EnableXONAndXOFF), (16 bytes).
    Removing uart.o(i.UART_GetCTSState), (12 bytes).
    Removing uart.o(i.UART_GetXONAndXOFFState), (12 bytes).
    Removing uart.o(i.UART_RTSClean), (10 bytes).
    Removing uart.o(i.UART_RTSSet), (10 bytes).
    Removing uart.o(i.UART_SetXON1AndXOFF1), (6 bytes).
    Removing uart.o(i.UART_SetXON2AndXOFF2), (6 bytes).
    Removing uart.o(i.UART_WriteTHR), (4 bytes).
    Removing wdt.o(.rev16_text), (4 bytes).
    Removing wdt.o(.revsh_text), (4 bytes).
    Removing wdt.o(i.WDT_ClearOverflowIntFlag), (36 bytes).
    Removing wdt.o(i.WDT_ClearWDT), (36 bytes).
    Removing wdt.o(i.WDT_ConfigClk), (48 bytes).
    Removing wdt.o(i.WDT_ConfigPeriod), (28 bytes).
    Removing wdt.o(i.WDT_DisableOverflowInt), (40 bytes).
    Removing wdt.o(i.WDT_DisableRestSystem), (56 bytes).
    Removing wdt.o(i.WDT_EnableOverflowInt), (40 bytes).
    Removing wdt.o(i.WDT_EnableRestSystem), (40 bytes).
    Removing wdt.o(i.WDT_GetOverflowIntFlag), (12 bytes).
    Removing wdt.o(i.WDT_GetTimingData), (8 bytes).
    Removing wwdt.o(.rev16_text), (4 bytes).
    Removing wwdt.o(.revsh_text), (4 bytes).
    Removing wwdt.o(i.WWDT_ClearCompareIntFlag), (18 bytes).
    Removing wwdt.o(i.WWDT_ConfigClk), (26 bytes).
    Removing wwdt.o(i.WWDT_ConfigCompare), (36 bytes).
    Removing wwdt.o(i.WWDT_DisableCompareInt), (18 bytes).
    Removing wwdt.o(i.WWDT_EnableCompareInt), (18 bytes).
    Removing wwdt.o(i.WWDT_GetCompareIntFlag), (12 bytes).
    Removing wwdt.o(i.WWDT_GetTimingData), (12 bytes).
    Removing wwdt.o(i.WWDT_Reload), (16 bytes).
    Removing wwdt.o(i.WWDT_Start), (18 bytes).
    Removing wwdt.o(i.WWDT_Stop), (18 bytes).
    Removing dadd.o(.text), (360 bytes).
    Removing dmul.o(.text), (208 bytes).
    Removing ddiv.o(.text), (240 bytes).
    Removing dfixul.o(.text), (64 bytes).
    Removing cdrcmple.o(.text), (40 bytes).
    Removing depilogue.o(.text), (190 bytes).
    Removing depilogue.o(i.__ARM_clz), (46 bytes).

396 unused section(s) (total 13724 bytes) removed from the image.

==============================================================================

Image Symbol Table

    Local Symbols

    Symbol Name                              Value     Ov Type        Size  Object(Section)

    RESET                                    0x00000000   Section      192  startup_cms32m55xx.o(RESET)
    ../clib/microlib/division.c              0x00000000   Number         0  uidiv.o ABSOLUTE
    ../clib/microlib/division.c              0x00000000   Number         0  uldiv.o ABSOLUTE
    ../clib/microlib/division.c              0x00000000   Number         0  idiv.o ABSOLUTE
    ../clib/microlib/init/entry.s            0x00000000   Number         0  entry11a.o ABSOLUTE
    ../clib/microlib/init/entry.s            0x00000000   Number         0  entry7b.o ABSOLUTE
    ../clib/microlib/init/entry.s            0x00000000   Number         0  entry.o ABSOLUTE
    ../clib/microlib/init/entry.s            0x00000000   Number         0  entry7a.o ABSOLUTE
    ../clib/microlib/init/entry.s            0x00000000   Number         0  entry12a.o ABSOLUTE
    ../clib/microlib/init/entry.s            0x00000000   Number         0  entry9a.o ABSOLUTE
    ../clib/microlib/init/entry.s            0x00000000   Number         0  entry12b.o ABSOLUTE
    ../clib/microlib/init/entry.s            0x00000000   Number         0  entry11b.o ABSOLUTE
    ../clib/microlib/init/entry.s            0x00000000   Number         0  entry5.o ABSOLUTE
    ../clib/microlib/init/entry.s            0x00000000   Number         0  entry10b.o ABSOLUTE
    ../clib/microlib/init/entry.s            0x00000000   Number         0  entry10a.o ABSOLUTE
    ../clib/microlib/init/entry.s            0x00000000   Number         0  entry9b.o ABSOLUTE
    ../clib/microlib/init/entry.s            0x00000000   Number         0  entry2.o ABSOLUTE
    ../clib/microlib/init/entry.s            0x00000000   Number         0  entry8b.o ABSOLUTE
    ../clib/microlib/init/entry.s            0x00000000   Number         0  entry8a.o ABSOLUTE
    ../clib/microlib/longlong.c              0x00000000   Number         0  llshl.o ABSOLUTE
    ../clib/microlib/longlong.c              0x00000000   Number         0  llushr.o ABSOLUTE
    ../clib/microlib/longlong.c              0x00000000   Number         0  llsshr.o ABSOLUTE
    ../clib/microlib/printf/printf.c         0x00000000   Number         0  printf2.o ABSOLUTE
    ../clib/microlib/printf/printf.c         0x00000000   Number         0  printf7.o ABSOLUTE
    ../clib/microlib/printf/printf.c         0x00000000   Number         0  printf4.o ABSOLUTE
    ../clib/microlib/printf/printf.c         0x00000000   Number         0  printf3.o ABSOLUTE
    ../clib/microlib/printf/printf.c         0x00000000   Number         0  printfb.o ABSOLUTE
    ../clib/microlib/printf/printf.c         0x00000000   Number         0  printf0.o ABSOLUTE
    ../clib/microlib/printf/printf.c         0x00000000   Number         0  printfa.o ABSOLUTE
    ../clib/microlib/printf/printf.c         0x00000000   Number         0  printf8.o ABSOLUTE
    ../clib/microlib/printf/printf.c         0x00000000   Number         0  printf6.o ABSOLUTE
    ../clib/microlib/printf/printf.c         0x00000000   Number         0  printf1.o ABSOLUTE
    ../clib/microlib/printf/printf.c         0x00000000   Number         0  printf5.o ABSOLUTE
    ../clib/microlib/printf/stubs.s          0x00000000   Number         0  stubs.o ABSOLUTE
    ../clib/microlib/stubs.s                 0x00000000   Number         0  iusefp.o ABSOLUTE
    ../fplib/microlib/fpadd.c                0x00000000   Number         0  dadd.o ABSOLUTE
    ../fplib/microlib/fpdiv.c                0x00000000   Number         0  ddiv.o ABSOLUTE
    ../fplib/microlib/fpepilogue.c           0x00000000   Number         0  depilogue.o ABSOLUTE
    ../fplib/microlib/fpfix.c                0x00000000   Number         0  dfixul.o ABSOLUTE
    ../fplib/microlib/fpmul.c                0x00000000   Number         0  dmul.o ABSOLUTE
    ..\..\CODE\APL\isr.c                     0x00000000   Number         0  isr.o ABSOLUTE
    ..\..\CODE\APL\main.c                    0x00000000   Number         0  main.o ABSOLUTE
    ..\..\CODE\FML\Source\Motor_Control.c    0x00000000   Number         0  motor_control.o ABSOLUTE
    ..\..\CODE\FML\Source\Motor_PID.c        0x00000000   Number         0  motor_pid.o ABSOLUTE
    ..\..\CODE\FML\Source\Motor_SVPWM.c      0x00000000   Number         0  motor_svpwm.o ABSOLUTE
    ..\..\CODE\FML\Source\Motor_math.c       0x00000000   Number         0  motor_math.o ABSOLUTE
    ..\..\CODE\FML\Source\UART_Process.c     0x00000000   Number         0  uart_process.o ABSOLUTE
    ..\..\CODE\FML\Source\retarget.c         0x00000000   Number         0  retarget.o ABSOLUTE
    ..\..\CODE\HAL\CORE\Source\ARM\startup_CMS32M55xx.s 0x00000000   Number         0  startup_cms32m55xx.o ABSOLUTE
    ..\..\CODE\HAL\CORE\Source\system_CMS32M55xx.c 0x00000000   Number         0  system_cms32m55xx.o ABSOLUTE
    ..\..\CODE\HAL\FWLIB\src\acmp.c          0x00000000   Number         0  acmp.o ABSOLUTE
    ..\..\CODE\HAL\FWLIB\src\adc0.c          0x00000000   Number         0  adc0.o ABSOLUTE
    ..\..\CODE\HAL\FWLIB\src\adc1.c          0x00000000   Number         0  adc1.o ABSOLUTE
    ..\..\CODE\HAL\FWLIB\src\ccp.c           0x00000000   Number         0  ccp.o ABSOLUTE
    ..\..\CODE\HAL\FWLIB\src\crc.c           0x00000000   Number         0  crc.o ABSOLUTE
    ..\..\CODE\HAL\FWLIB\src\epwm.c          0x00000000   Number         0  epwm.o ABSOLUTE
    ..\..\CODE\HAL\FWLIB\src\fmc.c           0x00000000   Number         0  fmc.o ABSOLUTE
    ..\..\CODE\HAL\FWLIB\src\gpio.c          0x00000000   Number         0  gpio.o ABSOLUTE
    ..\..\CODE\HAL\FWLIB\src\hwdiv.c         0x00000000   Number         0  hwdiv.o ABSOLUTE
    ..\..\CODE\HAL\FWLIB\src\i2c.c           0x00000000   Number         0  i2c.o ABSOLUTE
    ..\..\CODE\HAL\FWLIB\src\opa.c           0x00000000   Number         0  opa.o ABSOLUTE
    ..\..\CODE\HAL\FWLIB\src\pga.c           0x00000000   Number         0  pga.o ABSOLUTE
    ..\..\CODE\HAL\FWLIB\src\ssp.c           0x00000000   Number         0  ssp.o ABSOLUTE
    ..\..\CODE\HAL\FWLIB\src\system.c        0x00000000   Number         0  system.o ABSOLUTE
    ..\..\CODE\HAL\FWLIB\src\timer.c         0x00000000   Number         0  timer.o ABSOLUTE
    ..\..\CODE\HAL\FWLIB\src\uart.c          0x00000000   Number         0  uart.o ABSOLUTE
    ..\..\CODE\HAL\FWLIB\src\wdt.c           0x00000000   Number         0  wdt.o ABSOLUTE
    ..\..\CODE\HAL\FWLIB\src\wwdt.c          0x00000000   Number         0  wwdt.o ABSOLUTE
    ..\..\CODE\HDL\Source\ADC_Config.c       0x00000000   Number         0  adc_config.o ABSOLUTE
    ..\..\CODE\HDL\Source\CCP_Config.c       0x00000000   Number         0  ccp_config.o ABSOLUTE
    ..\..\CODE\HDL\Source\EPWM_Config.c      0x00000000   Number         0  epwm_config.o ABSOLUTE
    ..\..\CODE\HDL\Source\System_Config.c    0x00000000   Number         0  system_config.o ABSOLUTE
    ..\..\CODE\HDL\Source\TIM_Config.c       0x00000000   Number         0  tim_config.o ABSOLUTE
    ..\..\CODE\HDL\Source\UART_Config.c      0x00000000   Number         0  uart_config.o ABSOLUTE
    ..\\..\\CODE\\APL\\isr.c                 0x00000000   Number         0  isr.o ABSOLUTE
    ..\\..\\CODE\\APL\\main.c                0x00000000   Number         0  main.o ABSOLUTE
    ..\\..\\CODE\\FML\\Source\\Motor_Control.c 0x00000000   Number         0  motor_control.o ABSOLUTE
    ..\\..\\CODE\\FML\\Source\\Motor_SVPWM.c 0x00000000   Number         0  motor_svpwm.o ABSOLUTE
    ..\\..\\CODE\\FML\\Source\\Motor_math.c  0x00000000   Number         0  motor_math.o ABSOLUTE
    ..\\..\\CODE\\FML\\Source\\retarget.c    0x00000000   Number         0  retarget.o ABSOLUTE
    ..\\..\\CODE\\HAL\\CORE\\Source\\system_CMS32M55xx.c 0x00000000   Number         0  system_cms32m55xx.o ABSOLUTE
    ..\\..\\CODE\\HAL\\FWLIB\\src\\acmp.c    0x00000000   Number         0  acmp.o ABSOLUTE
    ..\\..\\CODE\\HAL\\FWLIB\\src\\adc0.c    0x00000000   Number         0  adc0.o ABSOLUTE
    ..\\..\\CODE\\HAL\\FWLIB\\src\\adc1.c    0x00000000   Number         0  adc1.o ABSOLUTE
    ..\\..\\CODE\\HAL\\FWLIB\\src\\ccp.c     0x00000000   Number         0  ccp.o ABSOLUTE
    ..\\..\\CODE\\HAL\\FWLIB\\src\\crc.c     0x00000000   Number         0  crc.o ABSOLUTE
    ..\\..\\CODE\\HAL\\FWLIB\\src\\epwm.c    0x00000000   Number         0  epwm.o ABSOLUTE
    ..\\..\\CODE\\HAL\\FWLIB\\src\\fmc.c     0x00000000   Number         0  fmc.o ABSOLUTE
    ..\\..\\CODE\\HAL\\FWLIB\\src\\gpio.c    0x00000000   Number         0  gpio.o ABSOLUTE
    ..\\..\\CODE\\HAL\\FWLIB\\src\\hwdiv.c   0x00000000   Number         0  hwdiv.o ABSOLUTE
    ..\\..\\CODE\\HAL\\FWLIB\\src\\i2c.c     0x00000000   Number         0  i2c.o ABSOLUTE
    ..\\..\\CODE\\HAL\\FWLIB\\src\\opa.c     0x00000000   Number         0  opa.o ABSOLUTE
    ..\\..\\CODE\\HAL\\FWLIB\\src\\pga.c     0x00000000   Number         0  pga.o ABSOLUTE
    ..\\..\\CODE\\HAL\\FWLIB\\src\\ssp.c     0x00000000   Number         0  ssp.o ABSOLUTE
    ..\\..\\CODE\\HAL\\FWLIB\\src\\system.c  0x00000000   Number         0  system.o ABSOLUTE
    ..\\..\\CODE\\HAL\\FWLIB\\src\\timer.c   0x00000000   Number         0  timer.o ABSOLUTE
    ..\\..\\CODE\\HAL\\FWLIB\\src\\uart.c    0x00000000   Number         0  uart.o ABSOLUTE
    ..\\..\\CODE\\HAL\\FWLIB\\src\\wdt.c     0x00000000   Number         0  wdt.o ABSOLUTE
    ..\\..\\CODE\\HAL\\FWLIB\\src\\wwdt.c    0x00000000   Number         0  wwdt.o ABSOLUTE
    ..\\..\\CODE\\HDL\\Source\\ADC_Config.c  0x00000000   Number         0  adc_config.o ABSOLUTE
    ..\\..\\CODE\\HDL\\Source\\CCP_Config.c  0x00000000   Number         0  ccp_config.o ABSOLUTE
    ..\\..\\CODE\\HDL\\Source\\EPWM_Config.c 0x00000000   Number         0  epwm_config.o ABSOLUTE
    ..\\..\\CODE\\HDL\\Source\\System_Config.c 0x00000000   Number         0  system_config.o ABSOLUTE
    ..\\..\\CODE\\HDL\\Source\\TIM_Config.c  0x00000000   Number         0  tim_config.o ABSOLUTE
    ..\\..\\CODE\\HDL\\Source\\UART_Config.c 0x00000000   Number         0  uart_config.o ABSOLUTE
    cdrcmple.s                               0x00000000   Number         0  cdrcmple.o ABSOLUTE
    dc.s                                     0x00000000   Number         0  dc.o ABSOLUTE
    handlers.s                               0x00000000   Number         0  handlers.o ABSOLUTE
    init.s                                   0x00000000   Number         0  init.o ABSOLUTE
    .ARM.Collect$$$$00000000                 0x000000c0   Section        0  entry.o(.ARM.Collect$$$$00000000)
    .ARM.Collect$$$$00000001                 0x000000c0   Section        4  entry2.o(.ARM.Collect$$$$00000001)
    .ARM.Collect$$$$00000004                 0x000000c4   Section        4  entry5.o(.ARM.Collect$$$$00000004)
    .ARM.Collect$$$$00000008                 0x000000c8   Section        0  entry7b.o(.ARM.Collect$$$$00000008)
    .ARM.Collect$$$$0000000A                 0x000000c8   Section        0  entry8b.o(.ARM.Collect$$$$0000000A)
    .ARM.Collect$$$$0000000B                 0x000000c8   Section        8  entry9a.o(.ARM.Collect$$$$0000000B)
    .ARM.Collect$$$$0000000E                 0x000000d0   Section        4  entry12b.o(.ARM.Collect$$$$0000000E)
    .ARM.Collect$$$$0000000F                 0x000000d4   Section        0  entry10a.o(.ARM.Collect$$$$0000000F)
    .ARM.Collect$$$$00000011                 0x000000d4   Section        0  entry11a.o(.ARM.Collect$$$$00000011)
    .ARM.Collect$$$$00002712                 0x000000d4   Section        4  entry2.o(.ARM.Collect$$$$00002712)
    __lit__00000000                          0x000000d4   Data           4  entry2.o(.ARM.Collect$$$$00002712)
    .text                                    0x000000d8   Section       32  startup_cms32m55xx.o(.text)
    .text                                    0x000000f8   Section        0  uidiv.o(.text)
    .text                                    0x00000124   Section       36  init.o(.text)
    i.ACMP_IRQHandler                        0x00000148   Section        0  isr.o(i.ACMP_IRQHandler)
    i.ADC0_IRQHandler                        0x0000014a   Section        0  isr.o(i.ADC0_IRQHandler)
    i.ADC1_ClearChannelIntFlag               0x0000014c   Section        0  adc1.o(i.ADC1_ClearChannelIntFlag)
    i.ADC1_ConfigRunMode                     0x0000016c   Section        0  adc1.o(i.ADC1_ConfigRunMode)
    i.ADC1_EnableAdjust                      0x000001a4   Section        0  adc1.o(i.ADC1_EnableAdjust)
    i.ADC1_EnableChannelInt                  0x000001c0   Section        0  adc1.o(i.ADC1_EnableChannelInt)
    i.ADC1_EnableEPWMCmp0TiggerChannel       0x000001d6   Section        0  adc1.o(i.ADC1_EnableEPWMCmp0TiggerChannel)
    i.ADC1_EnableHardwareTrigger             0x000001ec   Section        0  adc1.o(i.ADC1_EnableHardwareTrigger)
    i.ADC1_EnableScanChannel                 0x00000248   Section        0  adc1.o(i.ADC1_EnableScanChannel)
    i.ADC1_GetChannelIntFlag                 0x0000025e   Section        0  adc1.o(i.ADC1_GetChannelIntFlag)
    i.ADC1_GetResult                         0x00000278   Section        0  adc1.o(i.ADC1_GetResult)
    i.ADC1_IRQHandler                        0x00000288   Section        0  isr.o(i.ADC1_IRQHandler)
    i.ADC1_SetAN30Channel                    0x00000364   Section        0  adc1.o(i.ADC1_SetAN30Channel)
    i.ADC1_Start                             0x0000038a   Section        0  adc1.o(i.ADC1_Start)
    i.ADC1_StartAdjust                       0x000003a6   Section        0  adc1.o(i.ADC1_StartAdjust)
    i.ADC_Init                               0x000003d4   Section        0  adc_config.o(i.ADC_Init)
    i.CCP_ClearCAPMode1IntFlag               0x00000430   Section        0  ccp.o(i.CCP_ClearCAPMode1IntFlag)
    i.CCP_ClearOverflowIntFlag               0x00000448   Section        0  ccp.o(i.CCP_ClearOverflowIntFlag)
    i.CCP_GetCAPMode1IntFlag                 0x00000460   Section        0  ccp.o(i.CCP_GetCAPMode1IntFlag)
    i.CCP_GetOverflowIntFlag                 0x00000480   Section        0  ccp.o(i.CCP_GetOverflowIntFlag)
    i.CCP_IRQHandler                         0x000004a0   Section        0  isr.o(i.CCP_IRQHandler)
    i.EPWM_AllBrakeDisable                   0x000004e4   Section        0  epwm.o(i.EPWM_AllBrakeDisable)
    i.EPWM_ClearPeriodIntFlag                0x00000500   Section        0  epwm.o(i.EPWM_ClearPeriodIntFlag)
    i.EPWM_ConfigChannelClk                  0x00000518   Section        0  epwm.o(i.EPWM_ConfigChannelClk)
    i.EPWM_ConfigChannelPeriod               0x0000055c   Section        0  epwm.o(i.EPWM_ConfigChannelPeriod)
    i.EPWM_ConfigChannelSymDuty              0x00000590   Section        0  epwm.o(i.EPWM_ConfigChannelSymDuty)
    i.EPWM_ConfigCompareTriger               0x000005e0   Section        0  epwm.o(i.EPWM_ConfigCompareTriger)
    i.EPWM_ConfigLoadAndIntMode              0x00000608   Section        0  epwm.o(i.EPWM_ConfigLoadAndIntMode)
    i.EPWM_ConfigRunMode                     0x00000648   Section        0  epwm.o(i.EPWM_ConfigRunMode)
    i.EPWM_DisableDeadZone                   0x00000674   Section        0  epwm.o(i.EPWM_DisableDeadZone)
    i.EPWM_EnableAutoLoadMode                0x000006ec   Section        0  epwm.o(i.EPWM_EnableAutoLoadMode)
    i.EPWM_EnableOutput                      0x0000070c   Section        0  epwm.o(i.EPWM_EnableOutput)
    i.EPWM_EnablePeriodInt                   0x00000724   Section        0  epwm.o(i.EPWM_EnablePeriodInt)
    i.EPWM_EnableReverseOutput               0x00000740   Section        0  epwm.o(i.EPWM_EnableReverseOutput)
    i.EPWM_GetPeriodIntFlag                  0x00000764   Section        0  epwm.o(i.EPWM_GetPeriodIntFlag)
    i.EPWM_IRQHandler                        0x00000784   Section        0  isr.o(i.EPWM_IRQHandler)
    i.EPWM_Init                              0x00000798   Section        0  epwm_config.o(i.EPWM_Init)
    i.EPWM_Start                             0x000008e0   Section        0  epwm.o(i.EPWM_Start)
    i.GPIO0_IRQHandler                       0x00000900   Section        0  isr.o(i.GPIO0_IRQHandler)
    i.GPIO2_IRQHandler                       0x00000902   Section        0  isr.o(i.GPIO2_IRQHandler)
    i.GPIO3_IRQHandler                       0x00000904   Section        0  isr.o(i.GPIO3_IRQHandler)
    i.GPIO4_IRQHandler                       0x00000906   Section        0  isr.o(i.GPIO4_IRQHandler)
    i.HardFault_Handler                      0x00000908   Section        0  isr.o(i.HardFault_Handler)
    i.HardwareInit                           0x0000090a   Section        0  main.o(i.HardwareInit)
    i.I2C0_IRQHandler                        0x0000091e   Section        0  isr.o(i.I2C0_IRQHandler)
    i.NMI_Handler                            0x00000920   Section        0  isr.o(i.NMI_Handler)
    i.NVIC_EnableIRQ                         0x00000924   Section        0  main.o(i.NVIC_EnableIRQ)
    NVIC_EnableIRQ                           0x00000925   Thumb Code    14  main.o(i.NVIC_EnableIRQ)
    i.NVIC_Init                              0x00000938   Section        0  main.o(i.NVIC_Init)
    i.NVIC_SetPriority                       0x00000984   Section        0  main.o(i.NVIC_SetPriority)
    NVIC_SetPriority                         0x00000985   Thumb Code   110  main.o(i.NVIC_SetPriority)
    i.PendSV_Handler                         0x000009fc   Section        0  isr.o(i.PendSV_Handler)
    i.SSP0_IRQHandler                        0x000009fe   Section        0  isr.o(i.SSP0_IRQHandler)
    i.SVC_Handler                            0x00000a00   Section        0  isr.o(i.SVC_Handler)
    i.SYS_CHK_IRQHandler                     0x00000a02   Section        0  isr.o(i.SYS_CHK_IRQHandler)
    i.SYS_ConfigAHBClock                     0x00000a04   Section        0  system.o(i.SYS_ConfigAHBClock)
    i.SYS_ConfigAPBClock                     0x00000a38   Section        0  system.o(i.SYS_ConfigAPBClock)
    i.SYS_ConfigHSI                          0x00000a40   Section        0  system.o(i.SYS_ConfigHSI)
    i.SYS_EnableHSI                          0x00000a64   Section        0  system.o(i.SYS_EnableHSI)
    i.SYS_EnablePeripheralClk                0x00000a80   Section        0  system.o(i.SYS_EnablePeripheralClk)
    i.SYS_GetHSIState                        0x00000a90   Section        0  system.o(i.SYS_GetHSIState)
    i.SoftwareInit                           0x00000a9c   Section        0  main.o(i.SoftwareInit)
    i.SysTick_Handler                        0x00000a9e   Section        0  isr.o(i.SysTick_Handler)
    i.SystemCoreClockUpdate                  0x00000aa0   Section        0  system_cms32m55xx.o(i.SystemCoreClockUpdate)
    i.SystemInit                             0x00000b54   Section        0  system_cms32m55xx.o(i.SystemInit)
    i.System_Init                            0x00000b5c   Section        0  system_config.o(i.System_Init)
    i.TIMER0_IRQHandler                      0x00000ba8   Section        0  isr.o(i.TIMER0_IRQHandler)
    i.TIMER1_IRQHandler                      0x00000baa   Section        0  isr.o(i.TIMER1_IRQHandler)
    i.UART0_IRQHandler                       0x00000bac   Section        0  isr.o(i.UART0_IRQHandler)
    i.UART1_IRQHandler                       0x00000bb0   Section        0  uart_config.o(i.UART1_IRQHandler)
    i.UART_ConfigRunMode                     0x00000c58   Section        0  uart.o(i.UART_ConfigRunMode)
    i.UART_EnableAuto                        0x00000c90   Section        0  uart.o(i.UART_EnableAuto)
    i.UART_EnableFIFO                        0x00000c9a   Section        0  uart.o(i.UART_EnableFIFO)
    i.UART_EnableRBRInt                      0x00000cb2   Section        0  uart.o(i.UART_EnableRBRInt)
    i.UART_EnableTHREInt                     0x00000cbc   Section        0  uart.o(i.UART_EnableTHREInt)
    i.UART_Init                              0x00000cc8   Section        0  uart_config.o(i.UART_Init)
    i.UART_ReadRBR                           0x00000d2c   Section        0  uart.o(i.UART_ReadRBR)
    i.WDT_IRQHandler                         0x00000d32   Section        0  isr.o(i.WDT_IRQHandler)
    i.WWDT_IRQHandler                        0x00000d34   Section        0  isr.o(i.WWDT_IRQHandler)
    i.__0printf$1                            0x00000d38   Section        0  printf1.o(i.__0printf$1)
    i.__ARM_common_switch8                   0x00000d58   Section        0  uart_config.o(i.__ARM_common_switch8)
    i.__scatterload_copy                     0x00000d74   Section       14  handlers.o(i.__scatterload_copy)
    i.__scatterload_null                     0x00000d82   Section        2  handlers.o(i.__scatterload_null)
    i.__scatterload_zeroinit                 0x00000d84   Section       14  handlers.o(i.__scatterload_zeroinit)
    i._printf_core                           0x00000d94   Section        0  printf1.o(i._printf_core)
    _printf_core                             0x00000d95   Thumb Code   332  printf1.o(i._printf_core)
    i.fputc                                  0x00000ee4   Section        0  retarget.o(i.fputc)
    i.main                                   0x00000f18   Section        0  main.o(i.main)
    .data                                    0x20000000   Section       32  isr.o(.data)
    .data                                    0x20000020   Section        8  retarget.o(.data)
    .data                                    0x20000028   Section       20  uart_config.o(.data)
    U_IntID                                  0x20000030   Data           4  uart_config.o(.data)
    U_LSRFlag                                0x20000034   Data           4  uart_config.o(.data)
    U_count                                  0x20000038   Data           4  uart_config.o(.data)
    .data                                    0x2000003c   Section       12  system_cms32m55xx.o(.data)
    .bss                                     0x20000048   Section       32  uart_config.o(.bss)
    STACK                                    0x20000068   Section     2048  startup_cms32m55xx.o(STACK)

    Global Symbols

    Symbol Name                              Value     Ov Type        Size  Object(Section)

    BuildAttributes$$THM_ISAv3M$S$PE$A:L22$X:L11$S22$IEEE1$IW$USESV6$~STKCKD$USESV7$~SHL$OSPACE$ROPI$EBA8$MICROLIB$REQ8$PRES8$EABIv2 0x00000000   Number         0  anon$$obj.o ABSOLUTE
    __ARM_use_no_argv                        0x00000000   Number         0  main.o ABSOLUTE
    __Vectors                                0x00000000   Data           4  startup_cms32m55xx.o(RESET)
    _printf_a                                0x00000000   Number         0  stubs.o ABSOLUTE
    _printf_c                                0x00000000   Number         0  stubs.o ABSOLUTE
    _printf_charcount                        0x00000000   Number         0  stubs.o ABSOLUTE
    _printf_d                                0x00000000   Number         0  stubs.o ABSOLUTE
    _printf_e                                0x00000000   Number         0  stubs.o ABSOLUTE
    _printf_f                                0x00000000   Number         0  stubs.o ABSOLUTE
    _printf_flags                            0x00000000   Number         0  stubs.o ABSOLUTE
    _printf_fp_dec                           0x00000000   Number         0  stubs.o ABSOLUTE
    _printf_fp_hex                           0x00000000   Number         0  stubs.o ABSOLUTE
    _printf_g                                0x00000000   Number         0  stubs.o ABSOLUTE
    _printf_i                                0x00000000   Number         0  stubs.o ABSOLUTE
    _printf_int_dec                          0x00000000   Number         0  stubs.o ABSOLUTE
    _printf_l                                0x00000000   Number         0  stubs.o ABSOLUTE
    _printf_lc                               0x00000000   Number         0  stubs.o ABSOLUTE
    _printf_ll                               0x00000000   Number         0  stubs.o ABSOLUTE
    _printf_lld                              0x00000000   Number         0  stubs.o ABSOLUTE
    _printf_lli                              0x00000000   Number         0  stubs.o ABSOLUTE
    _printf_llo                              0x00000000   Number         0  stubs.o ABSOLUTE
    _printf_llu                              0x00000000   Number         0  stubs.o ABSOLUTE
    _printf_llx                              0x00000000   Number         0  stubs.o ABSOLUTE
    _printf_longlong_dec                     0x00000000   Number         0  stubs.o ABSOLUTE
    _printf_longlong_hex                     0x00000000   Number         0  stubs.o ABSOLUTE
    _printf_longlong_oct                     0x00000000   Number         0  stubs.o ABSOLUTE
    _printf_ls                               0x00000000   Number         0  stubs.o ABSOLUTE
    _printf_mbtowc                           0x00000000   Number         0  stubs.o ABSOLUTE
    _printf_n                                0x00000000   Number         0  stubs.o ABSOLUTE
    _printf_o                                0x00000000   Number         0  stubs.o ABSOLUTE
    _printf_p                                0x00000000   Number         0  stubs.o ABSOLUTE
    _printf_percent                          0x00000000   Number         0  stubs.o ABSOLUTE
    _printf_pre_padding                      0x00000000   Number         0  stubs.o ABSOLUTE
    _printf_return_value                     0x00000000   Number         0  stubs.o ABSOLUTE
    _printf_s                                0x00000000   Number         0  stubs.o ABSOLUTE
    _printf_sizespec                         0x00000000   Number         0  stubs.o ABSOLUTE
    _printf_str                              0x00000000   Number         0  stubs.o ABSOLUTE
    _printf_truncate_signed                  0x00000000   Number         0  stubs.o ABSOLUTE
    _printf_truncate_unsigned                0x00000000   Number         0  stubs.o ABSOLUTE
    _printf_u                                0x00000000   Number         0  stubs.o ABSOLUTE
    _printf_wc                               0x00000000   Number         0  stubs.o ABSOLUTE
    _printf_wctomb                           0x00000000   Number         0  stubs.o ABSOLUTE
    _printf_widthprec                        0x00000000   Number         0  stubs.o ABSOLUTE
    _printf_x                                0x00000000   Number         0  stubs.o ABSOLUTE
    __arm_fini_                               - Undefined Weak Reference
    __cpp_initialize__aeabi_                  - Undefined Weak Reference
    __cxa_finalize                            - Undefined Weak Reference
    __decompress                              - Undefined Weak Reference
    _clock_init                               - Undefined Weak Reference
    _microlib_exit                            - Undefined Weak Reference
    __main                                   0x000000c1   Thumb Code     0  entry.o(.ARM.Collect$$$$00000000)
    _main_stk                                0x000000c1   Thumb Code     0  entry2.o(.ARM.Collect$$$$00000001)
    _main_scatterload                        0x000000c5   Thumb Code     0  entry5.o(.ARM.Collect$$$$00000004)
    __main_after_scatterload                 0x000000c9   Thumb Code     0  entry5.o(.ARM.Collect$$$$00000004)
    _main_clock                              0x000000c9   Thumb Code     0  entry7b.o(.ARM.Collect$$$$00000008)
    _main_cpp_init                           0x000000c9   Thumb Code     0  entry8b.o(.ARM.Collect$$$$0000000A)
    _main_init                               0x000000c9   Thumb Code     0  entry9a.o(.ARM.Collect$$$$0000000B)
    __rt_lib_shutdown_fini                   0x000000d1   Thumb Code     0  entry12b.o(.ARM.Collect$$$$0000000E)
    __rt_final_cpp                           0x000000d5   Thumb Code     0  entry10a.o(.ARM.Collect$$$$0000000F)
    __rt_final_exit                          0x000000d5   Thumb Code     0  entry11a.o(.ARM.Collect$$$$00000011)
    Reset_Handler                            0x000000d9   Thumb Code     8  startup_cms32m55xx.o(.text)
    Reserved_IRQHandler                      0x000000eb   Thumb Code     2  startup_cms32m55xx.o(.text)
    GPIO1_IRQHandler                         0x000000ed   Thumb Code     0  startup_cms32m55xx.o(.text)
    __aeabi_uidiv                            0x000000f9   Thumb Code     0  uidiv.o(.text)
    __aeabi_uidivmod                         0x000000f9   Thumb Code    44  uidiv.o(.text)
    __scatterload                            0x00000125   Thumb Code    28  init.o(.text)
    __scatterload_rt2                        0x00000125   Thumb Code     0  init.o(.text)
    ACMP_IRQHandler                          0x00000149   Thumb Code     2  isr.o(i.ACMP_IRQHandler)
    ADC0_IRQHandler                          0x0000014b   Thumb Code     2  isr.o(i.ADC0_IRQHandler)
    ADC1_ClearChannelIntFlag                 0x0000014d   Thumb Code    30  adc1.o(i.ADC1_ClearChannelIntFlag)
    ADC1_ConfigRunMode                       0x0000016d   Thumb Code    52  adc1.o(i.ADC1_ConfigRunMode)
    ADC1_EnableAdjust                        0x000001a5   Thumb Code    28  adc1.o(i.ADC1_EnableAdjust)
    ADC1_EnableChannelInt                    0x000001c1   Thumb Code    22  adc1.o(i.ADC1_EnableChannelInt)
    ADC1_EnableEPWMCmp0TiggerChannel         0x000001d7   Thumb Code    22  adc1.o(i.ADC1_EnableEPWMCmp0TiggerChannel)
    ADC1_EnableHardwareTrigger               0x000001ed   Thumb Code    92  adc1.o(i.ADC1_EnableHardwareTrigger)
    ADC1_EnableScanChannel                   0x00000249   Thumb Code    22  adc1.o(i.ADC1_EnableScanChannel)
    ADC1_GetChannelIntFlag                   0x0000025f   Thumb Code    26  adc1.o(i.ADC1_GetChannelIntFlag)
    ADC1_GetResult                           0x00000279   Thumb Code    10  adc1.o(i.ADC1_GetResult)
    ADC1_IRQHandler                          0x00000289   Thumb Code   146  isr.o(i.ADC1_IRQHandler)
    ADC1_SetAN30Channel                      0x00000365   Thumb Code    38  adc1.o(i.ADC1_SetAN30Channel)
    ADC1_Start                               0x0000038b   Thumb Code    28  adc1.o(i.ADC1_Start)
    ADC1_StartAdjust                         0x000003a7   Thumb Code    44  adc1.o(i.ADC1_StartAdjust)
    ADC_Init                                 0x000003d5   Thumb Code    82  adc_config.o(i.ADC_Init)
    CCP_ClearCAPMode1IntFlag                 0x00000431   Thumb Code    20  ccp.o(i.CCP_ClearCAPMode1IntFlag)
    CCP_ClearOverflowIntFlag                 0x00000449   Thumb Code    18  ccp.o(i.CCP_ClearOverflowIntFlag)
    CCP_GetCAPMode1IntFlag                   0x00000461   Thumb Code    28  ccp.o(i.CCP_GetCAPMode1IntFlag)
    CCP_GetOverflowIntFlag                   0x00000481   Thumb Code    26  ccp.o(i.CCP_GetOverflowIntFlag)
    CCP_IRQHandler                           0x000004a1   Thumb Code    68  isr.o(i.CCP_IRQHandler)
    EPWM_AllBrakeDisable                     0x000004e5   Thumb Code    22  epwm.o(i.EPWM_AllBrakeDisable)
    EPWM_ClearPeriodIntFlag                  0x00000501   Thumb Code    20  epwm.o(i.EPWM_ClearPeriodIntFlag)
    EPWM_ConfigChannelClk                    0x00000519   Thumb Code    60  epwm.o(i.EPWM_ConfigChannelClk)
    EPWM_ConfigChannelPeriod                 0x0000055d   Thumb Code    48  epwm.o(i.EPWM_ConfigChannelPeriod)
    EPWM_ConfigChannelSymDuty                0x00000591   Thumb Code    74  epwm.o(i.EPWM_ConfigChannelSymDuty)
    EPWM_ConfigCompareTriger                 0x000005e1   Thumb Code    34  epwm.o(i.EPWM_ConfigCompareTriger)
    EPWM_ConfigLoadAndIntMode                0x00000609   Thumb Code    58  epwm.o(i.EPWM_ConfigLoadAndIntMode)
    EPWM_ConfigRunMode                       0x00000649   Thumb Code    40  epwm.o(i.EPWM_ConfigRunMode)
    EPWM_DisableDeadZone                     0x00000675   Thumb Code   116  epwm.o(i.EPWM_DisableDeadZone)
    EPWM_EnableAutoLoadMode                  0x000006ed   Thumb Code    28  epwm.o(i.EPWM_EnableAutoLoadMode)
    EPWM_EnableOutput                        0x0000070d   Thumb Code    20  epwm.o(i.EPWM_EnableOutput)
    EPWM_EnablePeriodInt                     0x00000725   Thumb Code    24  epwm.o(i.EPWM_EnablePeriodInt)
    EPWM_EnableReverseOutput                 0x00000741   Thumb Code    30  epwm.o(i.EPWM_EnableReverseOutput)
    EPWM_GetPeriodIntFlag                    0x00000765   Thumb Code    28  epwm.o(i.EPWM_GetPeriodIntFlag)
    EPWM_IRQHandler                          0x00000785   Thumb Code    20  isr.o(i.EPWM_IRQHandler)
    EPWM_Init                                0x00000799   Thumb Code   322  epwm_config.o(i.EPWM_Init)
    EPWM_Start                               0x000008e1   Thumb Code    28  epwm.o(i.EPWM_Start)
    GPIO0_IRQHandler                         0x00000901   Thumb Code     2  isr.o(i.GPIO0_IRQHandler)
    GPIO2_IRQHandler                         0x00000903   Thumb Code     2  isr.o(i.GPIO2_IRQHandler)
    GPIO3_IRQHandler                         0x00000905   Thumb Code     2  isr.o(i.GPIO3_IRQHandler)
    GPIO4_IRQHandler                         0x00000907   Thumb Code     2  isr.o(i.GPIO4_IRQHandler)
    HardFault_Handler                        0x00000909   Thumb Code     2  isr.o(i.HardFault_Handler)
    HardwareInit                             0x0000090b   Thumb Code    20  main.o(i.HardwareInit)
    I2C0_IRQHandler                          0x0000091f   Thumb Code     2  isr.o(i.I2C0_IRQHandler)
    NMI_Handler                              0x00000921   Thumb Code     2  isr.o(i.NMI_Handler)
    NVIC_Init                                0x00000939   Thumb Code    74  main.o(i.NVIC_Init)
    PendSV_Handler                           0x000009fd   Thumb Code     2  isr.o(i.PendSV_Handler)
    SSP0_IRQHandler                          0x000009ff   Thumb Code     2  isr.o(i.SSP0_IRQHandler)
    SVC_Handler                              0x00000a01   Thumb Code     2  isr.o(i.SVC_Handler)
    SYS_CHK_IRQHandler                       0x00000a03   Thumb Code     2  isr.o(i.SYS_CHK_IRQHandler)
    SYS_ConfigAHBClock                       0x00000a05   Thumb Code    44  system.o(i.SYS_ConfigAHBClock)
    SYS_ConfigAPBClock                       0x00000a39   Thumb Code     8  system.o(i.SYS_ConfigAPBClock)
    SYS_ConfigHSI                            0x00000a41   Thumb Code    32  system.o(i.SYS_ConfigHSI)
    SYS_EnableHSI                            0x00000a65   Thumb Code    24  system.o(i.SYS_EnableHSI)
    SYS_EnablePeripheralClk                  0x00000a81   Thumb Code    16  system.o(i.SYS_EnablePeripheralClk)
    SYS_GetHSIState                          0x00000a91   Thumb Code    12  system.o(i.SYS_GetHSIState)
    SoftwareInit                             0x00000a9d   Thumb Code     2  main.o(i.SoftwareInit)
    SysTick_Handler                          0x00000a9f   Thumb Code     2  isr.o(i.SysTick_Handler)
    SystemCoreClockUpdate                    0x00000aa1   Thumb Code   150  system_cms32m55xx.o(i.SystemCoreClockUpdate)
    SystemInit                               0x00000b55   Thumb Code     8  system_cms32m55xx.o(i.SystemInit)
    System_Init                              0x00000b5d   Thumb Code    72  system_config.o(i.System_Init)
    TIMER0_IRQHandler                        0x00000ba9   Thumb Code     2  isr.o(i.TIMER0_IRQHandler)
    TIMER1_IRQHandler                        0x00000bab   Thumb Code     2  isr.o(i.TIMER1_IRQHandler)
    UART0_IRQHandler                         0x00000bad   Thumb Code     2  isr.o(i.UART0_IRQHandler)
    UART1_IRQHandler                         0x00000bb1   Thumb Code   142  uart_config.o(i.UART1_IRQHandler)
    UART_ConfigRunMode                       0x00000c59   Thumb Code    50  uart.o(i.UART_ConfigRunMode)
    UART_EnableAuto                          0x00000c91   Thumb Code    10  uart.o(i.UART_EnableAuto)
    UART_EnableFIFO                          0x00000c9b   Thumb Code    24  uart.o(i.UART_EnableFIFO)
    UART_EnableRBRInt                        0x00000cb3   Thumb Code    10  uart.o(i.UART_EnableRBRInt)
    UART_EnableTHREInt                       0x00000cbd   Thumb Code    10  uart.o(i.UART_EnableTHREInt)
    UART_Init                                0x00000cc9   Thumb Code    94  uart_config.o(i.UART_Init)
    UART_ReadRBR                             0x00000d2d   Thumb Code     6  uart.o(i.UART_ReadRBR)
    WDT_IRQHandler                           0x00000d33   Thumb Code     2  isr.o(i.WDT_IRQHandler)
    WWDT_IRQHandler                          0x00000d35   Thumb Code     2  isr.o(i.WWDT_IRQHandler)
    __0printf$1                              0x00000d39   Thumb Code    24  printf1.o(i.__0printf$1)
    __1printf$1                              0x00000d39   Thumb Code     0  printf1.o(i.__0printf$1)
    __2printf                                0x00000d39   Thumb Code     0  printf1.o(i.__0printf$1)
    __ARM_common_switch8                     0x00000d59   Thumb Code    28  uart_config.o(i.__ARM_common_switch8)
    __scatterload_copy                       0x00000d75   Thumb Code    14  handlers.o(i.__scatterload_copy)
    __scatterload_null                       0x00000d83   Thumb Code     2  handlers.o(i.__scatterload_null)
    __scatterload_zeroinit                   0x00000d85   Thumb Code    14  handlers.o(i.__scatterload_zeroinit)
    fputc                                    0x00000ee5   Thumb Code    52  retarget.o(i.fputc)
    main                                     0x00000f19   Thumb Code    16  main.o(i.main)
    Region$$Table$$Base                      0x00000f28   Number         0  anon$$obj.o(Region$$Table)
    Region$$Table$$Limit                     0x00000f48   Number         0  anon$$obj.o(Region$$Table)
    CaptureTime                              0x20000000   Data           4  isr.o(.data)
    CaptureValue1                            0x20000004   Data           4  isr.o(.data)
    CaptureValue2                            0x20000008   Data           4  isr.o(.data)
    CaptureCount                             0x2000000c   Data           4  isr.o(.data)
    OverFlowFlag                             0x20000010   Data           4  isr.o(.data)
    ADCFlag                                  0x20000014   Data           1  isr.o(.data)
    CMPD                                     0x20000018   Data           4  isr.o(.data)
    ADC8                                     0x2000001c   Data           4  isr.o(.data)
    __stdout                                 0x20000020   Data           4  retarget.o(.data)
    __stdin                                  0x20000024   Data           4  retarget.o(.data)
    U_RxdFlag                                0x20000028   Data           4  uart_config.o(.data)
    U_TxdFlag                                0x2000002c   Data           4  uart_config.o(.data)
    SystemCoreClock                          0x2000003c   Data           4  system_cms32m55xx.o(.data)
    SystemAPBClock                           0x20000040   Data           4  system_cms32m55xx.o(.data)
    CyclesPerUs                              0x20000044   Data           4  system_cms32m55xx.o(.data)
    U_ReceiveData                            0x20000048   Data          16  uart_config.o(.bss)
    U_SendData                               0x20000058   Data          16  uart_config.o(.bss)
    __initial_sp                             0x20000868   Data           0  startup_cms32m55xx.o(STACK)



==============================================================================

Memory Map of the image

  Image Entry point : 0x000000c1

  Load Region LR_IROM1 (Base: 0x00000000, Size: 0x00000f90, Max: 0x00008000, ABSOLUTE)

    Execution Region ER_IROM1 (Exec base: 0x00000000, Load base: 0x00000000, Size: 0x00000f48, Max: 0x00008000, ABSOLUTE)

    Exec Addr    Load Addr    Size         Type   Attr      Idx    E Section Name        Object

    0x00000000   0x00000000   0x000000c0   Data   RO          714    RESET               startup_cms32m55xx.o
    0x000000c0   0x000000c0   0x00000000   Code   RO         3047  * .ARM.Collect$$$$00000000  mc_p.l(entry.o)
    0x000000c0   0x000000c0   0x00000004   Code   RO         3315    .ARM.Collect$$$$00000001  mc_p.l(entry2.o)
    0x000000c4   0x000000c4   0x00000004   Code   RO         3318    .ARM.Collect$$$$00000004  mc_p.l(entry5.o)
    0x000000c8   0x000000c8   0x00000000   Code   RO         3320    .ARM.Collect$$$$00000008  mc_p.l(entry7b.o)
    0x000000c8   0x000000c8   0x00000000   Code   RO         3322    .ARM.Collect$$$$0000000A  mc_p.l(entry8b.o)
    0x000000c8   0x000000c8   0x00000008   Code   RO         3323    .ARM.Collect$$$$0000000B  mc_p.l(entry9a.o)
    0x000000d0   0x000000d0   0x00000004   Code   RO         3330    .ARM.Collect$$$$0000000E  mc_p.l(entry12b.o)
    0x000000d4   0x000000d4   0x00000000   Code   RO         3325    .ARM.Collect$$$$0000000F  mc_p.l(entry10a.o)
    0x000000d4   0x000000d4   0x00000000   Code   RO         3327    .ARM.Collect$$$$00000011  mc_p.l(entry11a.o)
    0x000000d4   0x000000d4   0x00000004   Code   RO         3316    .ARM.Collect$$$$00002712  mc_p.l(entry2.o)
    0x000000d8   0x000000d8   0x00000020   Code   RO          715    .text               startup_cms32m55xx.o
    0x000000f8   0x000000f8   0x0000002c   Code   RO         3050    .text               mc_p.l(uidiv.o)
    0x00000124   0x00000124   0x00000024   Code   RO         3344    .text               mc_p.l(init.o)
    0x00000148   0x00000148   0x00000002   Code   RO            3    i.ACMP_IRQHandler   isr.o
    0x0000014a   0x0000014a   0x00000002   Code   RO            4    i.ADC0_IRQHandler   isr.o
    0x0000014c   0x0000014c   0x0000001e   Code   RO         1008    i.ADC1_ClearChannelIntFlag  adc1.o
    0x0000016a   0x0000016a   0x00000002   PAD
    0x0000016c   0x0000016c   0x00000038   Code   RO         1012    i.ADC1_ConfigRunMode  adc1.o
    0x000001a4   0x000001a4   0x0000001c   Code   RO         1019    i.ADC1_EnableAdjust  adc1.o
    0x000001c0   0x000001c0   0x00000016   Code   RO         1020    i.ADC1_EnableChannelInt  adc1.o
    0x000001d6   0x000001d6   0x00000016   Code   RO         1023    i.ADC1_EnableEPWMCmp0TiggerChannel  adc1.o
    0x000001ec   0x000001ec   0x0000005c   Code   RO         1024    i.ADC1_EnableHardwareTrigger  adc1.o
    0x00000248   0x00000248   0x00000016   Code   RO         1026    i.ADC1_EnableScanChannel  adc1.o
    0x0000025e   0x0000025e   0x0000001a   Code   RO         1028    i.ADC1_GetChannelIntFlag  adc1.o
    0x00000278   0x00000278   0x00000010   Code   RO         1032    i.ADC1_GetResult    adc1.o
    0x00000288   0x00000288   0x000000dc   Code   RO            5    i.ADC1_IRQHandler   isr.o
    0x00000364   0x00000364   0x00000026   Code   RO         1033    i.ADC1_SetAN30Channel  adc1.o
    0x0000038a   0x0000038a   0x0000001c   Code   RO         1034    i.ADC1_Start        adc1.o
    0x000003a6   0x000003a6   0x0000002c   Code   RO         1035    i.ADC1_StartAdjust  adc1.o
    0x000003d2   0x000003d2   0x00000002   PAD
    0x000003d4   0x000003d4   0x0000005c   Code   RO          508    i.ADC_Init          adc_config.o
    0x00000430   0x00000430   0x00000018   Code   RO         1202    i.CCP_ClearCAPMode1IntFlag  ccp.o
    0x00000448   0x00000448   0x00000018   Code   RO         1204    i.CCP_ClearOverflowIntFlag  ccp.o
    0x00000460   0x00000460   0x00000020   Code   RO         1229    i.CCP_GetCAPMode1IntFlag  ccp.o
    0x00000480   0x00000480   0x00000020   Code   RO         1232    i.CCP_GetOverflowIntFlag  ccp.o
    0x000004a0   0x000004a0   0x00000044   Code   RO            6    i.CCP_IRQHandler    isr.o
    0x000004e4   0x000004e4   0x0000001c   Code   RO         1469    i.EPWM_AllBrakeDisable  epwm.o
    0x00000500   0x00000500   0x00000018   Code   RO         1476    i.EPWM_ClearPeriodIntFlag  epwm.o
    0x00000518   0x00000518   0x00000044   Code   RO         1480    i.EPWM_ConfigChannelClk  epwm.o
    0x0000055c   0x0000055c   0x00000034   Code   RO         1481    i.EPWM_ConfigChannelPeriod  epwm.o
    0x00000590   0x00000590   0x00000050   Code   RO         1482    i.EPWM_ConfigChannelSymDuty  epwm.o
    0x000005e0   0x000005e0   0x00000028   Code   RO         1483    i.EPWM_ConfigCompareTriger  epwm.o
    0x00000608   0x00000608   0x00000040   Code   RO         1485    i.EPWM_ConfigLoadAndIntMode  epwm.o
    0x00000648   0x00000648   0x0000002c   Code   RO         1486    i.EPWM_ConfigRunMode  epwm.o
    0x00000674   0x00000674   0x00000078   Code   RO         1491    i.EPWM_DisableDeadZone  epwm.o
    0x000006ec   0x000006ec   0x00000020   Code   RO         1503    i.EPWM_EnableAutoLoadMode  epwm.o
    0x0000070c   0x0000070c   0x00000018   Code   RO         1515    i.EPWM_EnableOutput  epwm.o
    0x00000724   0x00000724   0x0000001c   Code   RO         1516    i.EPWM_EnablePeriodInt  epwm.o
    0x00000740   0x00000740   0x00000024   Code   RO         1517    i.EPWM_EnableReverseOutput  epwm.o
    0x00000764   0x00000764   0x00000020   Code   RO         1528    i.EPWM_GetPeriodIntFlag  epwm.o
    0x00000784   0x00000784   0x00000014   Code   RO            7    i.EPWM_IRQHandler   isr.o
    0x00000798   0x00000798   0x00000148   Code   RO          548    i.EPWM_Init         epwm_config.o
    0x000008e0   0x000008e0   0x00000020   Code   RO         1531    i.EPWM_Start        epwm.o
    0x00000900   0x00000900   0x00000002   Code   RO            8    i.GPIO0_IRQHandler  isr.o
    0x00000902   0x00000902   0x00000002   Code   RO            9    i.GPIO2_IRQHandler  isr.o
    0x00000904   0x00000904   0x00000002   Code   RO           10    i.GPIO3_IRQHandler  isr.o
    0x00000906   0x00000906   0x00000002   Code   RO           11    i.GPIO4_IRQHandler  isr.o
    0x00000908   0x00000908   0x00000002   Code   RO           12    i.HardFault_Handler  isr.o
    0x0000090a   0x0000090a   0x00000014   Code   RO          292    i.HardwareInit      main.o
    0x0000091e   0x0000091e   0x00000002   Code   RO           13    i.I2C0_IRQHandler   isr.o
    0x00000920   0x00000920   0x00000002   Code   RO           14    i.NMI_Handler       isr.o
    0x00000922   0x00000922   0x00000002   PAD
    0x00000924   0x00000924   0x00000014   Code   RO          293    i.NVIC_EnableIRQ    main.o
    0x00000938   0x00000938   0x0000004a   Code   RO          294    i.NVIC_Init         main.o
    0x00000982   0x00000982   0x00000002   PAD
    0x00000984   0x00000984   0x00000078   Code   RO          295    i.NVIC_SetPriority  main.o
    0x000009fc   0x000009fc   0x00000002   Code   RO           15    i.PendSV_Handler    isr.o
    0x000009fe   0x000009fe   0x00000002   Code   RO           16    i.SSP0_IRQHandler   isr.o
    0x00000a00   0x00000a00   0x00000002   Code   RO           17    i.SVC_Handler       isr.o
    0x00000a02   0x00000a02   0x00000002   Code   RO           18    i.SYS_CHK_IRQHandler  isr.o
    0x00000a04   0x00000a04   0x00000034   Code   RO         2410    i.SYS_ConfigAHBClock  system.o
    0x00000a38   0x00000a38   0x00000008   Code   RO         2411    i.SYS_ConfigAPBClock  system.o
    0x00000a40   0x00000a40   0x00000024   Code   RO         2413    i.SYS_ConfigHSI     system.o
    0x00000a64   0x00000a64   0x0000001c   Code   RO         2423    i.SYS_EnableHSI     system.o
    0x00000a80   0x00000a80   0x00000010   Code   RO         2426    i.SYS_EnablePeripheralClk  system.o
    0x00000a90   0x00000a90   0x0000000c   Code   RO         2433    i.SYS_GetHSIState   system.o
    0x00000a9c   0x00000a9c   0x00000002   Code   RO          296    i.SoftwareInit      main.o
    0x00000a9e   0x00000a9e   0x00000002   Code   RO           19    i.SysTick_Handler   isr.o
    0x00000aa0   0x00000aa0   0x000000b4   Code   RO          682    i.SystemCoreClockUpdate  system_cms32m55xx.o
    0x00000b54   0x00000b54   0x00000008   Code   RO          683    i.SystemInit        system_cms32m55xx.o
    0x00000b5c   0x00000b5c   0x0000004c   Code   RO          659    i.System_Init       system_config.o
    0x00000ba8   0x00000ba8   0x00000002   Code   RO           20    i.TIMER0_IRQHandler  isr.o
    0x00000baa   0x00000baa   0x00000002   Code   RO           21    i.TIMER1_IRQHandler  isr.o
    0x00000bac   0x00000bac   0x00000002   Code   RO           22    i.UART0_IRQHandler  isr.o
    0x00000bae   0x00000bae   0x00000002   PAD
    0x00000bb0   0x00000bb0   0x000000a8   Code   RO          593    i.UART1_IRQHandler  uart_config.o
    0x00000c58   0x00000c58   0x00000038   Code   RO         2689    i.UART_ConfigRunMode  uart.o
    0x00000c90   0x00000c90   0x0000000a   Code   RO         2702    i.UART_EnableAuto   uart.o
    0x00000c9a   0x00000c9a   0x00000018   Code   RO         2705    i.UART_EnableFIFO   uart.o
    0x00000cb2   0x00000cb2   0x0000000a   Code   RO         2707    i.UART_EnableRBRInt  uart.o
    0x00000cbc   0x00000cbc   0x0000000a   Code   RO         2711    i.UART_EnableTHREInt  uart.o
    0x00000cc6   0x00000cc6   0x00000002   PAD
    0x00000cc8   0x00000cc8   0x00000064   Code   RO          594    i.UART_Init         uart_config.o
    0x00000d2c   0x00000d2c   0x00000006   Code   RO         2718    i.UART_ReadRBR      uart.o
    0x00000d32   0x00000d32   0x00000002   Code   RO           23    i.WDT_IRQHandler    isr.o
    0x00000d34   0x00000d34   0x00000002   Code   RO           24    i.WWDT_IRQHandler   isr.o
    0x00000d36   0x00000d36   0x00000002   PAD
    0x00000d38   0x00000d38   0x00000020   Code   RO         3099    i.__0printf$1       mc_p.l(printf1.o)
    0x00000d58   0x00000d58   0x0000001c   Code   RO          649    i.__ARM_common_switch8  uart_config.o
    0x00000d74   0x00000d74   0x0000000e   Code   RO         3358    i.__scatterload_copy  mc_p.l(handlers.o)
    0x00000d82   0x00000d82   0x00000002   Code   RO         3359    i.__scatterload_null  mc_p.l(handlers.o)
    0x00000d84   0x00000d84   0x0000000e   Code   RO         3360    i.__scatterload_zeroinit  mc_p.l(handlers.o)
    0x00000d92   0x00000d92   0x00000002   PAD
    0x00000d94   0x00000d94   0x00000150   Code   RO         3106    i._printf_core      mc_p.l(printf1.o)
    0x00000ee4   0x00000ee4   0x00000034   Code   RO          455    i.fputc             retarget.o
    0x00000f18   0x00000f18   0x00000010   Code   RO          297    i.main              main.o
    0x00000f28   0x00000f28   0x00000020   Data   RO         3356    Region$$Table       anon$$obj.o


    Execution Region RW_IRAM1 (Exec base: 0x20000000, Load base: 0x00000f48, Size: 0x00000868, Max: 0x00002000, ABSOLUTE)

    Exec Addr    Load Addr    Size         Type   Attr      Idx    E Section Name        Object

    0x20000000   0x00000f48   0x00000020   Data   RW           25    .data               isr.o
    0x20000020   0x00000f68   0x00000008   Data   RW          456    .data               retarget.o
    0x20000028   0x00000f70   0x00000014   Data   RW          597    .data               uart_config.o
    0x2000003c   0x00000f84   0x0000000c   Data   RW          684    .data               system_cms32m55xx.o
    0x20000048        -       0x00000020   Zero   RW          596    .bss                uart_config.o
    0x20000068        -       0x00000800   Zero   RW          712    STACK               startup_cms32m55xx.o


==============================================================================

Image component sizes


      Code (inc. data)   RO Data    RW Data    ZI Data      Debug   Object Name

       424         10          0          0          0       5997   adc1.o
        92         10          0          0          0        491   adc_config.o
       112         20          0          0          0       2056   ccp.o
       704         74          0          0          0       7820   epwm.o
       328          6          0          0          0        616   epwm_config.o
       346         74          0         32          0      62265   isr.o
       252         16          0          0          0       8253   main.o
        52          0          0          8          0       2374   retarget.o
        32         10        192          0       2048        696   startup_cms32m55xx.o
       152         16          0          0          0       2978   system.o
       188         30          0         12          0       1378   system_cms32m55xx.o
        76          4          0          0          0      13114   system_config.o
       116          6          0          0          0       3605   uart.o
       296         42          0         20         32       1866   uart_config.o

    ----------------------------------------------------------------------
      3184        318        224         72       2080     113509   Object Totals
         0          0         32          0          0          0   (incl. Generated)
        14          0          0          0          0          0   (incl. Padding)

    ----------------------------------------------------------------------

      Code (inc. data)   RO Data    RW Data    ZI Data      Debug   Library Member Name

         0          0          0          0          0          0   entry.o
         0          0          0          0          0          0   entry10a.o
         0          0          0          0          0          0   entry11a.o
         4          0          0          0          0          0   entry12b.o
         8          4          0          0          0          0   entry2.o
         4          0          0          0          0          0   entry5.o
         0          0          0          0          0          0   entry7b.o
         0          0          0          0          0          0   entry8b.o
         8          4          0          0          0          0   entry9a.o
        30          0          0          0          0          0   handlers.o
        36          8          0          0          0         68   init.o
       368         12          0          0          0        168   printf1.o
        44          0          0          0          0         72   uidiv.o

    ----------------------------------------------------------------------
       504         28          0          0          0        308   Library Totals
         2          0          0          0          0          0   (incl. Padding)

    ----------------------------------------------------------------------

      Code (inc. data)   RO Data    RW Data    ZI Data      Debug   Library Name

       502         28          0          0          0        308   mc_p.l

    ----------------------------------------------------------------------
       504         28          0          0          0        308   Library Totals

    ----------------------------------------------------------------------

==============================================================================


      Code (inc. data)   RO Data    RW Data    ZI Data      Debug   

      3688        346        224         72       2080     110581   Grand Totals
      3688        346        224         72       2080     110581   ELF Image Totals
      3688        346        224         72          0          0   ROM Totals

==============================================================================

    Total RO  Size (Code + RO Data)                 3912 (   3.82kB)
    Total RW  Size (RW Data + ZI Data)              2152 (   2.10kB)
    Total ROM Size (Code + RO Data + RW Data)       3984 (   3.89kB)

==============================================================================

